Archive member included to satisfy reference by file (symbol)

c:/st/stm32cubeide_1.8.0/stm32cubeide/plugins/com.st.stm32cube.ide.mcu.externaltools.gnu-tools-for-stm32.10.3-2021.10.win32_1.0.100.202210260954/tools/bin/../lib/gcc/arm-none-eabi/10.3.1/../../../../arm-none-eabi/lib/thumb/v7e-m+fp/hard\libc_nano.a(lib_a-errno.o)
                              ./Core/Src/syscalls.o (__errno)
c:/st/stm32cubeide_1.8.0/stm32cubeide/plugins/com.st.stm32cube.ide.mcu.externaltools.gnu-tools-for-stm32.10.3-2021.10.win32_1.0.100.202210260954/tools/bin/../lib/gcc/arm-none-eabi/10.3.1/../../../../arm-none-eabi/lib/thumb/v7e-m+fp/hard\libc_nano.a(lib_a-exit.o)
                              c:/st/stm32cubeide_1.8.0/stm32cubeide/plugins/com.st.stm32cube.ide.mcu.externaltools.gnu-tools-for-stm32.10.3-2021.10.win32_1.0.100.202210260954/tools/bin/../lib/gcc/arm-none-eabi/10.3.1/../../../../arm-none-eabi/lib/thumb/v7e-m+fp/hard/crt0.o (exit)
c:/st/stm32cubeide_1.8.0/stm32cubeide/plugins/com.st.stm32cube.ide.mcu.externaltools.gnu-tools-for-stm32.10.3-2021.10.win32_1.0.100.202210260954/tools/bin/../lib/gcc/arm-none-eabi/10.3.1/../../../../arm-none-eabi/lib/thumb/v7e-m+fp/hard\libc_nano.a(lib_a-impure.o)
                              c:/st/stm32cubeide_1.8.0/stm32cubeide/plugins/com.st.stm32cube.ide.mcu.externaltools.gnu-tools-for-stm32.10.3-2021.10.win32_1.0.100.202210260954/tools/bin/../lib/gcc/arm-none-eabi/10.3.1/../../../../arm-none-eabi/lib/thumb/v7e-m+fp/hard\libc_nano.a(lib_a-exit.o) (_global_impure_ptr)
c:/st/stm32cubeide_1.8.0/stm32cubeide/plugins/com.st.stm32cube.ide.mcu.externaltools.gnu-tools-for-stm32.10.3-2021.10.win32_1.0.100.202210260954/tools/bin/../lib/gcc/arm-none-eabi/10.3.1/../../../../arm-none-eabi/lib/thumb/v7e-m+fp/hard\libc_nano.a(lib_a-init.o)
                              c:/st/stm32cubeide_1.8.0/stm32cubeide/plugins/com.st.stm32cube.ide.mcu.externaltools.gnu-tools-for-stm32.10.3-2021.10.win32_1.0.100.202210260954/tools/bin/../lib/gcc/arm-none-eabi/10.3.1/../../../../arm-none-eabi/lib/thumb/v7e-m+fp/hard/crt0.o (__libc_init_array)
c:/st/stm32cubeide_1.8.0/stm32cubeide/plugins/com.st.stm32cube.ide.mcu.externaltools.gnu-tools-for-stm32.10.3-2021.10.win32_1.0.100.202210260954/tools/bin/../lib/gcc/arm-none-eabi/10.3.1/../../../../arm-none-eabi/lib/thumb/v7e-m+fp/hard\libc_nano.a(lib_a-itoa.o)
                              ./Core/Src/Save_Data.o (itoa)
c:/st/stm32cubeide_1.8.0/stm32cubeide/plugins/com.st.stm32cube.ide.mcu.externaltools.gnu-tools-for-stm32.10.3-2021.10.win32_1.0.100.202210260954/tools/bin/../lib/gcc/arm-none-eabi/10.3.1/../../../../arm-none-eabi/lib/thumb/v7e-m+fp/hard\libc_nano.a(lib_a-malloc.o)
                              ./Core/Src/Save_Data.o (malloc)
c:/st/stm32cubeide_1.8.0/stm32cubeide/plugins/com.st.stm32cube.ide.mcu.externaltools.gnu-tools-for-stm32.10.3-2021.10.win32_1.0.100.202210260954/tools/bin/../lib/gcc/arm-none-eabi/10.3.1/../../../../arm-none-eabi/lib/thumb/v7e-m+fp/hard\libc_nano.a(lib_a-memcpy-stub.o)
                              ./Core/Src/ring.o (memcpy)
c:/st/stm32cubeide_1.8.0/stm32cubeide/plugins/com.st.stm32cube.ide.mcu.externaltools.gnu-tools-for-stm32.10.3-2021.10.win32_1.0.100.202210260954/tools/bin/../lib/gcc/arm-none-eabi/10.3.1/../../../../arm-none-eabi/lib/thumb/v7e-m+fp/hard\libc_nano.a(lib_a-memset.o)
                              c:/st/stm32cubeide_1.8.0/stm32cubeide/plugins/com.st.stm32cube.ide.mcu.externaltools.gnu-tools-for-stm32.10.3-2021.10.win32_1.0.100.202210260954/tools/bin/../lib/gcc/arm-none-eabi/10.3.1/../../../../arm-none-eabi/lib/thumb/v7e-m+fp/hard/crt0.o (memset)
c:/st/stm32cubeide_1.8.0/stm32cubeide/plugins/com.st.stm32cube.ide.mcu.externaltools.gnu-tools-for-stm32.10.3-2021.10.win32_1.0.100.202210260954/tools/bin/../lib/gcc/arm-none-eabi/10.3.1/../../../../arm-none-eabi/lib/thumb/v7e-m+fp/hard\libc_nano.a(lib_a-nano-freer.o)
                              c:/st/stm32cubeide_1.8.0/stm32cubeide/plugins/com.st.stm32cube.ide.mcu.externaltools.gnu-tools-for-stm32.10.3-2021.10.win32_1.0.100.202210260954/tools/bin/../lib/gcc/arm-none-eabi/10.3.1/../../../../arm-none-eabi/lib/thumb/v7e-m+fp/hard\libc_nano.a(lib_a-malloc.o) (_free_r)
c:/st/stm32cubeide_1.8.0/stm32cubeide/plugins/com.st.stm32cube.ide.mcu.externaltools.gnu-tools-for-stm32.10.3-2021.10.win32_1.0.100.202210260954/tools/bin/../lib/gcc/arm-none-eabi/10.3.1/../../../../arm-none-eabi/lib/thumb/v7e-m+fp/hard\libc_nano.a(lib_a-nano-mallocr.o)
                              c:/st/stm32cubeide_1.8.0/stm32cubeide/plugins/com.st.stm32cube.ide.mcu.externaltools.gnu-tools-for-stm32.10.3-2021.10.win32_1.0.100.202210260954/tools/bin/../lib/gcc/arm-none-eabi/10.3.1/../../../../arm-none-eabi/lib/thumb/v7e-m+fp/hard\libc_nano.a(lib_a-malloc.o) (_malloc_r)
[...]
Memory Configuration

Name             Origin             Length             Attributes
RAM              0x0000000020000000 0x0000000000004000 xrw
FLASH            0x0000000008000000 0x0000000000010000 xr
*default*        0x0000000000000000 0xffffffffffffffff

Linker script and memory map

LOAD c:/st/stm32cubeide_1.8.0/stm32cubeide/plugins/com.st.stm32cube.ide.mcu.externaltools.gnu-tools-for-stm32.10.3-2021.10.win32_1.0.100.202210260954/tools/bin/../lib/gcc/arm-none-eabi/10.3.1/thumb/v7e-m+fp/hard/crti.o
LOAD c:/st/stm32cubeide_1.8.0/stm32cubeide/plugins/com.st.stm32cube.ide.mcu.externaltools.gnu-tools-for-stm32.10.3-2021.10.win32_1.0.100.202210260954/tools/bin/../lib/gcc/arm-none-eabi/10.3.1/thumb/v7e-m+fp/hard/crtbegin.o
LOAD c:/st/stm32cubeide_1.8.0/stm32cubeide/plugins/com.st.stm32cube.ide.mcu.externaltools.gnu-tools-for-stm32.10.3-2021.10.win32_1.0.100.202210260954/tools/bin/../lib/gcc/arm-none-eabi/10.3.1/../../../../arm-none-eabi/lib/thumb/v7e-m+fp/hard/crt0.o
LOAD ./Core/Src/Interrupt_Services.o
LOAD ./Core/Src/Save_Data.o
LOAD ./Core/Src/TCP_IP.o
LOAD ./Core/Src/dhcp.o
LOAD ./Core/Src/event.o
LOAD ./Core/Src/main.o
LOAD ./Core/Src/ring.o
LOAD ./Core/Src/socket.o
LOAD ./Core/Src/state.o
LOAD ./Core/Src/state_Handler.o
LOAD ./Core/Src/stm32f3xx_hal_msp.o
LOAD ./Core/Src/stm32f3xx_it.o
LOAD ./Core/Src/syscalls.o
LOAD ./Core/Src/sysmem.o
LOAD ./Core/Src/system_stm32f3xx.o
LOAD ./Core/Src/w5500.o
LOAD ./Core/Src/wizchip_conf.o
LOAD ./Core/Startup/startup_stm32f301c8tx.o
LOAD ./Drivers/STM32F3xx_HAL_Driver/Src/stm32f3xx_hal.o
LOAD ./Drivers/STM32F3xx_HAL_Driver/Src/stm32f3xx_hal_cortex.o
LOAD ./Drivers/STM32F3xx_HAL_Driver/Src/stm32f3xx_hal_dma.o
LOAD ./Drivers/STM32F3xx_HAL_Driver/Src/stm32f3xx_hal_exti.o
LOAD ./Drivers/STM32F3xx_HAL_Driver/Src/stm32f3xx_hal_flash.o
LOAD ./Drivers/STM32F3xx_HAL_Driver/Src/stm32f3xx_hal_flash_ex.o
LOAD ./Drivers/STM32F3xx_HAL_Driver/Src/stm32f3xx_hal_gpio.o
LOAD ./Drivers/STM32F3xx_HAL_Driver/Src/stm32f3xx_hal_i2c.o
LOAD ./Drivers/STM32F3xx_HAL_Driver/Src/stm32f3xx_hal_i2c_ex.o
LOAD ./Drivers/STM32F3xx_HAL_Driver/Src/stm32f3xx_hal_pwr.o
LOAD ./Drivers/STM32F3xx_HAL_Driver/Src/stm32f3xx_hal_pwr_ex.o
LOAD ./Drivers/STM32F3xx_HAL_Driver/Src/stm32f3xx_hal_rcc.o
LOAD ./Drivers/STM32F3xx_HAL_Driver/Src/stm32f3xx_hal_rcc_ex.o
LOAD ./Drivers/STM32F3xx_HAL_Driver/Src/stm32f3xx_hal_rtc.o
LOAD ./Drivers/STM32F3xx_HAL_Driver/Src/stm32f3xx_hal_rtc_ex.o
LOAD ./Drivers/STM32F3xx_HAL_Driver/Src/stm32f3xx_hal_spi.o
LOAD ./Drivers/STM32F3xx_HAL_Driver/Src/stm32f3xx_hal_spi_ex.o
LOAD ./Drivers/STM32F3xx_HAL_Driver/Src/stm32f3xx_hal_tim.o
LOAD ./Drivers/STM32F3xx_HAL_Driver/Src/stm32f3xx_hal_tim_ex.o
LOAD ./Drivers/STM32F3xx_HAL_Driver/Src/stm32f3xx_hal_uart.o
LOAD ./Drivers/STM32F3xx_HAL_Driver/Src/stm32f3xx_hal_uart_ex.o
START GROUP
LOAD c:/st/stm32cubeide_1.8.0/stm32cubeide/plugins/com.st.stm32cube.ide.mcu.externaltools.gnu-tools-for-stm32.10.3-2021.10.win32_1.0.100.202210260954/tools/bin/../lib/gcc/arm-none-eabi/10.3.1/../../../../arm-none-eabi/lib/thumb/v7e-m+fp/hard\libc_nano.a
LOAD c:/st/stm32cubeide_1.8.0/stm32cubeide/plugins/com.st.stm32cube.ide.mcu.externaltools.gnu-tools-for-stm32.10.3-2021.10.win32_1.0.100.202210260954/tools/bin/../lib/gcc/arm-none-eabi/10.3.1/../../../../arm-none-eabi/lib/thumb/v7e-m+fp/hard\libm.a
END GROUP
START GROUP
LOAD c:/st/stm32cubeide_1.8.0/stm32cubeide/plugins/com.st.stm32cube.ide.mcu.externaltools.gnu-tools-for-stm32.10.3-2021.10.win32_1.0.100.202210260954/tools/bin/../lib/gcc/arm-none-eabi/10.3.1/thumb/v7e-m+fp/hard\libgcc.a
LOAD c:/st/stm32cubeide_1.8.0/stm32cubeide/plugins/com.st.stm32cube.ide.mcu.externaltools.gnu-tools-for-stm32.10.3-2021.10.win32_1.0.100.202210260954/tools/bin/../lib/gcc/arm-none-eabi/10.3.1/../../../../arm-none-eabi/lib/thumb/v7e-m+fp/hard\libc_nano.a
END GROUP
START GROUP
LOAD c:/st/stm32cubeide_1.8.0/stm32cubeide/plugins/com.st.stm32cube.ide.mcu.externaltools.gnu-tools-for-stm32.10.3-2021.10.win32_1.0.100.202210260954/tools/bin/../lib/gcc/arm-none-eabi/10.3.1/thumb/v7e-m+fp/hard\libgcc.a
LOAD c:/st/stm32cubeide_1.8.0/stm32cubeide/plugins/com.st.stm32cube.ide.mcu.externaltools.gnu-tools-for-stm32.10.3-2021.10.win32_1.0.100.202210260954/tools/bin/../lib/gcc/arm-none-eabi/10.3.1/../../../../arm-none-eabi/lib/thumb/v7e-m+fp/hard\libc_nano.a
LOAD c:/st/stm32cubeide_1.8.0/stm32cubeide/plugins/com.st.stm32cube.ide.mcu.externaltools.gnu-tools-for-stm32.10.3-2021.10.win32_1.0.100.202210260954/tools/bin/../lib/gcc/arm-none-eabi/10.3.1/../../../../arm-none-eabi/lib/thumb/v7e-m+fp/hard\libnosys.a
END GROUP
START GROUP
LOAD c:/st/stm32cubeide_1.8.0/stm32cubeide/plugins/com.st.stm32cube.ide.mcu.externaltools.gnu-tools-for-stm32.10.3-2021.10.win32_1.0.100.202210260954/tools/bin/../lib/gcc/arm-none-eabi/10.3.1/thumb/v7e-m+fp/hard\libgcc.a
LOAD c:/st/stm32cubeide_1.8.0/stm32cubeide/plugins/com.st.stm32cube.ide.mcu.externaltools.gnu-tools-for-stm32.10.3-2021.10.win32_1.0.100.202210260954/tools/bin/../lib/gcc/arm-none-eabi/10.3.1/../../../../arm-none-eabi/lib/thumb/v7e-m+fp/hard\libc_nano.a
LOAD c:/st/stm32cubeide_1.8.0/stm32cubeide/plugins/com.st.stm32cube.ide.mcu.externaltools.gnu-tools-for-stm32.10.3-2021.10.win32_1.0.100.202210260954/tools/bin/../lib/gcc/arm-none-eabi/10.3.1/../../../../arm-none-eabi/lib/thumb/v7e-m+fp/hard\libnosys.a
END GROUP
LOAD c:/st/stm32cubeide_1.8.0/stm32cubeide/plugins/com.st.stm32cube.ide.mcu.externaltools.gnu-tools-for-stm32.10.3-2021.10.win32_1.0.100.202210260954/tools/bin/../lib/gcc/arm-none-eabi/10.3.1/thumb/v7e-m+fp/hard/crtend.o
LOAD c:/st/stm32cubeide_1.8.0/stm32cubeide/plugins/com.st.stm32cube.ide.mcu.externaltools.gnu-tools-for-stm32.10.3-2021.10.win32_1.0.100.202210260954/tools/bin/../lib/gcc/arm-none-eabi/10.3.1/thumb/v7e-m+fp/hard/crtn.o
                0x0000000020004000                _estack = (ORIGIN (RAM) + LENGTH (RAM))
                0x0000000000000200                _Min_Heap_Size = 0x200
                0x0000000000000400                _Min_Stack_Size = 0x400

.isr_vector     0x0000000008000000      0x188
                0x0000000008000000                . = ALIGN (0x4)
 *(.isr_vector)
 .isr_vector    0x0000000008000000      0x188 ./Core/Startup/startup_stm32f301c8tx.o
                0x0000000008000000                g_pfnVectors
                0x0000000008000188                . = ALIGN (0x4)

.text           0x0000000008000188     0x77e4
                0x0000000008000188                . = ALIGN (0x4)
 *(.text)
 .text          0x0000000008000188       0x40 c:/st/stm32cubeide_1.8.0/stm32cubeide/plugins/com.st.stm32cube.ide.mcu.externaltools.gnu-tools-for-stm32.10.3-2021.10.win32_1.0.100.202210260954/tools/bin/../lib/gcc/arm-none-eabi/10.3.1/thumb/v7e-m+fp/hard/crtbegin.o
 .text          0x00000000080001c8       0x10 c:/st/stm32cubeide_1.8.0/stm32cubeide/plugins/com.st.stm32cube.ide.mcu.externaltools.gnu-tools-for-stm32.10.3-2021.10.win32_1.0.100.202210260954/tools/bin/../lib/gcc/arm-none-eabi/10.3.1/../../../../arm-none-eabi/lib/thumb/v7e-m+fp/hard\libc_nano.a(lib_a-strlen.o)
                0x00000000080001c8                strlen
 *(.text*)
 .text.Manual_delay
                0x00000000080001d8       0x26 ./Core/Src/Interrupt_Services.o
                0x00000000080001d8                Manual_delay
 *fill*         0x00000000080001fe        0x2 
 .text.Lan_Interrupt_Service
                0x0000000008000200       0x6c ./Core/Src/Interrupt_Services.o
                0x0000000008000200                Lan_Interrupt_Service
 .text.WR_Interrupt_Service
                0x000000000800026c       0xb8 ./Core/Src/Interrupt_Services.o
                0x000000000800026c                WR_Interrupt_Service
 .text.FCT_Interrupt_Service
                0x0000000008000324       0x9c ./Core/Src/Interrupt_Services.o
                0x0000000008000324                FCT_Interrupt_Service
 .text.WL_Interrupt_Service
                0x00000000080003c0       0xb8 ./Core/Src/Interrupt_Services.o
                0x00000000080003c0                WL_Interrupt_Service
 .text.Send_WR_Samples
                0x0000000008000478       0xb8 ./Core/Src/Save_Data.o
                0x0000000008000478                Send_WR_Samples
 .text.Send_FCT_Samples
                0x0000000008000530       0xb8 ./Core/Src/Save_Data.o
                0x0000000008000530                Send_FCT_Samples
 .text.Send_WL_Samples
                0x00000000080005e8       0xb8 ./Core/Src/Save_Data.o
                0x00000000080005e8                Send_WL_Samples
 .text.Send_Data
                0x00000000080006a0      0x1cc ./Core/Src/Save_Data.o
                0x00000000080006a0                Send_Data
 .text.cs_sel   0x000000000800086c       0x18 ./Core/Src/TCP_IP.o
                0x000000000800086c                cs_sel
 .text.cs_desel
                0x0000000008000884       0x18 ./Core/Src/TCP_IP.o
                0x0000000008000884                cs_desel
 .text.Init_Ethernet
                0x000000000800089c       0xb8 ./Core/Src/TCP_IP.o
                0x000000000800089c                Init_Ethernet
 .text.Ethernet_Connect
                0x0000000008000954       0x60 ./Core/Src/TCP_IP.o
                0x0000000008000954                Ethernet_Connect
 .text.Refresh_Watchdog
                0x00000000080009b4       0x1c ./Core/Src/TCP_IP.o
                0x00000000080009b4                Refresh_Watchdog
 .text.Get_event
                0x00000000080009d0       0x18 ./Core/Src/event.o
                0x00000000080009d0                Get_event
 .text.Set_event
                0x00000000080009e8       0x20 ./Core/Src/event.o
                0x00000000080009e8                Set_event
 .text.Reset_event
                0x0000000008000a08       0x18 ./Core/Src/event.o
                0x0000000008000a08                Reset_event
 .text.spi_rb   0x0000000008000a20       0x24 ./Core/Src/main.o
                0x0000000008000a20                spi_rb
 .text.spi_wb   0x0000000008000a44       0x24 ./Core/Src/main.o
                0x0000000008000a44                spi_wb
 .text.Timer2_Stop
                0x0000000008000a68       0x14 ./Core/Src/main.o
                0x0000000008000a68                Timer2_Stop
 .text.Timer2_DeInitilized
                0x0000000008000a7c       0x14 ./Core/Src/main.o
                0x0000000008000a7c                Timer2_DeInitilized
 .text.Timer2_Initilized
                0x0000000008000a90       0x14 ./Core/Src/main.o
                0x0000000008000a90                Timer2_Initilized
 .text.Timer2_Start
                0x0000000008000aa4       0x14 ./Core/Src/main.o
                0x0000000008000aa4                Timer2_Start
 .text.Timer2_GetTimer
                0x0000000008000ab8       0x20 ./Core/Src/main.o
                0x0000000008000ab8                Timer2_GetTimer
 .text.main     0x0000000008000ad8      0x15c ./Core/Src/main.o
                0x0000000008000ad8                main
 .text.SystemClock_Config
                0x0000000008000c34       0xd0 ./Core/Src/main.o
                0x0000000008000c34                SystemClock_Config
 .text.MX_RTC_Init
                0x0000000008000d04       0xb4 ./Core/Src/main.o
 .text.MX_SPI2_Init
                0x0000000008000db8       0x7c ./Core/Src/main.o
 .text.MX_SPI3_Init
                0x0000000008000e34       0x7c ./Core/Src/main.o
 .text.MX_TIM2_Init
                0x0000000008000eb0       0x9c ./Core/Src/main.o
 .text.MX_TIM6_Init
                0x0000000008000f4c       0x70 ./Core/Src/main.o
 .text.MX_USART2_UART_Init
                0x0000000008000fbc       0x68 ./Core/Src/main.o
 .text.MX_GPIO_Init
                0x0000000008001024      0x178 ./Core/Src/main.o
 .text.HAL_GPIO_EXTI_Callback
                0x000000000800119c      0x154 ./Core/Src/main.o
                0x000000000800119c                HAL_GPIO_EXTI_Callback
 .text.Error_Handler
                0x00000000080012f0        0xe ./Core/Src/main.o
                0x00000000080012f0                Error_Handler
 .text.RingInit
                0x00000000080012fe       0x9a ./Core/Src/ring.o
                0x00000000080012fe                RingInit
 .text.RingWriteElement
                0x0000000008001398       0xa0 ./Core/Src/ring.o
                0x0000000008001398                RingWriteElement
 .text.RingReadElement
                0x0000000008001438       0x86 ./Core/Src/ring.o
                0x0000000008001438                RingReadElement
 *fill*         0x00000000080014be        0x2 
 .text.socket   0x00000000080014c0      0x22c ./Core/Src/socket.o
                0x00000000080014c0                socket
 .text.close    0x00000000080016ec       0xdc ./Core/Src/socket.o
                0x00000000080016ec                close
 .text.connect  0x00000000080017c8      0x1b8 ./Core/Src/socket.o
                0x00000000080017c8                connect
 .text.send     0x0000000008001980      0x1f4 ./Core/Src/socket.o
                0x0000000008001980                send
 .text.recv     0x0000000008001b74      0x16c ./Core/Src/socket.o
                0x0000000008001b74                recv
 .text.getsockopt
                0x0000000008001ce0      0x230 ./Core/Src/socket.o
                0x0000000008001ce0                getsockopt
 .text.Get_state
                0x0000000008001f10       0x18 ./Core/Src/state.o
                0x0000000008001f10                Get_state
 .text.Set_state
                0x0000000008001f28       0x20 ./Core/Src/state.o
                0x0000000008001f28                Set_state
 .text.Initilisation_State_Handler
                0x0000000008001f48       0x6c ./Core/Src/state_Handler.o
                0x0000000008001f48                Initilisation_State_Handler
 .text.Reset_State_Handler
                0x0000000008001fb4       0x80 ./Core/Src/state_Handler.o
                0x0000000008001fb4                Reset_State_Handler
 .text.Idle_State_Handler
                0x0000000008002034       0x12 ./Core/Src/state_Handler.o
                0x0000000008002034                Idle_State_Handler
 *fill*         0x0000000008002046        0x2 
 .text.WRSide_Train_Presence_State_Handler
                0x0000000008002048       0x1c ./Core/Src/state_Handler.o
                0x0000000008002048                WRSide_Train_Presence_State_Handler
 .text.WLSide_Train_Presence_State_Handler
                0x0000000008002064       0x1c ./Core/Src/state_Handler.o
                0x0000000008002064                WLSide_Train_Presence_State_Handler
 .text.Train_Exit_State_Handler
                0x0000000008002080       0x18 ./Core/Src/state_Handler.o
                0x0000000008002080                Train_Exit_State_Handler
 .text.Log_Data_State_Handler
                0x0000000008002098       0x1c ./Core/Src/state_Handler.o
                0x0000000008002098                Log_Data_State_Handler
 .text.HAL_MspInit
                0x00000000080020b4       0x48 ./Core/Src/stm32f3xx_hal_msp.o
                0x00000000080020b4                HAL_MspInit
 .text.HAL_RTC_MspInit
                0x00000000080020fc       0x4c ./Core/Src/stm32f3xx_hal_msp.o
                0x00000000080020fc                HAL_RTC_MspInit
 .text.HAL_SPI_MspInit
                0x0000000008002148      0x124 ./Core/Src/stm32f3xx_hal_msp.o
                0x0000000008002148                HAL_SPI_MspInit
 .text.HAL_TIM_Base_MspInit
                0x000000000800226c       0x70 ./Core/Src/stm32f3xx_hal_msp.o
                0x000000000800226c                HAL_TIM_Base_MspInit
 .text.HAL_TIM_Base_MspDeInit
                0x00000000080022dc       0x4c ./Core/Src/stm32f3xx_hal_msp.o
                0x00000000080022dc                HAL_TIM_Base_MspDeInit
 .text.HAL_UART_MspInit
                0x0000000008002328       0x84 ./Core/Src/stm32f3xx_hal_msp.o
                0x0000000008002328                HAL_UART_MspInit
 .text.NMI_Handler
                0x00000000080023ac        0xe ./Core/Src/stm32f3xx_it.o
                0x00000000080023ac                NMI_Handler
 .text.HardFault_Handler
                0x00000000080023ba        0x6 ./Core/Src/stm32f3xx_it.o
                0x00000000080023ba                HardFault_Handler
 .text.MemManage_Handler
                0x00000000080023c0        0x6 ./Core/Src/stm32f3xx_it.o
                0x00000000080023c0                MemManage_Handler
 .text.BusFault_Handler
                0x00000000080023c6        0x6 ./Core/Src/stm32f3xx_it.o
                0x00000000080023c6                BusFault_Handler
 .text.UsageFault_Handler
                0x00000000080023cc        0x6 ./Core/Src/stm32f3xx_it.o
                0x00000000080023cc                UsageFault_Handler
 .text.SVC_Handler
                0x00000000080023d2        0xe ./Core/Src/stm32f3xx_it.o
                0x00000000080023d2                SVC_Handler
 .text.DebugMon_Handler
                0x00000000080023e0        0xe ./Core/Src/stm32f3xx_it.o
                0x00000000080023e0                DebugMon_Handler
 .text.PendSV_Handler
                0x00000000080023ee        0xe ./Core/Src/stm32f3xx_it.o
                0x00000000080023ee                PendSV_Handler
 .text.SysTick_Handler
                0x00000000080023fc        0xc ./Core/Src/stm32f3xx_it.o
                0x00000000080023fc                SysTick_Handler
 .text.EXTI0_IRQHandler
                0x0000000008002408        0xe ./Core/Src/stm32f3xx_it.o
                0x0000000008002408                EXTI0_IRQHandler
 .text.EXTI1_IRQHandler
                0x0000000008002416        0xe ./Core/Src/stm32f3xx_it.o
                0x0000000008002416                EXTI1_IRQHandler
 .text.EXTI9_5_IRQHandler
                0x0000000008002424        0xe ./Core/Src/stm32f3xx_it.o
                0x0000000008002424                EXTI9_5_IRQHandler
 *fill*         0x0000000008002432        0x2 
 .text.TIM6_DAC_IRQHandler
                0x0000000008002434       0x14 ./Core/Src/stm32f3xx_it.o
                0x0000000008002434                TIM6_DAC_IRQHandler
 .text._sbrk    0x0000000008002448       0x6c ./Core/Src/sysmem.o
                0x0000000008002448                _sbrk
 .text.SystemInit
                0x00000000080024b4       0x24 ./Core/Src/system_stm32f3xx.o
                0x00000000080024b4                SystemInit
 .text.WIZCHIP_READ
                0x00000000080024d8       0x98 ./Core/Src/w5500.o
                0x00000000080024d8                WIZCHIP_READ
 .text.WIZCHIP_WRITE
                0x0000000008002570       0x9c ./Core/Src/w5500.o
                0x0000000008002570                WIZCHIP_WRITE
 .text.WIZCHIP_READ_BUF
                0x000000000800260c       0xc0 ./Core/Src/w5500.o
                0x000000000800260c                WIZCHIP_READ_BUF
 .text.WIZCHIP_WRITE_BUF
                0x00000000080026cc       0xc0 ./Core/Src/w5500.o
                0x00000000080026cc                WIZCHIP_WRITE_BUF
 .text.getSn_TX_FSR
                0x000000000800278c       0x96 ./Core/Src/w5500.o
                0x000000000800278c                getSn_TX_FSR
 .text.getSn_RX_RSR
                0x0000000008002822       0x96 ./Core/Src/w5500.o
                0x0000000008002822                getSn_RX_RSR
 .text.wiz_send_data
                0x00000000080028b8       0xb8 ./Core/Src/w5500.o
                0x00000000080028b8                wiz_send_data
 .text.wiz_recv_data
                0x0000000008002970       0xb8 ./Core/Src/w5500.o
                0x0000000008002970                wiz_recv_data
 .text.wizchip_cris_enter
                0x0000000008002a28        0xe ./Core/Src/wizchip_conf.o
                0x0000000008002a28                wizchip_cris_enter
 .text.wizchip_cris_exit
                0x0000000008002a36        0xe ./Core/Src/wizchip_conf.o
                0x0000000008002a36                wizchip_cris_exit
 .text.wizchip_cs_select
                0x0000000008002a44        0xe ./Core/Src/wizchip_conf.o
                0x0000000008002a44                wizchip_cs_select
 .text.wizchip_cs_deselect
                0x0000000008002a52        0xe ./Core/Src/wizchip_conf.o
                0x0000000008002a52                wizchip_cs_deselect
 .text.wizchip_bus_readdata
                0x0000000008002a60       0x1a ./Core/Src/wizchip_conf.o
                0x0000000008002a60                wizchip_bus_readdata
 .text.wizchip_bus_writedata
                0x0000000008002a7a       0x1e ./Core/Src/wizchip_conf.o
                0x0000000008002a7a                wizchip_bus_writedata
 .text.wizchip_spi_readbyte
                0x0000000008002a98       0x10 ./Core/Src/wizchip_conf.o
                0x0000000008002a98                wizchip_spi_readbyte
 .text.wizchip_spi_writebyte
                0x0000000008002aa8       0x16 ./Core/Src/wizchip_conf.o
                0x0000000008002aa8                wizchip_spi_writebyte
 *fill*         0x0000000008002abe        0x2 
 .text.reg_wizchip_cs_cbfunc
                0x0000000008002ac0       0x4c ./Core/Src/wizchip_conf.o
                0x0000000008002ac0                reg_wizchip_cs_cbfunc
 .text.reg_wizchip_spi_cbfunc
                0x0000000008002b0c       0x58 ./Core/Src/wizchip_conf.o
                0x0000000008002b0c                reg_wizchip_spi_cbfunc
 .text.ctlwizchip
                0x0000000008002b64      0x1bc ./Core/Src/wizchip_conf.o
                0x0000000008002b64                ctlwizchip
 .text.wizchip_sw_reset
                0x0000000008002d20       0x98 ./Core/Src/wizchip_conf.o
                0x0000000008002d20                wizchip_sw_reset
 .text.wizchip_init
                0x0000000008002db8      0x118 ./Core/Src/wizchip_conf.o
                0x0000000008002db8                wizchip_init
 .text.wizchip_clrinterrupt
                0x0000000008002ed0       0x68 ./Core/Src/wizchip_conf.o
                0x0000000008002ed0                wizchip_clrinterrupt
 .text.wizchip_getinterrupt
                0x0000000008002f38       0x4a ./Core/Src/wizchip_conf.o
                0x0000000008002f38                wizchip_getinterrupt
 .text.wizchip_setinterruptmask
                0x0000000008002f82       0x36 ./Core/Src/wizchip_conf.o
                0x0000000008002f82                wizchip_setinterruptmask
 .text.wizchip_getinterruptmask
                0x0000000008002fb8       0x46 ./Core/Src/wizchip_conf.o
                0x0000000008002fb8                wizchip_getinterruptmask
 .text.wizphy_getphylink
                0x0000000008002ffe       0x2c ./Core/Src/wizchip_conf.o
                0x0000000008002ffe                wizphy_getphylink
 .text.wizphy_getphypmode
                0x000000000800302a       0x32 ./Core/Src/wizchip_conf.o
                0x000000000800302a                wizphy_getphypmode
 .text.wizphy_reset
                0x000000000800305c       0x4e ./Core/Src/wizchip_conf.o
                0x000000000800305c                wizphy_reset
 .text.wizphy_setphyconf
                0x00000000080030aa       0x84 ./Core/Src/wizchip_conf.o
                0x00000000080030aa                wizphy_setphyconf
 .text.wizphy_getphyconf
                0x000000000800312e       0xd2 ./Core/Src/wizchip_conf.o
                0x000000000800312e                wizphy_getphyconf
 .text.wizphy_setphypmode
                0x0000000008003200       0x94 ./Core/Src/wizchip_conf.o
                0x0000000008003200                wizphy_setphypmode
 .text.wizchip_setnetinfo
                0x0000000008003294       0x80 ./Core/Src/wizchip_conf.o
                0x0000000008003294                wizchip_setnetinfo
 .text.wizchip_getnetinfo
                0x0000000008003314       0x80 ./Core/Src/wizchip_conf.o
                0x0000000008003314                wizchip_getnetinfo
 .text.Reset_Handler
                0x0000000008003394       0x50 ./Core/Startup/startup_stm32f301c8tx.o
                0x0000000008003394                Reset_Handler
 .text.Default_Handler
                0x00000000080033e4        0x2 ./Core/Startup/startup_stm32f301c8tx.o
                0x00000000080033e4                RTC_Alarm_IRQHandler
                0x00000000080033e4                TIM1_CC_IRQHandler
                0x00000000080033e4                PVD_IRQHandler
                0x00000000080033e4                TAMP_STAMP_IRQHandler
                0x00000000080033e4                EXTI3_IRQHandler
                0x00000000080033e4                I2C3_ER_IRQHandler
                0x00000000080033e4                I2C2_EV_IRQHandler
                0x00000000080033e4                FPU_IRQHandler
                0x00000000080033e4                TIM1_UP_TIM16_IRQHandler
                0x00000000080033e4                DMA1_Channel4_IRQHandler
                0x00000000080033e4                ADC1_IRQHandler
                0x00000000080033e4                USART3_IRQHandler
                0x00000000080033e4                DMA1_Channel7_IRQHandler
                0x00000000080033e4                I2C1_EV_IRQHandler
                0x00000000080033e4                DMA1_Channel6_IRQHandler
                0x00000000080033e4                RCC_IRQHandler
                0x00000000080033e4                DMA1_Channel1_IRQHandler
                0x00000000080033e4                Default_Handler
                0x00000000080033e4                EXTI15_10_IRQHandler
                0x00000000080033e4                COMP2_IRQHandler
                0x00000000080033e4                I2C3_EV_IRQHandler
                0x00000000080033e4                RTC_WKUP_IRQHandler
                0x00000000080033e4                SPI2_IRQHandler
                0x00000000080033e4                DMA1_Channel5_IRQHandler
                0x00000000080033e4                EXTI4_IRQHandler
                0x00000000080033e4                TIM1_TRG_COM_TIM17_IRQHandler
                0x00000000080033e4                DMA1_Channel3_IRQHandler
                0x00000000080033e4                WWDG_IRQHandler
                0x00000000080033e4                TIM2_IRQHandler
                0x00000000080033e4                COMP4_6_IRQHandler
                0x00000000080033e4                USART2_IRQHandler
                0x00000000080033e4                I2C2_ER_IRQHandler
                0x00000000080033e4                DMA1_Channel2_IRQHandler
                0x00000000080033e4                FLASH_IRQHandler
                0x00000000080033e4                USART1_IRQHandler
                0x00000000080033e4                SPI3_IRQHandler
                0x00000000080033e4                I2C1_ER_IRQHandler
                0x00000000080033e4                EXTI2_TSC_IRQHandler
                0x00000000080033e4                TIM1_BRK_TIM15_IRQHandler
 *fill*         0x00000000080033e6        0x2 
 .text.HAL_Init
                0x00000000080033e8       0x2c ./Drivers/STM32F3xx_HAL_Driver/Src/stm32f3xx_hal.o
                0x00000000080033e8                HAL_Init
 .text.HAL_InitTick
                0x0000000008003414       0x60 ./Drivers/STM32F3xx_HAL_Driver/Src/stm32f3xx_hal.o
                0x0000000008003414                HAL_InitTick
 .text.HAL_IncTick
                0x0000000008003474       0x28 ./Drivers/STM32F3xx_HAL_Driver/Src/stm32f3xx_hal.o
                0x0000000008003474                HAL_IncTick
 .text.HAL_GetTick
                0x000000000800349c       0x18 ./Drivers/STM32F3xx_HAL_Driver/Src/stm32f3xx_hal.o
                0x000000000800349c                HAL_GetTick
 .text.HAL_Delay
                0x00000000080034b4       0x48 ./Drivers/STM32F3xx_HAL_Driver/Src/stm32f3xx_hal.o
                0x00000000080034b4                HAL_Delay
 .text.__NVIC_SetPriorityGrouping
                0x00000000080034fc       0x48 ./Drivers/STM32F3xx_HAL_Driver/Src/stm32f3xx_hal_cortex.o
 .text.__NVIC_GetPriorityGrouping
                0x0000000008003544       0x1c ./Drivers/STM32F3xx_HAL_Driver/Src/stm32f3xx_hal_cortex.o
 .text.__NVIC_EnableIRQ
                0x0000000008003560       0x3c ./Drivers/STM32F3xx_HAL_Driver/Src/stm32f3xx_hal_cortex.o
 .text.__NVIC_DisableIRQ
                0x000000000800359c       0x48 ./Drivers/STM32F3xx_HAL_Driver/Src/stm32f3xx_hal_cortex.o
 .text.__NVIC_SetPriority
                0x00000000080035e4       0x54 ./Drivers/STM32F3xx_HAL_Driver/Src/stm32f3xx_hal_cortex.o
 .text.NVIC_EncodePriority
                0x0000000008003638       0x66 ./Drivers/STM32F3xx_HAL_Driver/Src/stm32f3xx_hal_cortex.o
 *fill*         0x000000000800369e        0x2 
 .text.SysTick_Config
                0x00000000080036a0       0x44 ./Drivers/STM32F3xx_HAL_Driver/Src/stm32f3xx_hal_cortex.o
 .text.HAL_NVIC_SetPriorityGrouping
                0x00000000080036e4       0x16 ./Drivers/STM32F3xx_HAL_Driver/Src/stm32f3xx_hal_cortex.o
                0x00000000080036e4                HAL_NVIC_SetPriorityGrouping
 .text.HAL_NVIC_SetPriority
                0x00000000080036fa       0x38 ./Drivers/STM32F3xx_HAL_Driver/Src/stm32f3xx_hal_cortex.o
                0x00000000080036fa                HAL_NVIC_SetPriority
 .text.HAL_NVIC_EnableIRQ
                0x0000000008003732       0x1c ./Drivers/STM32F3xx_HAL_Driver/Src/stm32f3xx_hal_cortex.o
                0x0000000008003732                HAL_NVIC_EnableIRQ
 .text.HAL_NVIC_DisableIRQ
                0x000000000800374e       0x1c ./Drivers/STM32F3xx_HAL_Driver/Src/stm32f3xx_hal_cortex.o
                0x000000000800374e                HAL_NVIC_DisableIRQ
 .text.HAL_SYSTICK_Config
                0x000000000800376a       0x18 ./Drivers/STM32F3xx_HAL_Driver/Src/stm32f3xx_hal_cortex.o
                0x000000000800376a                HAL_SYSTICK_Config
 *fill*         0x0000000008003782        0x2 
 .text.HAL_GPIO_Init
                0x0000000008003784      0x2e4 ./Drivers/STM32F3xx_HAL_Driver/Src/stm32f3xx_hal_gpio.o
                0x0000000008003784                HAL_GPIO_Init
 .text.HAL_GPIO_WritePin
                0x0000000008003a68       0x30 ./Drivers/STM32F3xx_HAL_Driver/Src/stm32f3xx_hal_gpio.o
                0x0000000008003a68                HAL_GPIO_WritePin
 .text.HAL_GPIO_EXTI_IRQHandler
                0x0000000008003a98       0x30 ./Drivers/STM32F3xx_HAL_Driver/Src/stm32f3xx_hal_gpio.o
                0x0000000008003a98                HAL_GPIO_EXTI_IRQHandler
 .text.HAL_PWR_EnableBkUpAccess
                0x0000000008003ac8       0x20 ./Drivers/STM32F3xx_HAL_Driver/Src/stm32f3xx_hal_pwr.o
                0x0000000008003ac8                HAL_PWR_EnableBkUpAccess
 .text.HAL_RCC_OscConfig
                0x0000000008003ae8     0x107c ./Drivers/STM32F3xx_HAL_Driver/Src/stm32f3xx_hal_rcc.o
                0x0000000008003ae8                HAL_RCC_OscConfig
 .text.HAL_RCC_ClockConfig
                0x0000000008004b64      0x2f8 ./Drivers/STM32F3xx_HAL_Driver/Src/stm32f3xx_hal_rcc.o
                0x0000000008004b64                HAL_RCC_ClockConfig
 .text.HAL_RCC_GetSysClockFreq
                0x0000000008004e5c       0xd8 ./Drivers/STM32F3xx_HAL_Driver/Src/stm32f3xx_hal_rcc.o
                0x0000000008004e5c                HAL_RCC_GetSysClockFreq
 .text.HAL_RCC_GetHCLKFreq
                0x0000000008004f34       0x18 ./Drivers/STM32F3xx_HAL_Driver/Src/stm32f3xx_hal_rcc.o
                0x0000000008004f34                HAL_RCC_GetHCLKFreq
 .text.HAL_RCC_GetPCLK1Freq
                0x0000000008004f4c       0x44 ./Drivers/STM32F3xx_HAL_Driver/Src/stm32f3xx_hal_rcc.o
                0x0000000008004f4c                HAL_RCC_GetPCLK1Freq
 .text.HAL_RCC_GetPCLK2Freq
                0x0000000008004f90       0x44 ./Drivers/STM32F3xx_HAL_Driver/Src/stm32f3xx_hal_rcc.o
                0x0000000008004f90                HAL_RCC_GetPCLK2Freq
 .text.HAL_RCCEx_PeriphCLKConfig
                0x0000000008004fd4      0x308 ./Drivers/STM32F3xx_HAL_Driver/Src/stm32f3xx_hal_rcc_ex.o
                0x0000000008004fd4                HAL_RCCEx_PeriphCLKConfig
 .text.HAL_RTC_Init
                0x00000000080052dc      0x122 ./Drivers/STM32F3xx_HAL_Driver/Src/stm32f3xx_hal_rtc.o
                0x00000000080052dc                HAL_RTC_Init
 .text.HAL_RTC_SetTime
                0x00000000080053fe      0x17a ./Drivers/STM32F3xx_HAL_Driver/Src/stm32f3xx_hal_rtc.o
                0x00000000080053fe                HAL_RTC_SetTime
 .text.HAL_RTC_SetDate
                0x0000000008005578      0x14e ./Drivers/STM32F3xx_HAL_Driver/Src/stm32f3xx_hal_rtc.o
                0x0000000008005578                HAL_RTC_SetDate
 .text.HAL_RTC_WaitForSynchro
                0x00000000080056c6       0x50 ./Drivers/STM32F3xx_HAL_Driver/Src/stm32f3xx_hal_rtc.o
                0x00000000080056c6                HAL_RTC_WaitForSynchro
 .text.RTC_EnterInitMode
                0x0000000008005716       0x58 ./Drivers/STM32F3xx_HAL_Driver/Src/stm32f3xx_hal_rtc.o
                0x0000000008005716                RTC_EnterInitMode
 .text.RTC_ByteToBcd2
                0x000000000800576e       0x3c ./Drivers/STM32F3xx_HAL_Driver/Src/stm32f3xx_hal_rtc.o
                0x000000000800576e                RTC_ByteToBcd2
 .text.HAL_SPI_Init
                0x00000000080057aa      0x156 ./Drivers/STM32F3xx_HAL_Driver/Src/stm32f3xx_hal_spi.o
                0x00000000080057aa                HAL_SPI_Init
 .text.HAL_SPI_Transmit
                0x0000000008005900      0x2dc ./Drivers/STM32F3xx_HAL_Driver/Src/stm32f3xx_hal_spi.o
                0x0000000008005900                HAL_SPI_Transmit
 .text.HAL_SPI_Receive
                0x0000000008005bdc      0x260 ./Drivers/STM32F3xx_HAL_Driver/Src/stm32f3xx_hal_spi.o
                0x0000000008005bdc                HAL_SPI_Receive
 .text.HAL_SPI_TransmitReceive
                0x0000000008005e3c      0x426 ./Drivers/STM32F3xx_HAL_Driver/Src/stm32f3xx_hal_spi.o
                0x0000000008005e3c                HAL_SPI_TransmitReceive
 *fill*         0x0000000008006262        0x2 
 .text.SPI_WaitFlagStateUntilTimeout
                0x0000000008006264      0x110 ./Drivers/STM32F3xx_HAL_Driver/Src/stm32f3xx_hal_spi.o
 .text.SPI_WaitFifoStateUntilTimeout
                0x0000000008006374      0x12c ./Drivers/STM32F3xx_HAL_Driver/Src/stm32f3xx_hal_spi.o
 .text.SPI_EndRxTransaction
                0x00000000080064a0       0xb0 ./Drivers/STM32F3xx_HAL_Driver/Src/stm32f3xx_hal_spi.o
 .text.SPI_EndRxTxTransaction
                0x0000000008006550       0x8c ./Drivers/STM32F3xx_HAL_Driver/Src/stm32f3xx_hal_spi.o
 .text.HAL_TIM_Base_Init
                0x00000000080065dc       0xae ./Drivers/STM32F3xx_HAL_Driver/Src/stm32f3xx_hal_tim.o
                0x00000000080065dc                HAL_TIM_Base_Init
 .text.HAL_TIM_Base_DeInit
                0x000000000800668a       0xb8 ./Drivers/STM32F3xx_HAL_Driver/Src/stm32f3xx_hal_tim.o
                0x000000000800668a                HAL_TIM_Base_DeInit
 *fill*         0x0000000008006742        0x2 
 .text.HAL_TIM_Base_Start
                0x0000000008006744       0x98 ./Drivers/STM32F3xx_HAL_Driver/Src/stm32f3xx_hal_tim.o
                0x0000000008006744                HAL_TIM_Base_Start
 .text.HAL_TIM_Base_Stop
                0x00000000080067dc       0x4e ./Drivers/STM32F3xx_HAL_Driver/Src/stm32f3xx_hal_tim.o
                0x00000000080067dc                HAL_TIM_Base_Stop
 .text.HAL_TIM_IRQHandler
                0x000000000800682a      0x23e ./Drivers/STM32F3xx_HAL_Driver/Src/stm32f3xx_hal_tim.o
                0x000000000800682a                HAL_TIM_IRQHandler
 .text.HAL_TIM_ConfigClockSource
                0x0000000008006a68      0x192 ./Drivers/STM32F3xx_HAL_Driver/Src/stm32f3xx_hal_tim.o
                0x0000000008006a68                HAL_TIM_ConfigClockSource
 .text.HAL_TIM_PeriodElapsedCallback
                0x0000000008006bfa       0x14 ./Drivers/STM32F3xx_HAL_Driver/Src/stm32f3xx_hal_tim.o
                0x0000000008006bfa                HAL_TIM_PeriodElapsedCallback
 .text.HAL_TIM_OC_DelayElapsedCallback
                0x0000000008006c0e       0x14 ./Drivers/STM32F3xx_HAL_Driver/Src/stm32f3xx_hal_tim.o
                0x0000000008006c0e                HAL_TIM_OC_DelayElapsedCallback
 .text.HAL_TIM_IC_CaptureCallback
                0x0000000008006c22       0x14 ./Drivers/STM32F3xx_HAL_Driver/Src/stm32f3xx_hal_tim.o
                0x0000000008006c22                HAL_TIM_IC_CaptureCallback
 .text.HAL_TIM_PWM_PulseFinishedCallback
                0x0000000008006c36       0x14 ./Drivers/STM32F3xx_HAL_Driver/Src/stm32f3xx_hal_tim.o
                0x0000000008006c36                HAL_TIM_PWM_PulseFinishedCallback
 .text.HAL_TIM_TriggerCallback
                0x0000000008006c4a       0x14 ./Drivers/STM32F3xx_HAL_Driver/Src/stm32f3xx_hal_tim.o
                0x0000000008006c4a                HAL_TIM_TriggerCallback
 *fill*         0x0000000008006c5e        0x2 
 .text.TIM_Base_SetConfig
                0x0000000008006c60       0xdc ./Drivers/STM32F3xx_HAL_Driver/Src/stm32f3xx_hal_tim.o
                0x0000000008006c60                TIM_Base_SetConfig
 .text.TIM_TI1_ConfigInputStage
                0x0000000008006d3c       0x5e ./Drivers/STM32F3xx_HAL_Driver/Src/stm32f3xx_hal_tim.o
 .text.TIM_TI2_ConfigInputStage
                0x0000000008006d9a       0x60 ./Drivers/STM32F3xx_HAL_Driver/Src/stm32f3xx_hal_tim.o
 .text.TIM_ITRx_SetConfig
                0x0000000008006dfa       0x36 ./Drivers/STM32F3xx_HAL_Driver/Src/stm32f3xx_hal_tim.o
 .text.TIM_ETR_SetConfig
                0x0000000008006e30       0x40 ./Drivers/STM32F3xx_HAL_Driver/Src/stm32f3xx_hal_tim.o
                0x0000000008006e30                TIM_ETR_SetConfig
 .text.HAL_TIMEx_MasterConfigSynchronization
                0x0000000008006e70       0xcc ./Drivers/STM32F3xx_HAL_Driver/Src/stm32f3xx_hal_tim_ex.o
                0x0000000008006e70                HAL_TIMEx_MasterConfigSynchronization
 .text.HAL_TIMEx_CommutCallback
                0x0000000008006f3c       0x14 ./Drivers/STM32F3xx_HAL_Driver/Src/stm32f3xx_hal_tim_ex.o
                0x0000000008006f3c                HAL_TIMEx_CommutCallback
 .text.HAL_TIMEx_BreakCallback
                0x0000000008006f50       0x14 ./Drivers/STM32F3xx_HAL_Driver/Src/stm32f3xx_hal_tim_ex.o
                0x0000000008006f50                HAL_TIMEx_BreakCallback
 .text.HAL_TIMEx_Break2Callback
                0x0000000008006f64       0x14 ./Drivers/STM32F3xx_HAL_Driver/Src/stm32f3xx_hal_tim_ex.o
                0x0000000008006f64                HAL_TIMEx_Break2Callback
 .text.HAL_UART_Init
                0x0000000008006f78       0x9c ./Drivers/STM32F3xx_HAL_Driver/Src/stm32f3xx_hal_uart.o
                0x0000000008006f78                HAL_UART_Init
 .text.UART_SetConfig
                0x0000000008007014      0x26c ./Drivers/STM32F3xx_HAL_Driver/Src/stm32f3xx_hal_uart.o
                0x0000000008007014                UART_SetConfig
 .text.UART_AdvFeatureConfig
                0x0000000008007280      0x144 ./Drivers/STM32F3xx_HAL_Driver/Src/stm32f3xx_hal_uart.o
                0x0000000008007280                UART_AdvFeatureConfig
 .text.UART_CheckIdleState
                0x00000000080073c4       0x92 ./Drivers/STM32F3xx_HAL_Driver/Src/stm32f3xx_hal_uart.o
                0x00000000080073c4                UART_CheckIdleState
 .text.UART_WaitOnFlagUntilTimeout
                0x0000000008007456      0x188 ./Drivers/STM32F3xx_HAL_Driver/Src/stm32f3xx_hal_uart.o
                0x0000000008007456                UART_WaitOnFlagUntilTimeout
 *fill*         0x00000000080075de        0x2 
 .text.__errno  0x00000000080075e0        0xc c:/st/stm32cubeide_1.8.0/stm32cubeide/plugins/com.st.stm32cube.ide.mcu.externaltools.gnu-tools-for-stm32.10.3-2021.10.win32_1.0.100.202210260954/tools/bin/../lib/gcc/arm-none-eabi/10.3.1/../../../../arm-none-eabi/lib/thumb/v7e-m+fp/hard\libc_nano.a(lib_a-errno.o)
                0x00000000080075e0                __errno
 .text.__libc_init_array
                0x00000000080075ec       0x48 c:/st/stm32cubeide_1.8.0/stm32cubeide/plugins/com.st.stm32cube.ide.mcu.externaltools.gnu-tools-for-stm32.10.3-2021.10.win32_1.0.100.202210260954/tools/bin/../lib/gcc/arm-none-eabi/10.3.1/../../../../arm-none-eabi/lib/thumb/v7e-m+fp/hard\libc_nano.a(lib_a-init.o)
                0x00000000080075ec                __libc_init_array
 .text.__itoa   0x0000000008007634       0x30 c:/st/stm32cubeide_1.8.0/stm32cubeide/plugins/com.st.stm32cube.ide.mcu.externaltools.gnu-tools-for-stm32.10.3-2021.10.win32_1.0.100.202210260954/tools/bin/../lib/gcc/arm-none-eabi/10.3.1/../../../../arm-none-eabi/lib/thumb/v7e-m+fp/hard\libc_nano.a(lib_a-itoa.o)
                0x0000000008007634                __itoa
 .text.itoa     0x0000000008007664        0x4 c:/st/stm32cubeide_1.8.0/stm32cubeide/plugins/com.st.stm32cube.ide.mcu.externaltools.gnu-tools-for-stm32.10.3-2021.10.win32_1.0.100.202210260954/tools/bin/../lib/gcc/arm-none-eabi/10.3.1/../../../../arm-none-eabi/lib/thumb/v7e-m+fp/hard\libc_nano.a(lib_a-itoa.o)
                0x0000000008007664                itoa
 .text.malloc   0x0000000008007668       0x10 c:/st/stm32cubeide_1.8.0/stm32cubeide/plugins/com.st.stm32cube.ide.mcu.externaltools.gnu-tools-for-stm32.10.3-2021.10.win32_1.0.100.202210260954/tools/bin/../lib/gcc/arm-none-eabi/10.3.1/../../../../arm-none-eabi/lib/thumb/v7e-m+fp/hard\libc_nano.a(lib_a-malloc.o)
                0x0000000008007668                malloc
 .text.free     0x0000000008007678       0x10 c:/st/stm32cubeide_1.8.0/stm32cubeide/plugins/com.st.stm32cube.ide.mcu.externaltools.gnu-tools-for-stm32.10.3-2021.10.win32_1.0.100.202210260954/tools/bin/../lib/gcc/arm-none-eabi/10.3.1/../../../../arm-none-eabi/lib/thumb/v7e-m+fp/hard\libc_nano.a(lib_a-malloc.o)
                0x0000000008007678                free
 .text.memcpy   0x0000000008007688       0x1c c:/st/stm32cubeide_1.8.0/stm32cubeide/plugins/com.st.stm32cube.ide.mcu.externaltools.gnu-tools-for-stm32.10.3-2021.10.win32_1.0.100.202210260954/tools/bin/../lib/gcc/arm-none-eabi/10.3.1/../../../../arm-none-eabi/lib/thumb/v7e-m+fp/hard\libc_nano.a(lib_a-memcpy-stub.o)
                0x0000000008007688                memcpy
 .text.memset   0x00000000080076a4       0x10 c:/st/stm32cubeide_1.8.0/stm32cubeide/plugins/com.st.stm32cube.ide.mcu.externaltools.gnu-tools-for-stm32.10.3-2021.10.win32_1.0.100.202210260954/tools/bin/../lib/gcc/arm-none-eabi/10.3.1/../../../../arm-none-eabi/lib/thumb/v7e-m+fp/hard\libc_nano.a(lib_a-memset.o)
                0x00000000080076a4                memset
 .text._free_r  0x00000000080076b4       0x98 c:/st/stm32cubeide_1.8.0/stm32cubeide/plugins/com.st.stm32cube.ide.mcu.externaltools.gnu-tools-for-stm32.10.3-2021.10.win32_1.0.100.202210260954/tools/bin/../lib/gcc/arm-none-eabi/10.3.1/../../../../arm-none-eabi/lib/thumb/v7e-m+fp/hard\libc_nano.a(lib_a-nano-freer.o)
                0x00000000080076b4                _free_r
 .text.sbrk_aligned
                0x000000000800774c       0x40 c:/st/stm32cubeide_1.8.0/stm32cubeide/plugins/com.st.stm32cube.ide.mcu.externaltools.gnu-tools-for-stm32.10.3-2021.10.win32_1.0.100.202210260954/tools/bin/../lib/gcc/arm-none-eabi/10.3.1/../../../../arm-none-eabi/lib/thumb/v7e-m+fp/hard\libc_nano.a(lib_a-nano-mallocr.o)
 .text._malloc_r
                0x000000000800778c       0xe8 c:/st/stm32cubeide_1.8.0/stm32cubeide/plugins/com.st.stm32cube.ide.mcu.externaltools.gnu-tools-for-stm32.10.3-2021.10.win32_1.0.100.202210260954/tools/bin/../lib/gcc/arm-none-eabi/10.3.1/../../../../arm-none-eabi/lib/thumb/v7e-m+fp/hard\libc_nano.a(lib_a-nano-mallocr.o)
                0x000000000800778c                _malloc_r
 .text._sbrk_r  0x0000000008007874       0x20 c:/st/stm32cubeide_1.8.0/stm32cubeide/plugins/com.st.stm32cube.ide.mcu.externaltools.gnu-tools-for-stm32.10.3-2021.10.win32_1.0.100.202210260954/tools/bin/../lib/gcc/arm-none-eabi/10.3.1/../../../../arm-none-eabi/lib/thumb/v7e-m+fp/hard\libc_nano.a(lib_a-sbrkr.o)
                0x0000000008007874                _sbrk_r
 .text.strcat   0x0000000008007894       0x1e c:/st/stm32cubeide_1.8.0/stm32cubeide/plugins/com.st.stm32cube.ide.mcu.externaltools.gnu-tools-for-stm32.10.3-2021.10.win32_1.0.100.202210260954/tools/bin/../lib/gcc/arm-none-eabi/10.3.1/../../../../arm-none-eabi/lib/thumb/v7e-m+fp/hard\libc_nano.a(lib_a-strcat.o)
                0x0000000008007894                strcat
 *fill*         0x00000000080078b2        0x2 
 .text.__utoa   0x00000000080078b4       0x84 c:/st/stm32cubeide_1.8.0/stm32cubeide/plugins/com.st.stm32cube.ide.mcu.externaltools.gnu-tools-for-stm32.10.3-2021.10.win32_1.0.100.202210260954/tools/bin/../lib/gcc/arm-none-eabi/10.3.1/../../../../arm-none-eabi/lib/thumb/v7e-m+fp/hard\libc_nano.a(lib_a-utoa.o)
                0x00000000080078b4                __utoa
 .text.__malloc_lock
                0x0000000008007938        0xc c:/st/stm32cubeide_1.8.0/stm32cubeide/plugins/com.st.stm32cube.ide.mcu.externaltools.gnu-tools-for-stm32.10.3-2021.10.win32_1.0.100.202210260954/tools/bin/../lib/gcc/arm-none-eabi/10.3.1/../../../../arm-none-eabi/lib/thumb/v7e-m+fp/hard\libc_nano.a(lib_a-mlock.o)
                0x0000000008007938                __malloc_lock
 .text.__malloc_unlock
                0x0000000008007944        0xc c:/st/stm32cubeide_1.8.0/stm32cubeide/plugins/com.st.stm32cube.ide.mcu.externaltools.gnu-tools-for-stm32.10.3-2021.10.win32_1.0.100.202210260954/tools/bin/../lib/gcc/arm-none-eabi/10.3.1/../../../../arm-none-eabi/lib/thumb/v7e-m+fp/hard\libc_nano.a(lib_a-mlock.o)
                0x0000000008007944                __malloc_unlock
 .text.__retarget_lock_acquire_recursive
                0x0000000008007950        0x2 c:/st/stm32cubeide_1.8.0/stm32cubeide/plugins/com.st.stm32cube.ide.mcu.externaltools.gnu-tools-for-stm32.10.3-2021.10.win32_1.0.100.202210260954/tools/bin/../lib/gcc/arm-none-eabi/10.3.1/../../../../arm-none-eabi/lib/thumb/v7e-m+fp/hard\libc_nano.a(lib_a-lock.o)
                0x0000000008007950                __retarget_lock_acquire_recursive
 .text.__retarget_lock_release_recursive
                0x0000000008007952        0x2 c:/st/stm32cubeide_1.8.0/stm32cubeide/plugins/com.st.stm32cube.ide.mcu.externaltools.gnu-tools-for-stm32.10.3-2021.10.win32_1.0.100.202210260954/tools/bin/../lib/gcc/arm-none-eabi/10.3.1/../../../../arm-none-eabi/lib/thumb/v7e-m+fp/hard\libc_nano.a(lib_a-lock.o)
                0x0000000008007952                __retarget_lock_release_recursive
 *(.glue_7)
 .glue_7        0x0000000008007954        0x0 linker stubs
 *(.glue_7t)
 .glue_7t       0x0000000008007954        0x0 linker stubs
 *(.eh_frame)
 .eh_frame      0x0000000008007954        0x0 c:/st/stm32cubeide_1.8.0/stm32cubeide/plugins/com.st.stm32cube.ide.mcu.externaltools.gnu-tools-for-stm32.10.3-2021.10.win32_1.0.100.202210260954/tools/bin/../lib/gcc/arm-none-eabi/10.3.1/thumb/v7e-m+fp/hard/crtbegin.o
 *(.init)
 .init          0x0000000008007954        0x4 c:/st/stm32cubeide_1.8.0/stm32cubeide/plugins/com.st.stm32cube.ide.mcu.externaltools.gnu-tools-for-stm32.10.3-2021.10.win32_1.0.100.202210260954/tools/bin/../lib/gcc/arm-none-eabi/10.3.1/thumb/v7e-m+fp/hard/crti.o
                0x0000000008007954                _init
 .init          0x0000000008007958        0x8 c:/st/stm32cubeide_1.8.0/stm32cubeide/plugins/com.st.stm32cube.ide.mcu.externaltools.gnu-tools-for-stm32.10.3-2021.10.win32_1.0.100.202210260954/tools/bin/../lib/gcc/arm-none-eabi/10.3.1/thumb/v7e-m+fp/hard/crtn.o
 *(.fini)
 .fini          0x0000000008007960        0x4 c:/st/stm32cubeide_1.8.0/stm32cubeide/plugins/com.st.stm32cube.ide.mcu.externaltools.gnu-tools-for-stm32.10.3-2021.10.win32_1.0.100.202210260954/tools/bin/../lib/gcc/arm-none-eabi/10.3.1/thumb/v7e-m+fp/hard/crti.o
                0x0000000008007960                _fini
 .fini          0x0000000008007964        0x8 c:/st/stm32cubeide_1.8.0/stm32cubeide/plugins/com.st.stm32cube.ide.mcu.externaltools.gnu-tools-for-stm32.10.3-2021.10.win32_1.0.100.202210260954/tools/bin/../lib/gcc/arm-none-eabi/10.3.1/thumb/v7e-m+fp/hard/crtn.o
                0x000000000800796c                . = ALIGN (0x4)
                0x000000000800796c                _etext = .

.vfp11_veneer   0x000000000800796c        0x0
 .vfp11_veneer  0x000000000800796c        0x0 linker stubs

.v4_bx          0x000000000800796c        0x0
 .v4_bx         0x000000000800796c        0x0 linker stubs

.iplt           0x000000000800796c        0x0
 .iplt          0x000000000800796c        0x0 c:/st/stm32cubeide_1.8.0/stm32cubeide/plugins/com.st.stm32cube.ide.mcu.externaltools.gnu-tools-for-stm32.10.3-2021.10.win32_1.0.100.202210260954/tools/bin/../lib/gcc/arm-none-eabi/10.3.1/thumb/v7e-m+fp/hard/crtbegin.o

.rodata         0x000000000800796c      0x108
                0x000000000800796c                . = ALIGN (0x4)
 *(.rodata)
 .rodata        0x000000000800796c       0x14 ./Core/Src/Interrupt_Services.o
 .rodata        0x0000000008007980       0x72 ./Core/Src/Save_Data.o
 *fill*         0x00000000080079f2        0x2 
 .rodata        0x00000000080079f4       0x14 ./Core/Src/TCP_IP.o
 .rodata        0x0000000008007a08        0xa ./Core/Src/state_Handler.o
 *(.rodata*)
 *fill*         0x0000000008007a12        0x2 
 .rodata.AHBPrescTable
                0x0000000008007a14       0x10 ./Core/Src/system_stm32f3xx.o
                0x0000000008007a14                AHBPrescTable
 .rodata.APBPrescTable
                0x0000000008007a24        0x8 ./Core/Src/system_stm32f3xx.o
                0x0000000008007a24                APBPrescTable
 .rodata.aPLLMULFactorTable
                0x0000000008007a2c       0x10 ./Drivers/STM32F3xx_HAL_Driver/Src/stm32f3xx_hal_rcc.o
                0x0000000008007a2c                aPLLMULFactorTable
 .rodata.aPredivFactorTable
                0x0000000008007a3c       0x10 ./Drivers/STM32F3xx_HAL_Driver/Src/stm32f3xx_hal_rcc.o
                0x0000000008007a3c                aPredivFactorTable
 .rodata.__utoa.str1.1
                0x0000000008007a4c       0x25 c:/st/stm32cubeide_1.8.0/stm32cubeide/plugins/com.st.stm32cube.ide.mcu.externaltools.gnu-tools-for-stm32.10.3-2021.10.win32_1.0.100.202210260954/tools/bin/../lib/gcc/arm-none-eabi/10.3.1/../../../../arm-none-eabi/lib/thumb/v7e-m+fp/hard\libc_nano.a(lib_a-utoa.o)
                0x0000000008007a74                . = ALIGN (0x4)
 *fill*         0x0000000008007a71        0x3 

.rel.dyn        0x0000000008007a74        0x0
 .rel.iplt      0x0000000008007a74        0x0 c:/st/stm32cubeide_1.8.0/stm32cubeide/plugins/com.st.stm32cube.ide.mcu.externaltools.gnu-tools-for-stm32.10.3-2021.10.win32_1.0.100.202210260954/tools/bin/../lib/gcc/arm-none-eabi/10.3.1/thumb/v7e-m+fp/hard/crtbegin.o

.ARM.extab      0x0000000008007a74        0x0
                0x0000000008007a74                . = ALIGN (0x4)
 *(.ARM.extab* .gnu.linkonce.armextab.*)
                0x0000000008007a74                . = ALIGN (0x4)

.ARM            0x0000000008007a74        0x0
                0x0000000008007a74                . = ALIGN (0x4)
                0x0000000008007a74                __exidx_start = .
 *(.ARM.exidx*)
                0x0000000008007a74                __exidx_end = .
                0x0000000008007a74                . = ALIGN (0x4)

.preinit_array  0x0000000008007a74        0x0
                0x0000000008007a74                . = ALIGN (0x4)
                0x0000000008007a74                PROVIDE (__preinit_array_start = .)
 *(.preinit_array*)
                0x0000000008007a74                PROVIDE (__preinit_array_end = .)
                0x0000000008007a74                . = ALIGN (0x4)

.init_array     0x0000000008007a74        0x4
                0x0000000008007a74                . = ALIGN (0x4)
                0x0000000008007a74                PROVIDE (__init_array_start = .)
 *(SORT_BY_NAME(.init_array.*))
 *(.init_array*)
 .init_array    0x0000000008007a74        0x4 c:/st/stm32cubeide_1.8.0/stm32cubeide/plugins/com.st.stm32cube.ide.mcu.externaltools.gnu-tools-for-stm32.10.3-2021.10.win32_1.0.100.202210260954/tools/bin/../lib/gcc/arm-none-eabi/10.3.1/thumb/v7e-m+fp/hard/crtbegin.o
                0x0000000008007a78                PROVIDE (__init_array_end = .)
                0x0000000008007a78                . = ALIGN (0x4)

.fini_array     0x0000000008007a78        0x4
                0x0000000008007a78                . = ALIGN (0x4)
                [!provide]                        PROVIDE (__fini_array_start = .)
 *(SORT_BY_NAME(.fini_array.*))
 *(.fini_array*)
 .fini_array    0x0000000008007a78        0x4 c:/st/stm32cubeide_1.8.0/stm32cubeide/plugins/com.st.stm32cube.ide.mcu.externaltools.gnu-tools-for-stm32.10.3-2021.10.win32_1.0.100.202210260954/tools/bin/../lib/gcc/arm-none-eabi/10.3.1/thumb/v7e-m+fp/hard/crtbegin.o
                [!provide]                        PROVIDE (__fini_array_end = .)
                0x0000000008007a7c                . = ALIGN (0x4)
                0x0000000008007a7c                _sidata = LOADADDR (.data)

.data           0x0000000020000000       0xa8 load address 0x0000000008007a7c
                0x0000000020000000                . = ALIGN (0x4)
                0x0000000020000000                _sdata = .
 *(.data)
 *(.data*)
 .data.server_Add
                0x0000000020000000        0x4 ./Core/Src/TCP_IP.o
                0x0000000020000000                server_Add
 .data.sock_any_port
                0x0000000020000004        0x2 ./Core/Src/socket.o
 *fill*         0x0000000020000006        0x2 
 .data.test_states
                0x0000000020000008        0x2 ./Core/Src/state.o
                0x0000000020000008                test_states
 *fill*         0x000000002000000a        0x2 
 .data.SystemCoreClock
                0x000000002000000c        0x4 ./Core/Src/system_stm32f3xx.o
                0x000000002000000c                SystemCoreClock
 .data.WIZCHIP  0x0000000020000010       0x2c ./Core/Src/wizchip_conf.o
                0x0000000020000010                WIZCHIP
 .data.uwTickPrio
                0x000000002000003c        0x4 ./Drivers/STM32F3xx_HAL_Driver/Src/stm32f3xx_hal.o
                0x000000002000003c                uwTickPrio
 .data.uwTickFreq
                0x0000000020000040        0x1 ./Drivers/STM32F3xx_HAL_Driver/Src/stm32f3xx_hal.o
                0x0000000020000040                uwTickFreq
 *fill*         0x0000000020000041        0x3 
 .data._impure_ptr
                0x0000000020000044        0x4 c:/st/stm32cubeide_1.8.0/stm32cubeide/plugins/com.st.stm32cube.ide.mcu.externaltools.gnu-tools-for-stm32.10.3-2021.10.win32_1.0.100.202210260954/tools/bin/../lib/gcc/arm-none-eabi/10.3.1/../../../../arm-none-eabi/lib/thumb/v7e-m+fp/hard\libc_nano.a(lib_a-impure.o)
                0x0000000020000044                _impure_ptr
 .data.impure_data
                0x0000000020000048       0x60 c:/st/stm32cubeide_1.8.0/stm32cubeide/plugins/com.st.stm32cube.ide.mcu.externaltools.gnu-tools-for-stm32.10.3-2021.10.win32_1.0.100.202210260954/tools/bin/../lib/gcc/arm-none-eabi/10.3.1/../../../../arm-none-eabi/lib/thumb/v7e-m+fp/hard\libc_nano.a(lib_a-impure.o)
 *(.RamFunc)
 *(.RamFunc*)
                0x00000000200000a8                . = ALIGN (0x4)
                0x00000000200000a8                _edata = .

.igot.plt       0x00000000200000a8        0x0 load address 0x0000000008007b24
 .igot.plt      0x00000000200000a8        0x0 c:/st/stm32cubeide_1.8.0/stm32cubeide/plugins/com.st.stm32cube.ide.mcu.externaltools.gnu-tools-for-stm32.10.3-2021.10.win32_1.0.100.202210260954/tools/bin/../lib/gcc/arm-none-eabi/10.3.1/thumb/v7e-m+fp/hard/crtbegin.o
                0x00000000200000a8                . = ALIGN (0x4)

.bss            0x00000000200000a8      0xdb8 load address 0x0000000008007b24
                0x00000000200000a8                _sbss = .
                0x00000000200000a8                __bss_start__ = _sbss
 *(.bss)
 .bss           0x00000000200000a8       0x1c c:/st/stm32cubeide_1.8.0/stm32cubeide/plugins/com.st.stm32cube.ide.mcu.externaltools.gnu-tools-for-stm32.10.3-2021.10.win32_1.0.100.202210260954/tools/bin/../lib/gcc/arm-none-eabi/10.3.1/thumb/v7e-m+fp/hard/crtbegin.o
 *(.bss*)
 .bss.WR_Counts
                0x00000000200000c4        0x4 ./Core/Src/Interrupt_Services.o
                0x00000000200000c4                WR_Counts
 .bss.FCT_Counts
                0x00000000200000c8        0x4 ./Core/Src/Interrupt_Services.o
                0x00000000200000c8                FCT_Counts
 .bss.WL_Counts
                0x00000000200000cc        0x4 ./Core/Src/Interrupt_Services.o
                0x00000000200000cc                WL_Counts
 .bss.WR_Instant
                0x00000000200000d0        0x4 ./Core/Src/Interrupt_Services.o
                0x00000000200000d0                WR_Instant
 .bss.WL_Instant
                0x00000000200000d4        0x4 ./Core/Src/Interrupt_Services.o
                0x00000000200000d4                WL_Instant
 .bss.FCT_Instant
                0x00000000200000d8        0x4 ./Core/Src/Interrupt_Services.o
                0x00000000200000d8                FCT_Instant
 .bss.Lt_Rt_flag
                0x00000000200000dc        0x2 ./Core/Src/Interrupt_Services.o
                0x00000000200000dc                Lt_Rt_flag
 .bss.Rt_Lt_flag
                0x00000000200000de        0x2 ./Core/Src/Interrupt_Services.o
                0x00000000200000de                Rt_Lt_flag
 .bss.Entry_flag
                0x00000000200000e0        0x2 ./Core/Src/Interrupt_Services.o
                0x00000000200000e0                Entry_flag
 *fill*         0x00000000200000e2        0x2 
 .bss.Receive_Buffer
                0x00000000200000e4       0xff ./Core/Src/Interrupt_Services.o
                0x00000000200000e4                Receive_Buffer
 *fill*         0x00000000200001e3        0x1 
 .bss.WR_Ring_Bulletin
                0x00000000200001e4       0x28 ./Core/Src/Save_Data.o
                0x00000000200001e4                WR_Ring_Bulletin
 .bss.WL_Ring_Bulletin
                0x000000002000020c        0xa ./Core/Src/Save_Data.o
                0x000000002000020c                WL_Ring_Bulletin
 *fill*         0x0000000020000216        0x2 
 .bss.FCT_Ring_Bulletin
                0x0000000020000218        0xa ./Core/Src/Save_Data.o
                0x0000000020000218                FCT_Ring_Bulletin
 *fill*         0x0000000020000222        0x2 
 .bss.WR_Count_Bulletin
                0x0000000020000224        0xa ./Core/Src/Save_Data.o
                0x0000000020000224                WR_Count_Bulletin
 *fill*         0x000000002000022e        0x2 
 .bss.WL_Count_Bulletin
                0x0000000020000230        0xa ./Core/Src/Save_Data.o
                0x0000000020000230                WL_Count_Bulletin
 *fill*         0x000000002000023a        0x2 
 .bss.FCT_Count_Bulletin
                0x000000002000023c        0xa ./Core/Src/Save_Data.o
                0x000000002000023c                FCT_Count_Bulletin
 .bss.WR_Roller
                0x0000000020000246        0x1 ./Core/Src/Save_Data.o
                0x0000000020000246                WR_Roller
 .bss.WL_Roller
                0x0000000020000247        0x1 ./Core/Src/Save_Data.o
                0x0000000020000247                WL_Roller
 .bss.FCT_Roller
                0x0000000020000248        0x1 ./Core/Src/Save_Data.o
                0x0000000020000248                FCT_Roller
 *fill*         0x0000000020000249        0x3 
 .bss.WR_Ring_Unit
                0x000000002000024c        0x4 ./Core/Src/Save_Data.o
                0x000000002000024c                WR_Ring_Unit
 .bss.WL_Ring_Unit
                0x0000000020000250        0x4 ./Core/Src/Save_Data.o
                0x0000000020000250                WL_Ring_Unit
 .bss.FCT_Ring_Unit
                0x0000000020000254        0x4 ./Core/Src/Save_Data.o
                0x0000000020000254                FCT_Ring_Unit
 .bss.Connect_Reply
                0x0000000020000258        0x1 ./Core/Src/TCP_IP.o
                0x0000000020000258                Connect_Reply
 .bss.Phy_TCP_IP
                0x0000000020000259        0x1 ./Core/Src/TCP_IP.o
                0x0000000020000259                Phy_TCP_IP
 *fill*         0x000000002000025a        0x2 
 .bss.test_Events
                0x000000002000025c        0x2 ./Core/Src/event.o
                0x000000002000025c                test_Events
 *fill*         0x000000002000025e        0x2 
 .bss.hrtc      0x0000000020000260       0x20 ./Core/Src/main.o
                0x0000000020000260                hrtc
 .bss.hspi2     0x0000000020000280       0x64 ./Core/Src/main.o
                0x0000000020000280                hspi2
 .bss.hspi3     0x00000000200002e4       0x64 ./Core/Src/main.o
                0x00000000200002e4                hspi3
 .bss.htim2     0x0000000020000348       0x4c ./Core/Src/main.o
                0x0000000020000348                htim2
 .bss.htim6     0x0000000020000394       0x4c ./Core/Src/main.o
                0x0000000020000394                htim6
 .bss.huart2    0x00000000200003e0       0x84 ./Core/Src/main.o
                0x00000000200003e0                huart2
 .bss.sock_io_mode
                0x0000000020000464        0x2 ./Core/Src/socket.o
 .bss.sock_is_sending
                0x0000000020000466        0x2 ./Core/Src/socket.o
 .bss.sock_remained_size
                0x0000000020000468       0x10 ./Core/Src/socket.o
 .bss.sock_pack_info
                0x0000000020000478        0x8 ./Core/Src/socket.o
                0x0000000020000478                sock_pack_info
 .bss.WR_Samples
                0x0000000020000480      0x320 ./Core/Src/state_Handler.o
                0x0000000020000480                WR_Samples
 .bss.FCT_Samples
                0x00000000200007a0      0x320 ./Core/Src/state_Handler.o
                0x00000000200007a0                FCT_Samples
 .bss.WL_Samples
                0x0000000020000ac0      0x320 ./Core/Src/state_Handler.o
                0x0000000020000ac0                WL_Samples
 .bss.WR_Ring   0x0000000020000de0       0x20 ./Core/Src/state_Handler.o
                0x0000000020000de0                WR_Ring
 .bss.FCT_Ring  0x0000000020000e00       0x20 ./Core/Src/state_Handler.o
                0x0000000020000e00                FCT_Ring
 .bss.WL_Ring   0x0000000020000e20       0x20 ./Core/Src/state_Handler.o
                0x0000000020000e20                WL_Ring
 .bss.__sbrk_heap_end
                0x0000000020000e40        0x4 ./Core/Src/sysmem.o
 .bss._DNS_     0x0000000020000e44        0x4 ./Core/Src/wizchip_conf.o
 .bss._DHCP_    0x0000000020000e48        0x1 ./Core/Src/wizchip_conf.o
 *fill*         0x0000000020000e49        0x3 
 .bss.uwTick    0x0000000020000e4c        0x4 ./Drivers/STM32F3xx_HAL_Driver/Src/stm32f3xx_hal.o
                0x0000000020000e4c                uwTick
 .bss.__malloc_free_list
                0x0000000020000e50        0x4 c:/st/stm32cubeide_1.8.0/stm32cubeide/plugins/com.st.stm32cube.ide.mcu.externaltools.gnu-tools-for-stm32.10.3-2021.10.win32_1.0.100.202210260954/tools/bin/../lib/gcc/arm-none-eabi/10.3.1/../../../../arm-none-eabi/lib/thumb/v7e-m+fp/hard\libc_nano.a(lib_a-nano-mallocr.o)
                0x0000000020000e50                __malloc_free_list
 .bss.__malloc_sbrk_start
                0x0000000020000e54        0x4 c:/st/stm32cubeide_1.8.0/stm32cubeide/plugins/com.st.stm32cube.ide.mcu.externaltools.gnu-tools-for-stm32.10.3-2021.10.win32_1.0.100.202210260954/tools/bin/../lib/gcc/arm-none-eabi/10.3.1/../../../../arm-none-eabi/lib/thumb/v7e-m+fp/hard\libc_nano.a(lib_a-nano-mallocr.o)
                0x0000000020000e54                __malloc_sbrk_start
 .bss.errno     0x0000000020000e58        0x4 c:/st/stm32cubeide_1.8.0/stm32cubeide/plugins/com.st.stm32cube.ide.mcu.externaltools.gnu-tools-for-stm32.10.3-2021.10.win32_1.0.100.202210260954/tools/bin/../lib/gcc/arm-none-eabi/10.3.1/../../../../arm-none-eabi/lib/thumb/v7e-m+fp/hard\libc_nano.a(lib_a-reent.o)
                0x0000000020000e58                errno
 .bss.__lock___malloc_recursive_mutex
                0x0000000020000e5c        0x1 c:/st/stm32cubeide_1.8.0/stm32cubeide/plugins/com.st.stm32cube.ide.mcu.externaltools.gnu-tools-for-stm32.10.3-2021.10.win32_1.0.100.202210260954/tools/bin/../lib/gcc/arm-none-eabi/10.3.1/../../../../arm-none-eabi/lib/thumb/v7e-m+fp/hard\libc_nano.a(lib_a-lock.o)
                0x0000000020000e5c                __lock___malloc_recursive_mutex
 *(COMMON)
                0x0000000020000e60                . = ALIGN (0x4)
 *fill*         0x0000000020000e5d        0x3 
                0x0000000020000e60                _ebss = .
                0x0000000020000e60                __bss_end__ = _ebss

._user_heap_stack
                0x0000000020000e60      0x600 load address 0x0000000008007b24
                0x0000000020000e60                . = ALIGN (0x8)
                [!provide]                        PROVIDE (end = .)
                0x0000000020000e60                PROVIDE (_end = .)
                0x0000000020001060                . = (. + _Min_Heap_Size)
 *fill*         0x0000000020000e60      0x200 
                0x0000000020001460                . = (. + _Min_Stack_Size)
 *fill*         0x0000000020001060      0x400 
                0x0000000020001460                . = ALIGN (0x8)

/DISCARD/
 libc.a(*)
 libm.a(*)
 libgcc.a(*)

.ARM.attributes
                0x0000000000000000       0x30
 *(.ARM.attributes)
 .ARM.attributes
                0x0000000000000000       0x1e c:/st/stm32cubeide_1.8.0/stm32cubeide/plugins/com.st.stm32cube.ide.mcu.externaltools.gnu-tools-for-stm32.10.3-2021.10.win32_1.0.100.202210260954/tools/bin/../lib/gcc/arm-none-eabi/10.3.1/thumb/v7e-m+fp/hard/crti.o
 .ARM.attributes
                0x000000000000001e       0x34 c:/st/stm32cubeide_1.8.0/stm32cubeide/plugins/com.st.stm32cube.ide.mcu.externaltools.gnu-tools-for-stm32.10.3-2021.10.win32_1.0.100.202210260954/tools/bin/../lib/gcc/arm-none-eabi/10.3.1/thumb/v7e-m+fp/hard/crtbegin.o
 .ARM.attributes
                0x0000000000000052       0x34 ./Core/Src/Interrupt_Services.o
 .ARM.attributes
                0x0000000000000086       0x34 ./Core/Src/Save_Data.o
 .ARM.attributes
                0x00000000000000ba       0x34 ./Core/Src/TCP_IP.o
 .ARM.attributes
                0x00000000000000ee       0x34 ./Core/Src/event.o
 .ARM.attributes
                0x0000000000000122       0x34 ./Core/Src/main.o
 .ARM.attributes
                0x0000000000000156       0x34 ./Core/Src/ring.o
 .ARM.attributes
                0x000000000000018a       0x34 ./Core/Src/socket.o
 .ARM.attributes
                0x00000000000001be       0x34 ./Core/Src/state.o
 .ARM.attributes
                0x00000000000001f2       0x34 ./Core/Src/state_Handler.o
 .ARM.attributes
                0x0000000000000226       0x34 ./Core/Src/stm32f3xx_hal_msp.o
 .ARM.attributes
                0x000000000000025a       0x34 ./Core/Src/stm32f3xx_it.o
 .ARM.attributes
                0x000000000000028e       0x34 ./Core/Src/sysmem.o
 .ARM.attributes
                0x00000000000002c2       0x34 ./Core/Src/system_stm32f3xx.o
 .ARM.attributes
                0x00000000000002f6       0x34 ./Core/Src/w5500.o
 .ARM.attributes
                0x000000000000032a       0x34 ./Core/Src/wizchip_conf.o
 .ARM.attributes
                0x000000000000035e       0x21 ./Core/Startup/startup_stm32f301c8tx.o
 .ARM.attributes
                0x000000000000037f       0x34 ./Drivers/STM32F3xx_HAL_Driver/Src/stm32f3xx_hal.o
 .ARM.attributes
                0x00000000000003b3       0x34 ./Drivers/STM32F3xx_HAL_Driver/Src/stm32f3xx_hal_cortex.o
 .ARM.attributes
                0x00000000000003e7       0x34 ./Drivers/STM32F3xx_HAL_Driver/Src/stm32f3xx_hal_gpio.o
 .ARM.attributes
                0x000000000000041b       0x34 ./Drivers/STM32F3xx_HAL_Driver/Src/stm32f3xx_hal_pwr.o
 .ARM.attributes
                0x000000000000044f       0x34 ./Drivers/STM32F3xx_HAL_Driver/Src/stm32f3xx_hal_rcc.o
 .ARM.attributes
                0x0000000000000483       0x34 ./Drivers/STM32F3xx_HAL_Driver/Src/stm32f3xx_hal_rcc_ex.o
 .ARM.attributes
                0x00000000000004b7       0x34 ./Drivers/STM32F3xx_HAL_Driver/Src/stm32f3xx_hal_rtc.o
 .ARM.attributes
                0x00000000000004eb       0x34 ./Drivers/STM32F3xx_HAL_Driver/Src/stm32f3xx_hal_spi.o
 .ARM.attributes
                0x000000000000051f       0x34 ./Drivers/STM32F3xx_HAL_Driver/Src/stm32f3xx_hal_tim.o
 .ARM.attributes
                0x0000000000000553       0x34 ./Drivers/STM32F3xx_HAL_Driver/Src/stm32f3xx_hal_tim_ex.o
 .ARM.attributes
                0x0000000000000587       0x34 ./Drivers/STM32F3xx_HAL_Driver/Src/stm32f3xx_hal_uart.o
 .ARM.attributes
                0x00000000000005bb       0x34 c:/st/stm32cubeide_1.8.0/stm32cubeide/plugins/com.st.stm32cube.ide.mcu.externaltools.gnu-tools-for-stm32.10.3-2021.10.win32_1.0.100.202210260954/tools/bin/../lib/gcc/arm-none-eabi/10.3.1/../../../../arm-none-eabi/lib/thumb/v7e-m+fp/hard\libc_nano.a(lib_a-errno.o)
 .ARM.attributes
                0x00000000000005ef       0x34 c:/st/stm32cubeide_1.8.0/stm32cubeide/plugins/com.st.stm32cube.ide.mcu.externaltools.gnu-tools-for-stm32.10.3-2021.10.win32_1.0.100.202210260954/tools/bin/../lib/gcc/arm-none-eabi/10.3.1/../../../../arm-none-eabi/lib/thumb/v7e-m+fp/hard\libc_nano.a(lib_a-impure.o)
 .ARM.attributes
                0x0000000000000623       0x34 c:/st/stm32cubeide_1.8.0/stm32cubeide/plugins/com.st.stm32cube.ide.mcu.externaltools.gnu-tools-for-stm32.10.3-2021.10.win32_1.0.100.202210260954/tools/bin/../lib/gcc/arm-none-eabi/10.3.1/../../../../arm-none-eabi/lib/thumb/v7e-m+fp/hard\libc_nano.a(lib_a-init.o)
 .ARM.attributes
                0x0000000000000657       0x34 c:/st/stm32cubeide_1.8.0/stm32cubeide/plugins/com.st.stm32cube.ide.mcu.externaltools.gnu-tools-for-stm32.10.3-2021.10.win32_1.0.100.202210260954/tools/bin/../lib/gcc/arm-none-eabi/10.3.1/../../../../arm-none-eabi/lib/thumb/v7e-m+fp/hard\libc_nano.a(lib_a-itoa.o)
 .ARM.attributes
                0x000000000000068b       0x34 c:/st/stm32cubeide_1.8.0/stm32cubeide/plugins/com.st.stm32cube.ide.mcu.externaltools.gnu-tools-for-stm32.10.3-2021.10.win32_1.0.100.202210260954/tools/bin/../lib/gcc/arm-none-eabi/10.3.1/../../../../arm-none-eabi/lib/thumb/v7e-m+fp/hard\libc_nano.a(lib_a-malloc.o)
 .ARM.attributes
                0x00000000000006bf       0x34 c:/st/stm32cubeide_1.8.0/stm32cubeide/plugins/com.st.stm32cube.ide.mcu.externaltools.gnu-tools-for-stm32.10.3-2021.10.win32_1.0.100.202210260954/tools/bin/../lib/gcc/arm-none-eabi/10.3.1/../../../../arm-none-eabi/lib/thumb/v7e-m+fp/hard\libc_nano.a(lib_a-memcpy-stub.o)
 .ARM.attributes
                0x00000000000006f3       0x34 c:/st/stm32cubeide_1.8.0/stm32cubeide/plugins/com.st.stm32cube.ide.mcu.externaltools.gnu-tools-for-stm32.10.3-2021.10.win32_1.0.100.202210260954/tools/bin/../lib/gcc/arm-none-eabi/10.3.1/../../../../arm-none-eabi/lib/thumb/v7e-m+fp/hard\libc_nano.a(lib_a-memset.o)
 .ARM.attributes
                0x0000000000000727       0x34 c:/st/stm32cubeide_1.8.0/stm32cubeide/plugins/com.st.stm32cube.ide.mcu.externaltools.gnu-tools-for-stm32.10.3-2021.10.win32_1.0.100.202210260954/tools/bin/../lib/gcc/arm-none-eabi/10.3.1/../../../../arm-none-eabi/lib/thumb/v7e-m+fp/hard\libc_nano.a(lib_a-nano-freer.o)
 .ARM.attributes
                0x000000000000075b       0x34 c:/st/stm32cubeide_1.8.0/stm32cubeide/plugins/com.st.stm32cube.ide.mcu.externaltools.gnu-tools-for-stm32.10.3-2021.10.win32_1.0.100.202210260954/tools/bin/../lib/gcc/arm-none-eabi/10.3.1/../../../../arm-none-eabi/lib/thumb/v7e-m+fp/hard\libc_nano.a(lib_a-nano-mallocr.o)
 .ARM.attributes
                0x000000000000078f       0x34 c:/st/stm32cubeide_1.8.0/stm32cubeide/plugins/com.st.stm32cube.ide.mcu.externaltools.gnu-tools-for-stm32.10.3-2021.10.win32_1.0.100.202210260954/tools/bin/../lib/gcc/arm-none-eabi/10.3.1/../../../../arm-none-eabi/lib/thumb/v7e-m+fp/hard\libc_nano.a(lib_a-sbrkr.o)
 .ARM.attributes
                0x00000000000007c3       0x34 c:/st/stm32cubeide_1.8.0/stm32cubeide/plugins/com.st.stm32cube.ide.mcu.externaltools.gnu-tools-for-stm32.10.3-2021.10.win32_1.0.100.202210260954/tools/bin/../lib/gcc/arm-none-eabi/10.3.1/../../../../arm-none-eabi/lib/thumb/v7e-m+fp/hard\libc_nano.a(lib_a-strcat.o)
 .ARM.attributes
                0x00000000000007f7       0x17 c:/st/stm32cubeide_1.8.0/stm32cubeide/plugins/com.st.stm32cube.ide.mcu.externaltools.gnu-tools-for-stm32.10.3-2021.10.win32_1.0.100.202210260954/tools/bin/../lib/gcc/arm-none-eabi/10.3.1/../../../../arm-none-eabi/lib/thumb/v7e-m+fp/hard\libc_nano.a(lib_a-strlen.o)
 .ARM.attributes
                0x000000000000080e       0x34 c:/st/stm32cubeide_1.8.0/stm32cubeide/plugins/com.st.stm32cube.ide.mcu.externaltools.gnu-tools-for-stm32.10.3-2021.10.win32_1.0.100.202210260954/tools/bin/../lib/gcc/arm-none-eabi/10.3.1/../../../../arm-none-eabi/lib/thumb/v7e-m+fp/hard\libc_nano.a(lib_a-utoa.o)
 .ARM.attributes
                0x0000000000000842       0x34 c:/st/stm32cubeide_1.8.0/stm32cubeide/plugins/com.st.stm32cube.ide.mcu.externaltools.gnu-tools-for-stm32.10.3-2021.10.win32_1.0.100.202210260954/tools/bin/../lib/gcc/arm-none-eabi/10.3.1/../../../../arm-none-eabi/lib/thumb/v7e-m+fp/hard\libc_nano.a(lib_a-mlock.o)
 .ARM.attributes
                0x0000000000000876       0x34 c:/st/stm32cubeide_1.8.0/stm32cubeide/plugins/com.st.stm32cube.ide.mcu.externaltools.gnu-tools-for-stm32.10.3-2021.10.win32_1.0.100.202210260954/tools/bin/../lib/gcc/arm-none-eabi/10.3.1/../../../../arm-none-eabi/lib/thumb/v7e-m+fp/hard\libc_nano.a(lib_a-reent.o)
 .ARM.attributes
                0x00000000000008aa       0x34 c:/st/stm32cubeide_1.8.0/stm32cubeide/plugins/com.st.stm32cube.ide.mcu.externaltools.gnu-tools-for-stm32.10.3-2021.10.win32_1.0.100.202210260954/tools/bin/../lib/gcc/arm-none-eabi/10.3.1/../../../../arm-none-eabi/lib/thumb/v7e-m+fp/hard\libc_nano.a(lib_a-lock.o)
 .ARM.attributes
                0x00000000000008de       0x1e c:/st/stm32cubeide_1.8.0/stm32cubeide/plugins/com.st.stm32cube.ide.mcu.externaltools.gnu-tools-for-stm32.10.3-2021.10.win32_1.0.100.202210260954/tools/bin/../lib/gcc/arm-none-eabi/10.3.1/thumb/v7e-m+fp/hard/crtn.o
OUTPUT(Basic_State_Machine_Embedded.elf elf32-littlearm)
LOAD linker stubs
LOAD c:/st/stm32cubeide_1.8.0/stm32cubeide/plugins/com.st.stm32cube.ide.mcu.externaltools.gnu-tools-for-stm32.10.3-2021.10.win32_1.0.100.202210260954/tools/bin/../lib/gcc/arm-none-eabi/10.3.1/../../../../arm-none-eabi/lib/thumb/v7e-m+fp/hard\libc.a
LOAD c:/st/stm32cubeide_1.8.0/stm32cubeide/plugins/com.st.stm32cube.ide.mcu.externaltools.gnu-tools-for-stm32.10.3-2021.10.win32_1.0.100.202210260954/tools/bin/../lib/gcc/arm-none-eabi/10.3.1/../../../../arm-none-eabi/lib/thumb/v7e-m+fp/hard\libm.a
LOAD c:/st/stm32cubeide_1.8.0/stm32cubeide/plugins/com.st.stm32cube.ide.mcu.externaltools.gnu-tools-for-stm32.10.3-2021.10.win32_1.0.100.202210260954/tools/bin/../lib/gcc/arm-none-eabi/10.3.1/thumb/v7e-m+fp/hard\libgcc.a

.debug_info     0x0000000000000000    0x1568d
 .debug_info    0x0000000000000000      0x539 ./Core/Src/Interrupt_Services.o
 .debug_info    0x0000000000000539      0x557 ./Core/Src/Save_Data.o
 .debug_info    0x0000000000000a90      0x542 ./Core/Src/TCP_IP.o
 .debug_info    0x0000000000000fd2      0x106 ./Core/Src/event.o
 .debug_info    0x00000000000010d8     0x1f4f ./Core/Src/main.o
 .debug_info    0x0000000000003027      0x680 ./Core/Src/ring.o
 .debug_info    0x00000000000036a7      0x78a ./Core/Src/socket.o
 .debug_info    0x0000000000003e31       0xfa ./Core/Src/state.o
 .debug_info    0x0000000000003f2b      0x533 ./Core/Src/state_Handler.o
 .debug_info    0x000000000000445e     0x1691 ./Core/Src/stm32f3xx_hal_msp.o
 .debug_info    0x0000000000005aef      0x79d ./Core/Src/stm32f3xx_it.o
 .debug_info    0x000000000000628c      0x171 ./Core/Src/sysmem.o
 .debug_info    0x00000000000063fd      0x416 ./Core/Src/system_stm32f3xx.o
 .debug_info    0x0000000000006813      0x585 ./Core/Src/w5500.o
 .debug_info    0x0000000000006d98      0xd35 ./Core/Src/wizchip_conf.o
 .debug_info    0x0000000000007acd       0x22 ./Core/Startup/startup_stm32f301c8tx.o
 .debug_info    0x0000000000007aef      0x771 ./Drivers/STM32F3xx_HAL_Driver/Src/stm32f3xx_hal.o
 .debug_info    0x0000000000008260      0xb1a ./Drivers/STM32F3xx_HAL_Driver/Src/stm32f3xx_hal_cortex.o
 .debug_info    0x0000000000008d7a      0x68a ./Drivers/STM32F3xx_HAL_Driver/Src/stm32f3xx_hal_gpio.o
 .debug_info    0x0000000000009404      0x4ca ./Drivers/STM32F3xx_HAL_Driver/Src/stm32f3xx_hal_pwr.o
 .debug_info    0x00000000000098ce     0x1586 ./Drivers/STM32F3xx_HAL_Driver/Src/stm32f3xx_hal_rcc.o
 .debug_info    0x000000000000ae54      0x5bf ./Drivers/STM32F3xx_HAL_Driver/Src/stm32f3xx_hal_rcc_ex.o
 .debug_info    0x000000000000b413      0xcff ./Drivers/STM32F3xx_HAL_Driver/Src/stm32f3xx_hal_rtc.o
 .debug_info    0x000000000000c112     0x178c ./Drivers/STM32F3xx_HAL_Driver/Src/stm32f3xx_hal_spi.o
 .debug_info    0x000000000000d89e     0x2ca3 ./Drivers/STM32F3xx_HAL_Driver/Src/stm32f3xx_hal_tim.o
 .debug_info    0x0000000000010541     0x1679 ./Drivers/STM32F3xx_HAL_Driver/Src/stm32f3xx_hal_tim_ex.o
 .debug_info    0x0000000000011bba     0x3ad3 ./Drivers/STM32F3xx_HAL_Driver/Src/stm32f3xx_hal_uart.o

.debug_abbrev   0x0000000000000000     0x32f3
 .debug_abbrev  0x0000000000000000      0x1ed ./Core/Src/Interrupt_Services.o
 .debug_abbrev  0x00000000000001ed      0x17c ./Core/Src/Save_Data.o
 .debug_abbrev  0x0000000000000369      0x20a ./Core/Src/TCP_IP.o
 .debug_abbrev  0x0000000000000573       0xf0 ./Core/Src/event.o
 .debug_abbrev  0x0000000000000663      0x34c ./Core/Src/main.o
 .debug_abbrev  0x00000000000009af      0x159 ./Core/Src/ring.o
 .debug_abbrev  0x0000000000000b08      0x1ae ./Core/Src/socket.o
 .debug_abbrev  0x0000000000000cb6       0xd8 ./Core/Src/state.o
 .debug_abbrev  0x0000000000000d8e      0x1b4 ./Core/Src/state_Handler.o
 .debug_abbrev  0x0000000000000f42      0x244 ./Core/Src/stm32f3xx_hal_msp.o
 .debug_abbrev  0x0000000000001186      0x184 ./Core/Src/stm32f3xx_it.o
 .debug_abbrev  0x000000000000130a       0xbb ./Core/Src/sysmem.o
 .debug_abbrev  0x00000000000013c5      0x116 ./Core/Src/system_stm32f3xx.o
 .debug_abbrev  0x00000000000014db      0x211 ./Core/Src/w5500.o
 .debug_abbrev  0x00000000000016ec      0x30a ./Core/Src/wizchip_conf.o
 .debug_abbrev  0x00000000000019f6       0x12 ./Core/Startup/startup_stm32f301c8tx.o
 .debug_abbrev  0x0000000000001a08      0x23f ./Drivers/STM32F3xx_HAL_Driver/Src/stm32f3xx_hal.o
 .debug_abbrev  0x0000000000001c47      0x2ed ./Drivers/STM32F3xx_HAL_Driver/Src/stm32f3xx_hal_cortex.o
 .debug_abbrev  0x0000000000001f34      0x1bb ./Drivers/STM32F3xx_HAL_Driver/Src/stm32f3xx_hal_gpio.o
 .debug_abbrev  0x00000000000020ef      0x13b ./Drivers/STM32F3xx_HAL_Driver/Src/stm32f3xx_hal_pwr.o
 .debug_abbrev  0x000000000000222a      0x30c ./Drivers/STM32F3xx_HAL_Driver/Src/stm32f3xx_hal_rcc.o
 .debug_abbrev  0x0000000000002536      0x226 ./Drivers/STM32F3xx_HAL_Driver/Src/stm32f3xx_hal_rcc_ex.o
 .debug_abbrev  0x000000000000275c      0x1c5 ./Drivers/STM32F3xx_HAL_Driver/Src/stm32f3xx_hal_rtc.o
 .debug_abbrev  0x0000000000002921      0x254 ./Drivers/STM32F3xx_HAL_Driver/Src/stm32f3xx_hal_spi.o
 .debug_abbrev  0x0000000000002b75      0x25d ./Drivers/STM32F3xx_HAL_Driver/Src/stm32f3xx_hal_tim.o
 .debug_abbrev  0x0000000000002dd2      0x265 ./Drivers/STM32F3xx_HAL_Driver/Src/stm32f3xx_hal_tim_ex.o
 .debug_abbrev  0x0000000000003037      0x2bc ./Drivers/STM32F3xx_HAL_Driver/Src/stm32f3xx_hal_uart.o

.debug_aranges  0x0000000000000000     0x1388
 .debug_aranges
                0x0000000000000000       0x40 ./Core/Src/Interrupt_Services.o
 .debug_aranges
                0x0000000000000040       0x38 ./Core/Src/Save_Data.o
 .debug_aranges
                0x0000000000000078       0x40 ./Core/Src/TCP_IP.o
 .debug_aranges
                0x00000000000000b8       0x30 ./Core/Src/event.o
 .debug_aranges
                0x00000000000000e8       0xa8 ./Core/Src/main.o
 .debug_aranges
                0x0000000000000190       0x78 ./Core/Src/ring.o
 .debug_aranges
                0x0000000000000208       0x78 ./Core/Src/socket.o
 .debug_aranges
                0x0000000000000280       0x28 ./Core/Src/state.o
 .debug_aranges
                0x00000000000002a8       0x50 ./Core/Src/state_Handler.o
 .debug_aranges
                0x00000000000002f8       0x60 ./Core/Src/stm32f3xx_hal_msp.o
 .debug_aranges
                0x0000000000000358       0x80 ./Core/Src/stm32f3xx_it.o
 .debug_aranges
                0x00000000000003d8       0x20 ./Core/Src/sysmem.o
 .debug_aranges
                0x00000000000003f8       0x28 ./Core/Src/system_stm32f3xx.o
 .debug_aranges
                0x0000000000000420       0x60 ./Core/Src/w5500.o
 .debug_aranges
                0x0000000000000480      0x138 ./Core/Src/wizchip_conf.o
 .debug_aranges
                0x00000000000005b8       0x28 ./Core/Startup/startup_stm32f301c8tx.o
 .debug_aranges
                0x00000000000005e0       0xe0 ./Drivers/STM32F3xx_HAL_Driver/Src/stm32f3xx_hal.o
 .debug_aranges
                0x00000000000006c0      0x100 ./Drivers/STM32F3xx_HAL_Driver/Src/stm32f3xx_hal_cortex.o
 .debug_aranges
                0x00000000000007c0       0x58 ./Drivers/STM32F3xx_HAL_Driver/Src/stm32f3xx_hal_gpio.o
 .debug_aranges
                0x0000000000000818       0x78 ./Drivers/STM32F3xx_HAL_Driver/Src/stm32f3xx_hal_pwr.o
 .debug_aranges
                0x0000000000000890       0x88 ./Drivers/STM32F3xx_HAL_Driver/Src/stm32f3xx_hal_rcc.o
 .debug_aranges
                0x0000000000000918       0x38 ./Drivers/STM32F3xx_HAL_Driver/Src/stm32f3xx_hal_rcc_ex.o
 .debug_aranges
                0x0000000000000950       0xe0 ./Drivers/STM32F3xx_HAL_Driver/Src/stm32f3xx_hal_rtc.o
 .debug_aranges
                0x0000000000000a30      0x1d8 ./Drivers/STM32F3xx_HAL_Driver/Src/stm32f3xx_hal_spi.o
 .debug_aranges
                0x0000000000000c08      0x3e0 ./Drivers/STM32F3xx_HAL_Driver/Src/stm32f3xx_hal_tim.o
 .debug_aranges
                0x0000000000000fe8      0x178 ./Drivers/STM32F3xx_HAL_Driver/Src/stm32f3xx_hal_tim_ex.o
 .debug_aranges
                0x0000000000001160      0x228 ./Drivers/STM32F3xx_HAL_Driver/Src/stm32f3xx_hal_uart.o

.debug_ranges   0x0000000000000000     0x1228
 .debug_ranges  0x0000000000000000       0x30 ./Core/Src/Interrupt_Services.o
 .debug_ranges  0x0000000000000030       0x28 ./Core/Src/Save_Data.o
 .debug_ranges  0x0000000000000058       0x30 ./Core/Src/TCP_IP.o
 .debug_ranges  0x0000000000000088       0x20 ./Core/Src/event.o
 .debug_ranges  0x00000000000000a8       0x98 ./Core/Src/main.o
 .debug_ranges  0x0000000000000140       0x68 ./Core/Src/ring.o
 .debug_ranges  0x00000000000001a8       0x80 ./Core/Src/socket.o
 .debug_ranges  0x0000000000000228       0x18 ./Core/Src/state.o
 .debug_ranges  0x0000000000000240       0x40 ./Core/Src/state_Handler.o
 .debug_ranges  0x0000000000000280       0x50 ./Core/Src/stm32f3xx_hal_msp.o
 .debug_ranges  0x00000000000002d0       0x70 ./Core/Src/stm32f3xx_it.o
 .debug_ranges  0x0000000000000340       0x10 ./Core/Src/sysmem.o
 .debug_ranges  0x0000000000000350       0x18 ./Core/Src/system_stm32f3xx.o
 .debug_ranges  0x0000000000000368       0x50 ./Core/Src/w5500.o
 .debug_ranges  0x00000000000003b8      0x128 ./Core/Src/wizchip_conf.o
 .debug_ranges  0x00000000000004e0       0x20 ./Core/Startup/startup_stm32f301c8tx.o
 .debug_ranges  0x0000000000000500       0xd0 ./Drivers/STM32F3xx_HAL_Driver/Src/stm32f3xx_hal.o
 .debug_ranges  0x00000000000005d0       0xf0 ./Drivers/STM32F3xx_HAL_Driver/Src/stm32f3xx_hal_cortex.o
 .debug_ranges  0x00000000000006c0       0x48 ./Drivers/STM32F3xx_HAL_Driver/Src/stm32f3xx_hal_gpio.o
 .debug_ranges  0x0000000000000708       0x68 ./Drivers/STM32F3xx_HAL_Driver/Src/stm32f3xx_hal_pwr.o
 .debug_ranges  0x0000000000000770       0x78 ./Drivers/STM32F3xx_HAL_Driver/Src/stm32f3xx_hal_rcc.o
 .debug_ranges  0x00000000000007e8       0x28 ./Drivers/STM32F3xx_HAL_Driver/Src/stm32f3xx_hal_rcc_ex.o
 .debug_ranges  0x0000000000000810       0xd0 ./Drivers/STM32F3xx_HAL_Driver/Src/stm32f3xx_hal_rtc.o
 .debug_ranges  0x00000000000008e0      0x1c8 ./Drivers/STM32F3xx_HAL_Driver/Src/stm32f3xx_hal_spi.o
 .debug_ranges  0x0000000000000aa8      0x3d0 ./Drivers/STM32F3xx_HAL_Driver/Src/stm32f3xx_hal_tim.o
 .debug_ranges  0x0000000000000e78      0x168 ./Drivers/STM32F3xx_HAL_Driver/Src/stm32f3xx_hal_tim_ex.o
 .debug_ranges  0x0000000000000fe0      0x248 ./Drivers/STM32F3xx_HAL_Driver/Src/stm32f3xx_hal_uart.o

.debug_macro    0x0000000000000000    0x194ec
 .debug_macro   0x0000000000000000      0x449 ./Core/Src/Interrupt_Services.o
 .debug_macro   0x0000000000000449      0xa78 ./Core/Src/Interrupt_Services.o
 .debug_macro   0x0000000000000ec1       0x22 ./Core/Src/Interrupt_Services.o
 .debug_macro   0x0000000000000ee3       0x4c ./Core/Src/Interrupt_Services.o
 .debug_macro   0x0000000000000f2f       0x1e ./Core/Src/Interrupt_Services.o
 .debug_macro   0x0000000000000f4d       0x94 ./Core/Src/Interrupt_Services.o
 .debug_macro   0x0000000000000fe1       0x3c ./Core/Src/Interrupt_Services.o
 .debug_macro   0x000000000000101d       0x34 ./Core/Src/Interrupt_Services.o
 .debug_macro   0x0000000000001051       0x16 ./Core/Src/Interrupt_Services.o
 .debug_macro   0x0000000000001067       0x57 ./Core/Src/Interrupt_Services.o
 .debug_macro   0x00000000000010be       0x97 ./Core/Src/Interrupt_Services.o
 .debug_macro   0x0000000000001155      0x341 ./Core/Src/Interrupt_Services.o
 .debug_macro   0x0000000000001496       0xfd ./Core/Src/Interrupt_Services.o
 .debug_macro   0x0000000000001593       0x10 ./Core/Src/Interrupt_Services.o
 .debug_macro   0x00000000000015a3       0x16 ./Core/Src/Interrupt_Services.o
 .debug_macro   0x00000000000015b9       0x43 ./Core/Src/Interrupt_Services.o
 .debug_macro   0x00000000000015fc       0x34 ./Core/Src/Interrupt_Services.o
 .debug_macro   0x0000000000001630       0x10 ./Core/Src/Interrupt_Services.o
 .debug_macro   0x0000000000001640       0x58 ./Core/Src/Interrupt_Services.o
 .debug_macro   0x0000000000001698       0x71 ./Core/Src/Interrupt_Services.o
 .debug_macro   0x0000000000001709       0x1c ./Core/Src/Interrupt_Services.o
 .debug_macro   0x0000000000001725      0x12a ./Core/Src/Interrupt_Services.o
 .debug_macro   0x000000000000184f       0x10 ./Core/Src/Interrupt_Services.o
 .debug_macro   0x000000000000185f       0x6a ./Core/Src/Interrupt_Services.o
 .debug_macro   0x00000000000018c9       0x1c ./Core/Src/Interrupt_Services.o
 .debug_macro   0x00000000000018e5       0x52 ./Core/Src/Interrupt_Services.o
 .debug_macro   0x0000000000001937       0x22 ./Core/Src/Interrupt_Services.o
 .debug_macro   0x0000000000001959       0x10 ./Core/Src/Interrupt_Services.o
 .debug_macro   0x0000000000001969       0x52 ./Core/Src/Interrupt_Services.o
 .debug_macro   0x00000000000019bb       0xd5 ./Core/Src/Interrupt_Services.o
 .debug_macro   0x0000000000001a90       0x1c ./Core/Src/Interrupt_Services.o
 .debug_macro   0x0000000000001aac       0x3d ./Core/Src/Interrupt_Services.o
 .debug_macro   0x0000000000001ae9       0x16 ./Core/Src/Interrupt_Services.o
 .debug_macro   0x0000000000001aff      0x145 ./Core/Src/Interrupt_Services.o
 .debug_macro   0x0000000000001c44       0x16 ./Core/Src/Interrupt_Services.o
 .debug_macro   0x0000000000001c5a       0x35 ./Core/Src/Interrupt_Services.o
 .debug_macro   0x0000000000001c8f       0x20 ./Core/Src/Interrupt_Services.o
 .debug_macro   0x0000000000001caf       0x52 ./Core/Src/Interrupt_Services.o
 .debug_macro   0x0000000000001d01      0x103 ./Core/Src/Interrupt_Services.o
 .debug_macro   0x0000000000001e04      0x1df ./Core/Src/Interrupt_Services.o
 .debug_macro   0x0000000000001fe3       0x66 ./Core/Src/Interrupt_Services.o
 .debug_macro   0x0000000000002049      0x5e7 ./Core/Src/Interrupt_Services.o
 .debug_macro   0x0000000000002630       0x66 ./Core/Src/Interrupt_Services.o
 .debug_macro   0x0000000000002696       0xdf ./Core/Src/Interrupt_Services.o
 .debug_macro   0x0000000000002775       0x10 ./Core/Src/Interrupt_Services.o
 .debug_macro   0x0000000000002785      0x163 ./Core/Src/Interrupt_Services.o
 .debug_macro   0x00000000000028e8       0x2e ./Core/Src/Interrupt_Services.o
 .debug_macro   0x0000000000002916       0x28 ./Core/Src/Interrupt_Services.o
 .debug_macro   0x000000000000293e       0x1c ./Core/Src/Interrupt_Services.o
 .debug_macro   0x000000000000295a       0x22 ./Core/Src/Interrupt_Services.o
 .debug_macro   0x000000000000297c       0xd9 ./Core/Src/Interrupt_Services.o
 .debug_macro   0x0000000000002a55      0xf07 ./Core/Src/Interrupt_Services.o
 .debug_macro   0x000000000000395c     0xb11f ./Core/Src/Interrupt_Services.o
 .debug_macro   0x000000000000ea7b       0x6d ./Core/Src/Interrupt_Services.o
 .debug_macro   0x000000000000eae8     0x3540 ./Core/Src/Interrupt_Services.o
 .debug_macro   0x0000000000012028       0x4f ./Core/Src/Interrupt_Services.o
 .debug_macro   0x0000000000012077      0x8f9 ./Core/Src/Interrupt_Services.o
 .debug_macro   0x0000000000012970      0x39d ./Core/Src/Interrupt_Services.o
 .debug_macro   0x0000000000012d0d      0x1b6 ./Core/Src/Interrupt_Services.o
 .debug_macro   0x0000000000012ec3      0x153 ./Core/Src/Interrupt_Services.o
 .debug_macro   0x0000000000013016      0x1d5 ./Core/Src/Interrupt_Services.o
 .debug_macro   0x00000000000131eb      0x1bc ./Core/Src/Interrupt_Services.o
 .debug_macro   0x00000000000133a7       0x34 ./Core/Src/Interrupt_Services.o
 .debug_macro   0x00000000000133db       0x3c ./Core/Src/Interrupt_Services.o
 .debug_macro   0x0000000000013417       0x57 ./Core/Src/Interrupt_Services.o
 .debug_macro   0x000000000001346e       0xc5 ./Core/Src/Interrupt_Services.o
 .debug_macro   0x0000000000013533      0x19f ./Core/Src/Interrupt_Services.o
 .debug_macro   0x00000000000136d2      0x22c ./Core/Src/Interrupt_Services.o
 .debug_macro   0x00000000000138fe       0x5b ./Core/Src/Interrupt_Services.o
 .debug_macro   0x0000000000013959       0xa5 ./Core/Src/Interrupt_Services.o
 .debug_macro   0x00000000000139fe       0x81 ./Core/Src/Interrupt_Services.o
 .debug_macro   0x0000000000013a7f       0xd3 ./Core/Src/Interrupt_Services.o
 .debug_macro   0x0000000000013b52      0x2fe ./Core/Src/Interrupt_Services.o
 .debug_macro   0x0000000000013e50      0x3e2 ./Core/Src/Interrupt_Services.o
 .debug_macro   0x0000000000014232       0xeb ./Core/Src/Interrupt_Services.o
 .debug_macro   0x000000000001431d      0x2fe ./Core/Src/Interrupt_Services.o
 .debug_macro   0x000000000001461b      0xa3d ./Core/Src/Interrupt_Services.o
 .debug_macro   0x0000000000015058       0x41 ./Core/Src/Interrupt_Services.o
 .debug_macro   0x0000000000015099      0x5a5 ./Core/Src/Interrupt_Services.o
 .debug_macro   0x000000000001563e       0x44 ./Core/Src/Interrupt_Services.o
 .debug_macro   0x0000000000015682      0x1db ./Core/Src/Interrupt_Services.o
 .debug_macro   0x000000000001585d       0x16 ./Core/Src/Interrupt_Services.o
 .debug_macro   0x0000000000015873       0x16 ./Core/Src/Interrupt_Services.o
 .debug_macro   0x0000000000015889       0x29 ./Core/Src/Interrupt_Services.o
 .debug_macro   0x00000000000158b2       0x8e ./Core/Src/Interrupt_Services.o
 .debug_macro   0x0000000000015940      0x27a ./Core/Src/Save_Data.o
 .debug_macro   0x0000000000015bba      0x10e ./Core/Src/Save_Data.o
 .debug_macro   0x0000000000015cc8       0x8d ./Core/Src/Save_Data.o
 .debug_macro   0x0000000000015d55       0x1c ./Core/Src/Save_Data.o
 .debug_macro   0x0000000000015d71      0x445 ./Core/Src/TCP_IP.o
 .debug_macro   0x00000000000161b6       0x8e ./Core/Src/TCP_IP.o
 .debug_macro   0x0000000000016244       0x51 ./Core/Src/TCP_IP.o
 .debug_macro   0x0000000000016295      0x174 ./Core/Src/TCP_IP.o
 .debug_macro   0x0000000000016409       0x55 ./Core/Src/TCP_IP.o
 .debug_macro   0x000000000001645e       0x6c ./Core/Src/TCP_IP.o
 .debug_macro   0x00000000000164ca       0x52 ./Core/Src/TCP_IP.o
 .debug_macro   0x000000000001651c       0x25 ./Core/Src/event.o
 .debug_macro   0x0000000000016541      0x445 ./Core/Src/main.o
 .debug_macro   0x0000000000016986      0x171 ./Core/Src/ring.o
 .debug_macro   0x0000000000016af7       0xb8 ./Core/Src/socket.o
 .debug_macro   0x0000000000016baf       0x25 ./Core/Src/state.o
 .debug_macro   0x0000000000016bd4      0x44b ./Core/Src/state_Handler.o
 .debug_macro   0x000000000001701f      0x445 ./Core/Src/stm32f3xx_hal_msp.o
 .debug_macro   0x0000000000017464      0x44f ./Core/Src/stm32f3xx_it.o
 .debug_macro   0x00000000000178b3       0xff ./Core/Src/sysmem.o
 .debug_macro   0x00000000000179b2      0x23b ./Core/Src/sysmem.o
 .debug_macro   0x0000000000017bed      0x1f2 ./Core/Src/system_stm32f3xx.o
 .debug_macro   0x0000000000017ddf       0x9d ./Core/Src/w5500.o
 .debug_macro   0x0000000000017e7c       0x94 ./Core/Src/wizchip_conf.o
 .debug_macro   0x0000000000017f10      0x216 ./Drivers/STM32F3xx_HAL_Driver/Src/stm32f3xx_hal.o
 .debug_macro   0x0000000000018126      0x1f2 ./Drivers/STM32F3xx_HAL_Driver/Src/stm32f3xx_hal_cortex.o
 .debug_macro   0x0000000000018318      0x1f9 ./Drivers/STM32F3xx_HAL_Driver/Src/stm32f3xx_hal_gpio.o
 .debug_macro   0x0000000000018511      0x1f2 ./Drivers/STM32F3xx_HAL_Driver/Src/stm32f3xx_hal_pwr.o
 .debug_macro   0x0000000000018703      0x216 ./Drivers/STM32F3xx_HAL_Driver/Src/stm32f3xx_hal_rcc.o
 .debug_macro   0x0000000000018919      0x1f2 ./Drivers/STM32F3xx_HAL_Driver/Src/stm32f3xx_hal_rcc_ex.o
 .debug_macro   0x0000000000018b0b      0x1f3 ./Drivers/STM32F3xx_HAL_Driver/Src/stm32f3xx_hal_rtc.o
 .debug_macro   0x0000000000018cfe      0x1fa ./Drivers/STM32F3xx_HAL_Driver/Src/stm32f3xx_hal_spi.o
 .debug_macro   0x0000000000018ef8      0x1f3 ./Drivers/STM32F3xx_HAL_Driver/Src/stm32f3xx_hal_tim.o
 .debug_macro   0x00000000000190eb      0x1f2 ./Drivers/STM32F3xx_HAL_Driver/Src/stm32f3xx_hal_tim_ex.o
 .debug_macro   0x00000000000192dd      0x20f ./Drivers/STM32F3xx_HAL_Driver/Src/stm32f3xx_hal_uart.o

.debug_line     0x0000000000000000    0x183e7
 .debug_line    0x0000000000000000      0xb3d ./Core/Src/Interrupt_Services.o
 .debug_line    0x0000000000000b3d      0x7fc ./Core/Src/Save_Data.o
 .debug_line    0x0000000000001339      0xa90 ./Core/Src/TCP_IP.o
 .debug_line    0x0000000000001dc9       0x9c ./Core/Src/event.o
 .debug_line    0x0000000000001e65      0xe5c ./Core/Src/main.o
 .debug_line    0x0000000000002cc1      0x7cc ./Core/Src/ring.o
 .debug_line    0x000000000000348d      0xd41 ./Core/Src/socket.o
 .debug_line    0x00000000000041ce       0x85 ./Core/Src/state.o
 .debug_line    0x0000000000004253      0xad8 ./Core/Src/state_Handler.o
 .debug_line    0x0000000000004d2b      0xba7 ./Core/Src/stm32f3xx_hal_msp.o
 .debug_line    0x00000000000058d2      0xb2a ./Core/Src/stm32f3xx_it.o
 .debug_line    0x00000000000063fc      0x4ef ./Core/Src/sysmem.o
 .debug_line    0x00000000000068eb      0x7b4 ./Core/Src/system_stm32f3xx.o