../Core/Src/main.c:81:9:spi_rb	16	static
../Core/Src/main.c:88:6:spi_wb	16	static
../Core/Src/main.c:93:6:Timer2_Stop	0	static
../Core/Src/main.c:98:6:Timer2_DeInitilized	8	static
../Core/Src/main.c:104:6:Timer2_Initilized	8	static
../Core/Src/main.c:110:6:Timer2_Start	0	static
../Core/Src/main.c:115:6:Timer6_Start	0	static
../Core/Src/main.c:120:6:Timer6_Stop	0	static
../Core/Src/main.c:125:5:Timer2_GetTimer	0	static
../Core/Src/main.c:302:6:SystemClock_Config	128	static
../Core/Src/main.c:136:5:main	56	static
../Core/Src/main.c:708:6:HAL_GPIO_EXTI_Callback	8	static
../Core/Src/main.c:784:6:Error_Handler	0	static
