../Core/Src/main.c:94:9:spi_rb	16	static
../Core/Src/main.c:101:6:spi_wb	16	static
../Core/Src/main.c:106:6:Timer2_Stop	0	static
../Core/Src/main.c:111:6:Timer2_DeInitilized	8	static
../Core/Src/main.c:119:6:Timer2_Initilized	8	static
../Core/Src/main.c:127:6:Timer2_Start	0	static
../Core/Src/main.c:132:6:Timer6_Start	0	static
../Core/Src/main.c:137:6:Timer6_Stop	0	static
../Core/Src/main.c:142:6:Timer16_Start	8	static
../Core/Src/main.c:148:6:Timer16_Stop	8	static
../Core/Src/main.c:154:6:Timer17_Start	8	static
../Core/Src/main.c:160:6:Timer17_Stop	8	static
../Core/Src/main.c:166:5:Timer2_GetTimer	0	static
../Core/Src/main.c:427:6:SystemClock_Config	128	static
../Core/Src/main.c:177:5:main	64	static
../Core/Src/main.c:919:6:HAL_GPIO_EXTI_Callback	8	static
../Core/Src/main.c:995:6:Error_Handler	0	static
