../Core/Src/ring.c:11:10:RingGetElementsCapacity	0	static
../Core/Src/ring.c:15:10:RingGetSpace	0	static
../Core/Src/ring.c:19:10:RingGetDataCnt	0	static
../Core/Src/ring.c:24:14:RingInit	24	static
../Core/Src/ring.c:45:14:RingInitAlloc	16	static
../Core/Src/ring.c:58:14:RingWriteElement	16	static
../Core/Src/ring.c:84:14:RingWriteElements	40	static
../Core/Src/ring.c:126:14:RingReadElement	24	static
../Core/Src/ring.c:148:14:RingReadElements	32	static
../Core/Src/ring.c:178:10:RingGetHead	0	static
../Core/Src/ring.c:182:10:RingGetTail	0	static
../Core/Src/ring.c:186:14:RingGetLastElement	8	static
