stm32f3xx_hal_msp.c:64:6:HAL_MspInit	8	static
stm32f3xx_hal_msp.c:86:6:HAL_RTC_MspInit	0	static,ignoring_inline_asm
stm32f3xx_hal_msp.c:108:6:HAL_RTC_MspDeInit	0	static,ignoring_inline_asm
stm32f3xx_hal_msp.c:130:6:HAL_SPI_MspInit	64	static
stm32f3xx_hal_msp.c:200:6:HAL_SPI_MspDeInit	8	static
stm32f3xx_hal_msp.c:251:6:HAL_TIM_Base_MspInit	8	static
stm32f3xx_hal_msp.c:273:6:HAL_TIM_Base_MspDeInit	0	static
stm32f3xx_hal_msp.c:295:6:HAL_UART_MspInit	40	static
stm32f3xx_hal_msp.c:331:6:HAL_UART_MspDeInit	0	static
