main.c:70:9:spi_rb	16	static
main.c:77:6:spi_wb	16	static
main.c:82:6:Timer2_Stop	8	static
main.c:87:6:Timer2_DeInitilized	8	static
main.c:92:6:Timer2_Initilized	8	static
main.c:102:5:main	8	static
main.c:206:6:SystemClock_Config	120	static
main.c:257:13:MX_RTC_Init	32	static
main.c:319:13:MX_SPI2_Init	8	static
main.c:359:13:MX_SPI3_Init	8	static
main.c:399:13:MX_TIM2_Init	40	static
main.c:444:13:MX_USART2_UART_Init	8	static
main.c:480:13:MX_GPIO_Init	48	static
main.c:548:6:HAL_GPIO_EXTI_Callback	16	static
main.c:609:6:Error_Handler	4	static
