../Core/Src/main.c:73:9:spi_rb	16	static
../Core/Src/main.c:80:6:spi_wb	16	static
../Core/Src/main.c:85:6:Timer2_Stop	8	static
../Core/Src/main.c:90:6:Timer2_DeInitilized	8	static
../Core/Src/main.c:95:6:Timer2_Initilized	8	static
../Core/Src/main.c:100:6:Timer2_Start	8	static
../Core/Src/main.c:105:5:Timer2_GetTimer	16	static
../Core/Src/main.c:116:5:main	24	static
../Core/Src/main.c:259:6:SystemClock_Config	120	static
../Core/Src/main.c:310:13:MX_RTC_Init	32	static
../Core/Src/main.c:372:13:MX_SPI2_Init	8	static
../Core/Src/main.c:412:13:MX_SPI3_Init	8	static
../Core/Src/main.c:452:13:MX_TIM2_Init	40	static
../Core/Src/main.c:497:13:MX_USART2_UART_Init	8	static
../Core/Src/main.c:533:13:MX_GPIO_Init	48	static
../Core/Src/main.c:601:6:HAL_GPIO_EXTI_Callback	16	static
../Core/Src/main.c:676:6:Error_Handler	4	static
