../Core/Src/state_Handler.c:21:6:Initilisation_State_Handler	8	static
../Core/Src/state_Handler.c:40:6:Health_State_Handler	8	static
../Core/Src/state_Handler.c:71:6:Reset_State_Handler	8	static
../Core/Src/state_Handler.c:96:6:Idle_State_Handler	8	static
../Core/Src/state_Handler.c:108:6:WRSide_Train_Presence_State_Handler	8	static
../Core/Src/state_Handler.c:123:6:WLSide_Train_Presence_State_Handler	8	static
../Core/Src/state_Handler.c:136:6:Train_Exit_State_Handler	8	static
../Core/Src/state_Handler.c:148:6:Log_Data_State_Handler	8	static
