../Core/Src/state_Handler.c:21:6:Initilisation_State_Handler	8	static
../Core/Src/state_Handler.c:40:6:Health_State_Handler	8	static
../Core/Src/state_Handler.c:71:6:Reset_State_Handler	8	static
../Core/Src/state_Handler.c:97:6:Idle_State_Handler	8	static
../Core/Src/state_Handler.c:109:6:WRSide_Train_Presence_State_Handler	8	static
../Core/Src/state_Handler.c:124:6:WLSide_Train_Presence_State_Handler	8	static
../Core/Src/state_Handler.c:137:6:Train_Exit_State_Handler	8	static
../Core/Src/state_Handler.c:149:6:Log_Data_State_Handler	8	static
