Archive member included to satisfy reference by file (symbol)

c:/st/stm32cubeide_1.8.0/stm32cubeide/plugins/com.st.stm32cube.ide.mcu.externaltools.gnu-tools-for-stm32.10.3-2021.10.win32_1.0.100.202210260954/tools/bin/../lib/gcc/arm-none-eabi/10.3.1/../../../../arm-none-eabi/lib/thumb/v7e-m+fp/hard\libc_nano.a(lib_a-errno.o)
                              ./Core/Src/syscalls.o (__errno)
c:/st/stm32cubeide_1.8.0/stm32cubeide/plugins/com.st.stm32cube.ide.mcu.externaltools.gnu-tools-for-stm32.10.3-2021.10.win32_1.0.100.202210260954/tools/bin/../lib/gcc/arm-none-eabi/10.3.1/../../../../arm-none-eabi/lib/thumb/v7e-m+fp/hard\libc_nano.a(lib_a-exit.o)
                              c:/st/stm32cubeide_1.8.0/stm32cubeide/plugins/com.st.stm32cube.ide.mcu.externaltools.gnu-tools-for-stm32.10.3-2021.10.win32_1.0.100.202210260954/tools/bin/../lib/gcc/arm-none-eabi/10.3.1/../../../../arm-none-eabi/lib/thumb/v7e-m+fp/hard/crt0.o (exit)
c:/st/stm32cubeide_1.8.0/stm32cubeide/plugins/com.st.stm32cube.ide.mcu.externaltools.gnu-tools-for-stm32.10.3-2021.10.win32_1.0.100.202210260954/tools/bin/../lib/gcc/arm-none-eabi/10.3.1/../../../../arm-none-eabi/lib/thumb/v7e-m+fp/hard\libc_nano.a(lib_a-impure.o)
                              c:/st/stm32cubeide_1.8.0/stm32cubeide/plugins/com.st.stm32cube.ide.mcu.externaltools.gnu-tools-for-stm32.10.3-2021.10.win32_1.0.100.202210260954/tools/bin/../lib/gcc/arm-none-eabi/10.3.1/../../../../arm-none-eabi/lib/thumb/v7e-m+fp/hard\libc_nano.a(lib_a-exit.o) (_global_impure_ptr)
c:/st/stm32cubeide_1.8.0/stm32cubeide/plugins/com.st.stm32cube.ide.mcu.externaltools.gnu-tools-for-stm32.10.3-2021.10.win32_1.0.100.202210260954/tools/bin/../lib/gcc/arm-none-eabi/10.3.1/../../../../arm-none-eabi/lib/thumb/v7e-m+fp/hard\libc_nano.a(lib_a-init.o)
                              c:/st/stm32cubeide_1.8.0/stm32cubeide/plugins/com.st.stm32cube.ide.mcu.externaltools.gnu-tools-for-stm32.10.3-2021.10.win32_1.0.100.202210260954/tools/bin/../lib/gcc/arm-none-eabi/10.3.1/../../../../arm-none-eabi/lib/thumb/v7e-m+fp/hard/crt0.o (__libc_init_array)
c:/st/stm32cubeide_1.8.0/stm32cubeide/plugins/com.st.stm32cube.ide.mcu.externaltools.gnu-tools-for-stm32.10.3-2021.10.win32_1.0.100.202210260954/tools/bin/../lib/gcc/arm-none-eabi/10.3.1/../../../../arm-none-eabi/lib/thumb/v7e-m+fp/hard\libc_nano.a(lib_a-itoa.o)
                              ./Core/Src/Save_Data.o (itoa)
c:/st/stm32cubeide_1.8.0/stm32cubeide/plugins/com.st.stm32cube.ide.mcu.externaltools.gnu-tools-for-stm32.10.3-2021.10.win32_1.0.100.202210260954/tools/bin/../lib/gcc/arm-none-eabi/10.3.1/../../../../arm-none-eabi/lib/thumb/v7e-m+fp/hard\libc_nano.a(lib_a-malloc.o)
                              ./Core/Src/Save_Data.o (malloc)
c:/st/stm32cubeide_1.8.0/stm32cubeide/plugins/com.st.stm32cube.ide.mcu.externaltools.gnu-tools-for-stm32.10.3-2021.10.win32_1.0.100.202210260954/tools/bin/../lib/gcc/arm-none-eabi/10.3.1/../../../../arm-none-eabi/lib/thumb/v7e-m+fp/hard\libc_nano.a(lib_a-memcpy-stub.o)
                              ./Core/Src/ring.o (memcpy)
c:/st/stm32cubeide_1.8.0/stm32cubeide/plugins/com.st.stm32cube.ide.mcu.externaltools.gnu-tools-for-stm32.10.3-2021.10.win32_1.0.100.202210260954/tools/bin/../lib/gcc/arm-none-eabi/10.3.1/../../../../arm-none-eabi/lib/thumb/v7e-m+fp/hard\libc_nano.a(lib_a-memset.o)
                              c:/st/stm32cubeide_1.8.0/stm32cubeide/plugins/com.st.stm32cube.ide.mcu.externaltools.gnu-tools-for-stm32.10.3-2021.10.win32_1.0.100.202210260954/tools/bin/../lib/gcc/arm-none-eabi/10.3.1/../../../../arm-none-eabi/lib/thumb/v7e-m+fp/hard/crt0.o (memset)
c:/st/stm32cubeide_1.8.0/stm32cubeide/plugins/com.st.stm32cube.ide.mcu.externaltools.gnu-tools-for-stm32.10.3-2021.10.win32_1.0.100.202210260954/tools/bin/../lib/gcc/arm-none-eabi/10.3.1/../../../../arm-none-eabi/lib/thumb/v7e-m+fp/hard\libc_nano.a(lib_a-nano-freer.o)
                              c:/st/stm32cubeide_1.8.0/stm32cubeide/plugins/com.st.stm32cube.ide.mcu.externaltools.gnu-tools-for-stm32.10.3-2021.10.win32_1.0.100.202210260954/tools/bin/../lib/gcc/arm-none-eabi/10.3.1/../../../../arm-none-eabi/lib/thumb/v7e-m+fp/hard\libc_nano.a(lib_a-malloc.o) (_free_r)
c:/st/stm32cubeide_1.8.0/stm32cubeide/plugins/com.st.stm32cube.ide.mcu.externaltools.gnu-tools-for-stm32.10.3-2021.10.win32_1.0.100.202210260954/tools/bin/../lib/gcc/arm-none-eabi/10.3.1/../../../../arm-none-eabi/lib/thumb/v7e-m+fp/hard\libc_nano.a(lib_a-nano-mallocr.o)
                              c:/st/stm32cubeide_1.8.0/stm32cubeide/plugins/com.st.stm32cube.ide.mcu.externaltools.gnu-tools-for-stm32.10.3-2021.10.win32_1.0.100.202210260954/tools/bin/../lib/gcc/arm-none-eabi/10.3.1/../../../../arm-none-eabi/lib/thumb/v7e-m+fp/hard\libc_nano.a(lib_a-malloc.o) (_malloc_r)
[...]
Memory Configuration

Name             Origin             Length             Attributes
RAM              0x0000000020000000 0x0000000000004000 xrw
FLASH            0x0000000008000000 0x0000000000010000 xr
*default*        0x0000000000000000 0xffffffffffffffff

Linker script and memory map

LOAD c:/st/stm32cubeide_1.8.0/stm32cubeide/plugins/com.st.stm32cube.ide.mcu.externaltools.gnu-tools-for-stm32.10.3-2021.10.win32_1.0.100.202210260954/tools/bin/../lib/gcc/arm-none-eabi/10.3.1/thumb/v7e-m+fp/hard/crti.o
LOAD c:/st/stm32cubeide_1.8.0/stm32cubeide/plugins/com.st.stm32cube.ide.mcu.externaltools.gnu-tools-for-stm32.10.3-2021.10.win32_1.0.100.202210260954/tools/bin/../lib/gcc/arm-none-eabi/10.3.1/thumb/v7e-m+fp/hard/crtbegin.o
LOAD c:/st/stm32cubeide_1.8.0/stm32cubeide/plugins/com.st.stm32cube.ide.mcu.externaltools.gnu-tools-for-stm32.10.3-2021.10.win32_1.0.100.202210260954/tools/bin/../lib/gcc/arm-none-eabi/10.3.1/../../../../arm-none-eabi/lib/thumb/v7e-m+fp/hard/crt0.o
LOAD ./Core/Src/Interrupt_Services.o
LOAD ./Core/Src/Save_Data.o
LOAD ./Core/Src/TCP_IP.o
LOAD ./Core/Src/dhcp.o
LOAD ./Core/Src/event.o
LOAD ./Core/Src/main.o
LOAD ./Core/Src/ring.o
LOAD ./Core/Src/socket.o
LOAD ./Core/Src/state.o
LOAD ./Core/Src/state_Handler.o
LOAD ./Core/Src/stm32f3xx_hal_msp.o
LOAD ./Core/Src/stm32f3xx_it.o
LOAD ./Core/Src/syscalls.o
LOAD ./Core/Src/sysmem.o
LOAD ./Core/Src/system_stm32f3xx.o
LOAD ./Core/Src/w5500.o
LOAD ./Core/Src/wizchip_conf.o
LOAD ./Core/Startup/startup_stm32f301c8tx.o
LOAD ./Drivers/STM32F3xx_HAL_Driver/Src/stm32f3xx_hal.o
LOAD ./Drivers/STM32F3xx_HAL_Driver/Src/stm32f3xx_hal_cortex.o
LOAD ./Drivers/STM32F3xx_HAL_Driver/Src/stm32f3xx_hal_dma.o
LOAD ./Drivers/STM32F3xx_HAL_Driver/Src/stm32f3xx_hal_exti.o
LOAD ./Drivers/STM32F3xx_HAL_Driver/Src/stm32f3xx_hal_flash.o
LOAD ./Drivers/STM32F3xx_HAL_Driver/Src/stm32f3xx_hal_flash_ex.o
LOAD ./Drivers/STM32F3xx_HAL_Driver/Src/stm32f3xx_hal_gpio.o
LOAD ./Drivers/STM32F3xx_HAL_Driver/Src/stm32f3xx_hal_i2c.o
LOAD ./Drivers/STM32F3xx_HAL_Driver/Src/stm32f3xx_hal_i2c_ex.o
LOAD ./Drivers/STM32F3xx_HAL_Driver/Src/stm32f3xx_hal_pwr.o
LOAD ./Drivers/STM32F3xx_HAL_Driver/Src/stm32f3xx_hal_pwr_ex.o
LOAD ./Drivers/STM32F3xx_HAL_Driver/Src/stm32f3xx_hal_rcc.o
LOAD ./Drivers/STM32F3xx_HAL_Driver/Src/stm32f3xx_hal_rcc_ex.o
LOAD ./Drivers/STM32F3xx_HAL_Driver/Src/stm32f3xx_hal_rtc.o
LOAD ./Drivers/STM32F3xx_HAL_Driver/Src/stm32f3xx_hal_rtc_ex.o
LOAD ./Drivers/STM32F3xx_HAL_Driver/Src/stm32f3xx_hal_spi.o
LOAD ./Drivers/STM32F3xx_HAL_Driver/Src/stm32f3xx_hal_spi_ex.o
LOAD ./Drivers/STM32F3xx_HAL_Driver/Src/stm32f3xx_hal_tim.o
LOAD ./Drivers/STM32F3xx_HAL_Driver/Src/stm32f3xx_hal_tim_ex.o
LOAD ./Drivers/STM32F3xx_HAL_Driver/Src/stm32f3xx_hal_uart.o
LOAD ./Drivers/STM32F3xx_HAL_Driver/Src/stm32f3xx_hal_uart_ex.o
START GROUP
LOAD c:/st/stm32cubeide_1.8.0/stm32cubeide/plugins/com.st.stm32cube.ide.mcu.externaltools.gnu-tools-for-stm32.10.3-2021.10.win32_1.0.100.202210260954/tools/bin/../lib/gcc/arm-none-eabi/10.3.1/../../../../arm-none-eabi/lib/thumb/v7e-m+fp/hard\libc_nano.a
LOAD c:/st/stm32cubeide_1.8.0/stm32cubeide/plugins/com.st.stm32cube.ide.mcu.externaltools.gnu-tools-for-stm32.10.3-2021.10.win32_1.0.100.202210260954/tools/bin/../lib/gcc/arm-none-eabi/10.3.1/../../../../arm-none-eabi/lib/thumb/v7e-m+fp/hard\libm.a
END GROUP
START GROUP
LOAD c:/st/stm32cubeide_1.8.0/stm32cubeide/plugins/com.st.stm32cube.ide.mcu.externaltools.gnu-tools-for-stm32.10.3-2021.10.win32_1.0.100.202210260954/tools/bin/../lib/gcc/arm-none-eabi/10.3.1/thumb/v7e-m+fp/hard\libgcc.a
LOAD c:/st/stm32cubeide_1.8.0/stm32cubeide/plugins/com.st.stm32cube.ide.mcu.externaltools.gnu-tools-for-stm32.10.3-2021.10.win32_1.0.100.202210260954/tools/bin/../lib/gcc/arm-none-eabi/10.3.1/../../../../arm-none-eabi/lib/thumb/v7e-m+fp/hard\libc_nano.a
END GROUP
START GROUP
LOAD c:/st/stm32cubeide_1.8.0/stm32cubeide/plugins/com.st.stm32cube.ide.mcu.externaltools.gnu-tools-for-stm32.10.3-2021.10.win32_1.0.100.202210260954/tools/bin/../lib/gcc/arm-none-eabi/10.3.1/thumb/v7e-m+fp/hard\libgcc.a
LOAD c:/st/stm32cubeide_1.8.0/stm32cubeide/plugins/com.st.stm32cube.ide.mcu.externaltools.gnu-tools-for-stm32.10.3-2021.10.win32_1.0.100.202210260954/tools/bin/../lib/gcc/arm-none-eabi/10.3.1/../../../../arm-none-eabi/lib/thumb/v7e-m+fp/hard\libc_nano.a
LOAD c:/st/stm32cubeide_1.8.0/stm32cubeide/plugins/com.st.stm32cube.ide.mcu.externaltools.gnu-tools-for-stm32.10.3-2021.10.win32_1.0.100.202210260954/tools/bin/../lib/gcc/arm-none-eabi/10.3.1/../../../../arm-none-eabi/lib/thumb/v7e-m+fp/hard\libnosys.a
END GROUP
START GROUP
LOAD c:/st/stm32cubeide_1.8.0/stm32cubeide/plugins/com.st.stm32cube.ide.mcu.externaltools.gnu-tools-for-stm32.10.3-2021.10.win32_1.0.100.202210260954/tools/bin/../lib/gcc/arm-none-eabi/10.3.1/thumb/v7e-m+fp/hard\libgcc.a
LOAD c:/st/stm32cubeide_1.8.0/stm32cubeide/plugins/com.st.stm32cube.ide.mcu.externaltools.gnu-tools-for-stm32.10.3-2021.10.win32_1.0.100.202210260954/tools/bin/../lib/gcc/arm-none-eabi/10.3.1/../../../../arm-none-eabi/lib/thumb/v7e-m+fp/hard\libc_nano.a
LOAD c:/st/stm32cubeide_1.8.0/stm32cubeide/plugins/com.st.stm32cube.ide.mcu.externaltools.gnu-tools-for-stm32.10.3-2021.10.win32_1.0.100.202210260954/tools/bin/../lib/gcc/arm-none-eabi/10.3.1/../../../../arm-none-eabi/lib/thumb/v7e-m+fp/hard\libnosys.a
END GROUP
LOAD c:/st/stm32cubeide_1.8.0/stm32cubeide/plugins/com.st.stm32cube.ide.mcu.externaltools.gnu-tools-for-stm32.10.3-2021.10.win32_1.0.100.202210260954/tools/bin/../lib/gcc/arm-none-eabi/10.3.1/thumb/v7e-m+fp/hard/crtend.o
LOAD c:/st/stm32cubeide_1.8.0/stm32cubeide/plugins/com.st.stm32cube.ide.mcu.externaltools.gnu-tools-for-stm32.10.3-2021.10.win32_1.0.100.202210260954/tools/bin/../lib/gcc/arm-none-eabi/10.3.1/thumb/v7e-m+fp/hard/crtn.o
                0x0000000020004000                _estack = (ORIGIN (RAM) + LENGTH (RAM))
                0x0000000000000200                _Min_Heap_Size = 0x200
                0x0000000000000400                _Min_Stack_Size = 0x400

.isr_vector     0x0000000008000000      0x188
                0x0000000008000000                . = ALIGN (0x4)
 *(.isr_vector)
 .isr_vector    0x0000000008000000      0x188 ./Core/Startup/startup_stm32f301c8tx.o
                0x0000000008000000                g_pfnVectors
                0x0000000008000188                . = ALIGN (0x4)

.text           0x0000000008000188     0x483c
                0x0000000008000188                . = ALIGN (0x4)
 *(.text)
 .text          0x0000000008000188       0x40 c:/st/stm32cubeide_1.8.0/stm32cubeide/plugins/com.st.stm32cube.ide.mcu.externaltools.gnu-tools-for-stm32.10.3-2021.10.win32_1.0.100.202210260954/tools/bin/../lib/gcc/arm-none-eabi/10.3.1/thumb/v7e-m+fp/hard/crtbegin.o
 .text          0x00000000080001c8       0x14 c:/st/stm32cubeide_1.8.0/stm32cubeide/plugins/com.st.stm32cube.ide.mcu.externaltools.gnu-tools-for-stm32.10.3-2021.10.win32_1.0.100.202210260954/tools/bin/../lib/gcc/arm-none-eabi/10.3.1/../../../../arm-none-eabi/lib/thumb/v7e-m+fp/hard\libc_nano.a(lib_a-strcmp.o)
                0x00000000080001c8                strcmp
 .text          0x00000000080001dc       0x10 c:/st/stm32cubeide_1.8.0/stm32cubeide/plugins/com.st.stm32cube.ide.mcu.externaltools.gnu-tools-for-stm32.10.3-2021.10.win32_1.0.100.202210260954/tools/bin/../lib/gcc/arm-none-eabi/10.3.1/../../../../arm-none-eabi/lib/thumb/v7e-m+fp/hard\libc_nano.a(lib_a-strlen.o)
                0x00000000080001dc                strlen
 *(.text*)
 .text.Lan_Interrupt_Service
                0x00000000080001ec       0x4c ./Core/Src/Interrupt_Services.o
                0x00000000080001ec                Lan_Interrupt_Service
 .text.WR_Interrupt_Service
                0x0000000008000238       0xc0 ./Core/Src/Interrupt_Services.o
                0x0000000008000238                WR_Interrupt_Service
 .text.FCT_Interrupt_Service
                0x00000000080002f8      0x128 ./Core/Src/Interrupt_Services.o
                0x00000000080002f8                FCT_Interrupt_Service
 .text.WL_Interrupt_Service
                0x0000000008000420       0xc0 ./Core/Src/Interrupt_Services.o
                0x0000000008000420                WL_Interrupt_Service
 .text.Send_WR_Samples
                0x00000000080004e0       0x88 ./Core/Src/Save_Data.o
                0x00000000080004e0                Send_WR_Samples
 .text.Send_WL_Samples
                0x0000000008000568       0x88 ./Core/Src/Save_Data.o
                0x0000000008000568                Send_WL_Samples
 .text.Send_Data
                0x00000000080005f0      0x174 ./Core/Src/Save_Data.o
                0x00000000080005f0                Send_Data
 .text.cs_sel   0x0000000008000764       0x10 ./Core/Src/TCP_IP.o
                0x0000000008000764                cs_sel
 .text.cs_desel
                0x0000000008000774       0x10 ./Core/Src/TCP_IP.o
                0x0000000008000774                cs_desel
 .text.Init_Ethernet
                0x0000000008000784       0x98 ./Core/Src/TCP_IP.o
                0x0000000008000784                Init_Ethernet
 .text.Ethernet_Connect
                0x000000000800081c       0x58 ./Core/Src/TCP_IP.o
                0x000000000800081c                Ethernet_Connect
 .text.Refresh_Watchdog
                0x0000000008000874       0x10 ./Core/Src/TCP_IP.o
                0x0000000008000874                Refresh_Watchdog
 .text.Get_event
                0x0000000008000884        0xc ./Core/Src/event.o
                0x0000000008000884                Get_event
 .text.Set_event
                0x0000000008000890        0xc ./Core/Src/event.o
                0x0000000008000890                Set_event
 .text.Reset_event
                0x000000000800089c        0xc ./Core/Src/event.o
                0x000000000800089c                Reset_event
 .text.spi_rb   0x00000000080008a8       0x20 ./Core/Src/main.o
                0x00000000080008a8                spi_rb
 .text.spi_wb   0x00000000080008c8       0x20 ./Core/Src/main.o
                0x00000000080008c8                spi_wb
 .text.Timer2_Stop
                0x00000000080008e8        0xc ./Core/Src/main.o
                0x00000000080008e8                Timer2_Stop
 .text.Timer2_DeInitilized
                0x00000000080008f4       0x30 ./Core/Src/main.o
                0x00000000080008f4                Timer2_DeInitilized
 .text.Timer2_Initilized
                0x0000000008000924       0x30 ./Core/Src/main.o
                0x0000000008000924                Timer2_Initilized
 .text.Timer2_Start
                0x0000000008000954        0xc ./Core/Src/main.o
                0x0000000008000954                Timer2_Start
 .text.Timer6_Start
                0x0000000008000960        0xc ./Core/Src/main.o
                0x0000000008000960                Timer6_Start
 .text.Timer6_Stop
                0x000000000800096c        0xc ./Core/Src/main.o
                0x000000000800096c                Timer6_Stop
 .text.Timer16_Start
                0x0000000008000978       0x18 ./Core/Src/main.o
                0x0000000008000978                Timer16_Start
 .text.Timer16_Stop
                0x0000000008000990       0x18 ./Core/Src/main.o
                0x0000000008000990                Timer16_Stop
 .text.Timer17_Start
                0x00000000080009a8       0x18 ./Core/Src/main.o
                0x00000000080009a8                Timer17_Start
 .text.Timer17_Stop
                0x00000000080009c0       0x18 ./Core/Src/main.o
                0x00000000080009c0                Timer17_Stop
 .text.Timer2_GetTimer
                0x00000000080009d8        0xc ./Core/Src/main.o
                0x00000000080009d8                Timer2_GetTimer
 .text.SystemClock_Config
                0x00000000080009e4       0x90 ./Core/Src/main.o
                0x00000000080009e4                SystemClock_Config
 .text.startup.main
                0x0000000008000a74      0x5d0 ./Core/Src/main.o
                0x0000000008000a74                main
 .text.HAL_GPIO_EXTI_Callback
                0x0000000008001044       0x88 ./Core/Src/main.o
                0x0000000008001044                HAL_GPIO_EXTI_Callback
 .text.RingInit
                0x00000000080010cc       0x40 ./Core/Src/ring.o
                0x00000000080010cc                RingInit
 .text.RingWriteElement
                0x000000000800110c       0x40 ./Core/Src/ring.o
                0x000000000800110c                RingWriteElement
 .text.RingReadElement
                0x000000000800114c       0x3c ./Core/Src/ring.o
                0x000000000800114c                RingReadElement
 .text.close    0x0000000008001188       0x7c ./Core/Src/socket.o
                0x0000000008001188                close
 .text.socket   0x0000000008001204      0x124 ./Core/Src/socket.o
                0x0000000008001204                socket
 .text.connect  0x0000000008001328       0xf4 ./Core/Src/socket.o
                0x0000000008001328                connect
 .text.send     0x000000000800141c      0x114 ./Core/Src/socket.o
                0x000000000800141c                send
 .text.recv     0x0000000008001530       0xd4 ./Core/Src/socket.o
                0x0000000008001530                recv
 .text.getsockopt
                0x0000000008001604      0x138 ./Core/Src/socket.o
                0x0000000008001604                getsockopt
 .text.Get_state
                0x000000000800173c        0xc ./Core/Src/state.o
                0x000000000800173c                Get_state
 .text.Set_state
                0x0000000008001748        0xc ./Core/Src/state.o
                0x0000000008001748                Set_state
 .text.Initilisation_State_Handler
                0x0000000008001754       0x54 ./Core/Src/state_Handler.o
                0x0000000008001754                Initilisation_State_Handler
 .text.Reset_State_Handler
                0x00000000080017a8       0x94 ./Core/Src/state_Handler.o
                0x00000000080017a8                Reset_State_Handler
 .text.Idle_State_Handler
                0x000000000800183c       0x10 ./Core/Src/state_Handler.o
                0x000000000800183c                Idle_State_Handler
 .text.WRSide_Train_Presence_State_Handler
                0x000000000800184c       0x1c ./Core/Src/state_Handler.o
                0x000000000800184c                WRSide_Train_Presence_State_Handler
 .text.WLSide_Train_Presence_State_Handler
                0x0000000008001868       0x1c ./Core/Src/state_Handler.o
                0x0000000008001868                WLSide_Train_Presence_State_Handler
 .text.Train_Exit_State_Handler
                0x0000000008001884       0x16 ./Core/Src/state_Handler.o
                0x0000000008001884                Train_Exit_State_Handler
 .text.Log_Data_State_Handler
                0x000000000800189a       0x1a ./Core/Src/state_Handler.o
                0x000000000800189a                Log_Data_State_Handler
 .text.HAL_MspInit
                0x00000000080018b4       0x30 ./Core/Src/stm32f3xx_hal_msp.o
                0x00000000080018b4                HAL_MspInit
 .text.HAL_RTC_MspInit
                0x00000000080018e4       0x28 ./Core/Src/stm32f3xx_hal_msp.o
                0x00000000080018e4                HAL_RTC_MspInit
 .text.HAL_SPI_MspInit
                0x000000000800190c       0xdc ./Core/Src/stm32f3xx_hal_msp.o
                0x000000000800190c                HAL_SPI_MspInit
 .text.HAL_TIM_Base_MspInit
                0x00000000080019e8       0xb8 ./Core/Src/stm32f3xx_hal_msp.o
                0x00000000080019e8                HAL_TIM_Base_MspInit
 .text.HAL_TIM_Base_MspDeInit
                0x0000000008001aa0       0x6c ./Core/Src/stm32f3xx_hal_msp.o
                0x0000000008001aa0                HAL_TIM_Base_MspDeInit
 .text.HAL_UART_MspInit
                0x0000000008001b0c       0x64 ./Core/Src/stm32f3xx_hal_msp.o
                0x0000000008001b0c                HAL_UART_MspInit
 .text.NMI_Handler
                0x0000000008001b70        0x2 ./Core/Src/stm32f3xx_it.o
                0x0000000008001b70                NMI_Handler
 .text.HardFault_Handler
                0x0000000008001b72        0x2 ./Core/Src/stm32f3xx_it.o
                0x0000000008001b72                HardFault_Handler
 .text.MemManage_Handler
                0x0000000008001b74        0x2 ./Core/Src/stm32f3xx_it.o
                0x0000000008001b74                MemManage_Handler
 .text.BusFault_Handler
                0x0000000008001b76        0x2 ./Core/Src/stm32f3xx_it.o
                0x0000000008001b76                BusFault_Handler
 .text.UsageFault_Handler
                0x0000000008001b78        0x2 ./Core/Src/stm32f3xx_it.o
                0x0000000008001b78                UsageFault_Handler
 .text.SVC_Handler
                0x0000000008001b7a        0x2 ./Core/Src/stm32f3xx_it.o
                0x0000000008001b7a                SVC_Handler
 .text.DebugMon_Handler
                0x0000000008001b7c        0x2 ./Core/Src/stm32f3xx_it.o
                0x0000000008001b7c                DebugMon_Handler
 .text.PendSV_Handler
                0x0000000008001b7e        0x2 ./Core/Src/stm32f3xx_it.o
                0x0000000008001b7e                PendSV_Handler
 .text.SysTick_Handler
                0x0000000008001b80        0x4 ./Core/Src/stm32f3xx_it.o
                0x0000000008001b80                SysTick_Handler
 .text.EXTI0_IRQHandler
                0x0000000008001b84        0x6 ./Core/Src/stm32f3xx_it.o
                0x0000000008001b84                EXTI0_IRQHandler
 .text.EXTI1_IRQHandler
                0x0000000008001b8a        0x6 ./Core/Src/stm32f3xx_it.o
                0x0000000008001b8a                EXTI1_IRQHandler
 .text.EXTI9_5_IRQHandler
                0x0000000008001b90        0x6 ./Core/Src/stm32f3xx_it.o
                0x0000000008001b90                EXTI9_5_IRQHandler
 *fill*         0x0000000008001b96        0x2 
 .text.TIM1_UP_TIM16_IRQHandler
                0x0000000008001b98       0x2c ./Core/Src/stm32f3xx_it.o
                0x0000000008001b98                TIM1_UP_TIM16_IRQHandler
 .text.TIM1_TRG_COM_TIM17_IRQHandler
                0x0000000008001bc4       0x2c ./Core/Src/stm32f3xx_it.o
                0x0000000008001bc4                TIM1_TRG_COM_TIM17_IRQHandler
 .text.TIM6_DAC_IRQHandler
                0x0000000008001bf0       0x2c ./Core/Src/stm32f3xx_it.o
                0x0000000008001bf0                TIM6_DAC_IRQHandler
 .text._sbrk    0x0000000008001c1c       0x40 ./Core/Src/sysmem.o
                0x0000000008001c1c                _sbrk
 .text.SystemInit
                0x0000000008001c5c       0x14 ./Core/Src/system_stm32f3xx.o
                0x0000000008001c5c                SystemInit
 .text.WIZCHIP_READ
                0x0000000008001c70       0x5c ./Core/Src/w5500.o
                0x0000000008001c70                WIZCHIP_READ
 .text.WIZCHIP_WRITE
                0x0000000008001ccc       0x64 ./Core/Src/w5500.o
                0x0000000008001ccc                WIZCHIP_WRITE
 .text.WIZCHIP_READ_BUF
                0x0000000008001d30       0x74 ./Core/Src/w5500.o
                0x0000000008001d30                WIZCHIP_READ_BUF
 .text.WIZCHIP_WRITE_BUF
                0x0000000008001da4       0x74 ./Core/Src/w5500.o
                0x0000000008001da4                WIZCHIP_WRITE_BUF
 .text.getSn_TX_FSR
                0x0000000008001e18       0x46 ./Core/Src/w5500.o
                0x0000000008001e18                getSn_TX_FSR
 .text.getSn_RX_RSR
                0x0000000008001e5e       0x46 ./Core/Src/w5500.o
                0x0000000008001e5e                getSn_RX_RSR
 .text.wiz_send_data
                0x0000000008001ea4       0x5e ./Core/Src/w5500.o
                0x0000000008001ea4                wiz_send_data
 .text.wiz_recv_data
                0x0000000008001f02       0x5e ./Core/Src/w5500.o
                0x0000000008001f02                wiz_recv_data
 .text.wizchip_cris_enter
                0x0000000008001f60        0x2 ./Core/Src/wizchip_conf.o
                0x0000000008001f60                wizchip_cris_enter
 .text.wizchip_bus_readdata
                0x0000000008001f62        0x4 ./Core/Src/wizchip_conf.o
                0x0000000008001f62                wizchip_bus_readdata
 .text.wizchip_bus_writedata
                0x0000000008001f66        0x4 ./Core/Src/wizchip_conf.o
                0x0000000008001f66                wizchip_bus_writedata
 .text.wizchip_spi_readbyte
                0x0000000008001f6a        0x4 ./Core/Src/wizchip_conf.o
                0x0000000008001f6a                wizchip_spi_readbyte
 .text.wizchip_spi_writebyte
                0x0000000008001f6e        0x2 ./Core/Src/wizchip_conf.o
                0x0000000008001f6e                wizchip_spi_writebyte
 .text.wizchip_cris_exit
                0x0000000008001f70        0x2 ./Core/Src/wizchip_conf.o
                0x0000000008001f70                wizchip_cris_exit
 .text.wizchip_cs_select
                0x0000000008001f72        0x2 ./Core/Src/wizchip_conf.o
                0x0000000008001f72                wizchip_cs_select
 .text.wizchip_cs_deselect
                0x0000000008001f74        0x2 ./Core/Src/wizchip_conf.o
                0x0000000008001f74                wizchip_cs_deselect
 *fill*         0x0000000008001f76        0x2 
 .text.reg_wizchip_cs_cbfunc
                0x0000000008001f78       0x24 ./Core/Src/wizchip_conf.o
                0x0000000008001f78                reg_wizchip_cs_cbfunc
 .text.reg_wizchip_spi_cbfunc
                0x0000000008001f9c       0x2c ./Core/Src/wizchip_conf.o
                0x0000000008001f9c                reg_wizchip_spi_cbfunc
 .text.wizchip_sw_reset
                0x0000000008001fc8       0x7a ./Core/Src/wizchip_conf.o
                0x0000000008001fc8                wizchip_sw_reset
 .text.wizchip_init
                0x0000000008002042       0x7a ./Core/Src/wizchip_conf.o
                0x0000000008002042                wizchip_init
 .text.wizchip_clrinterrupt
                0x00000000080020bc       0x2e ./Core/Src/wizchip_conf.o
                0x00000000080020bc                wizchip_clrinterrupt
 .text.wizchip_getinterrupt
                0x00000000080020ea       0x22 ./Core/Src/wizchip_conf.o
                0x00000000080020ea                wizchip_getinterrupt
 .text.wizchip_setinterruptmask
                0x000000000800210c       0x1c ./Core/Src/wizchip_conf.o
                0x000000000800210c                wizchip_setinterruptmask
 .text.wizchip_getinterruptmask
                0x0000000008002128       0x1c ./Core/Src/wizchip_conf.o
                0x0000000008002128                wizchip_getinterruptmask
 .text.wizphy_getphylink
                0x0000000008002144       0x10 ./Core/Src/wizchip_conf.o
                0x0000000008002144                wizphy_getphylink
 .text.wizphy_getphypmode
                0x0000000008002154       0x18 ./Core/Src/wizchip_conf.o
                0x0000000008002154                wizphy_getphypmode
 .text.wizphy_reset
                0x000000000800216c       0x30 ./Core/Src/wizchip_conf.o
                0x000000000800216c                wizphy_reset
 .text.wizphy_setphyconf
                0x000000000800219c       0x46 ./Core/Src/wizchip_conf.o
                0x000000000800219c                wizphy_setphyconf
 .text.wizphy_getphyconf
                0x00000000080021e2       0x6a ./Core/Src/wizchip_conf.o
                0x00000000080021e2                wizphy_getphyconf
 .text.wizphy_setphypmode
                0x000000000800224c       0x52 ./Core/Src/wizchip_conf.o
                0x000000000800224c                wizphy_setphypmode
 *fill*         0x000000000800229e        0x2 
 .text.ctlwizchip
                0x00000000080022a0       0xdc ./Core/Src/wizchip_conf.o
                0x00000000080022a0                ctlwizchip
 .text.wizchip_setnetinfo
                0x000000000800237c       0x5c ./Core/Src/wizchip_conf.o
                0x000000000800237c                wizchip_setnetinfo
 .text.wizchip_getnetinfo
                0x00000000080023d8       0x5c ./Core/Src/wizchip_conf.o
                0x00000000080023d8                wizchip_getnetinfo
 .text.Reset_Handler
                0x0000000008002434       0x50 ./Core/Startup/startup_stm32f301c8tx.o
                0x0000000008002434                Reset_Handler
 .text.Default_Handler
                0x0000000008002484        0x2 ./Core/Startup/startup_stm32f301c8tx.o
                0x0000000008002484                RTC_Alarm_IRQHandler
                0x0000000008002484                TIM1_CC_IRQHandler
                0x0000000008002484                PVD_IRQHandler
                0x0000000008002484                TAMP_STAMP_IRQHandler
                0x0000000008002484                EXTI3_IRQHandler
                0x0000000008002484                I2C3_ER_IRQHandler
                0x0000000008002484                I2C2_EV_IRQHandler
                0x0000000008002484                FPU_IRQHandler
                0x0000000008002484                DMA1_Channel4_IRQHandler
                0x0000000008002484                ADC1_IRQHandler
                0x0000000008002484                USART3_IRQHandler
                0x0000000008002484                DMA1_Channel7_IRQHandler
                0x0000000008002484                I2C1_EV_IRQHandler
                0x0000000008002484                DMA1_Channel6_IRQHandler
                0x0000000008002484                RCC_IRQHandler
                0x0000000008002484                DMA1_Channel1_IRQHandler
                0x0000000008002484                Default_Handler
                0x0000000008002484                EXTI15_10_IRQHandler
                0x0000000008002484                COMP2_IRQHandler
                0x0000000008002484                I2C3_EV_IRQHandler
                0x0000000008002484                RTC_WKUP_IRQHandler
                0x0000000008002484                SPI2_IRQHandler
                0x0000000008002484                DMA1_Channel5_IRQHandler
                0x0000000008002484                EXTI4_IRQHandler
                0x0000000008002484                DMA1_Channel3_IRQHandler
                0x0000000008002484                WWDG_IRQHandler
                0x0000000008002484                TIM2_IRQHandler
                0x0000000008002484                COMP4_6_IRQHandler
                0x0000000008002484                USART2_IRQHandler
                0x0000000008002484                I2C2_ER_IRQHandler
                0x0000000008002484                DMA1_Channel2_IRQHandler
                0x0000000008002484                FLASH_IRQHandler
                0x0000000008002484                USART1_IRQHandler
                0x0000000008002484                SPI3_IRQHandler
                0x0000000008002484                I2C1_ER_IRQHandler
                0x0000000008002484                EXTI2_TSC_IRQHandler
                0x0000000008002484                TIM1_BRK_TIM15_IRQHandler
 *fill*         0x0000000008002486        0x2 
 .text.HAL_InitTick
                0x0000000008002488       0x48 ./Drivers/STM32F3xx_HAL_Driver/Src/stm32f3xx_hal.o
                0x0000000008002488                HAL_InitTick
 .text.HAL_Init
                0x00000000080024d0       0x24 ./Drivers/STM32F3xx_HAL_Driver/Src/stm32f3xx_hal.o
                0x00000000080024d0                HAL_Init
 .text.HAL_IncTick
                0x00000000080024f4       0x18 ./Drivers/STM32F3xx_HAL_Driver/Src/stm32f3xx_hal.o
                0x00000000080024f4                HAL_IncTick
 .text.HAL_GetTick
                0x000000000800250c        0xc ./Drivers/STM32F3xx_HAL_Driver/Src/stm32f3xx_hal.o
                0x000000000800250c                HAL_GetTick
 .text.HAL_Delay
                0x0000000008002518       0x28 ./Drivers/STM32F3xx_HAL_Driver/Src/stm32f3xx_hal.o
                0x0000000008002518                HAL_Delay
 .text.HAL_NVIC_SetPriorityGrouping
                0x0000000008002540       0x24 ./Drivers/STM32F3xx_HAL_Driver/Src/stm32f3xx_hal_cortex.o
                0x0000000008002540                HAL_NVIC_SetPriorityGrouping
 .text.HAL_NVIC_SetPriority
                0x0000000008002564       0x64 ./Drivers/STM32F3xx_HAL_Driver/Src/stm32f3xx_hal_cortex.o
                0x0000000008002564                HAL_NVIC_SetPriority
 .text.HAL_NVIC_EnableIRQ
                0x00000000080025c8       0x1c ./Drivers/STM32F3xx_HAL_Driver/Src/stm32f3xx_hal_cortex.o
                0x00000000080025c8                HAL_NVIC_EnableIRQ
 .text.HAL_NVIC_DisableIRQ
                0x00000000080025e4       0x28 ./Drivers/STM32F3xx_HAL_Driver/Src/stm32f3xx_hal_cortex.o
                0x00000000080025e4                HAL_NVIC_DisableIRQ
 .text.HAL_SYSTICK_Config
                0x000000000800260c       0x28 ./Drivers/STM32F3xx_HAL_Driver/Src/stm32f3xx_hal_cortex.o
                0x000000000800260c                HAL_SYSTICK_Config
 .text.HAL_GPIO_Init
                0x0000000008002634      0x17c ./Drivers/STM32F3xx_HAL_Driver/Src/stm32f3xx_hal_gpio.o
                0x0000000008002634                HAL_GPIO_Init
 .text.HAL_GPIO_WritePin
                0x00000000080027b0        0xa ./Drivers/STM32F3xx_HAL_Driver/Src/stm32f3xx_hal_gpio.o
                0x00000000080027b0                HAL_GPIO_WritePin
 *fill*         0x00000000080027ba        0x2 
 .text.HAL_GPIO_EXTI_IRQHandler
                0x00000000080027bc       0x18 ./Drivers/STM32F3xx_HAL_Driver/Src/stm32f3xx_hal_gpio.o
                0x00000000080027bc                HAL_GPIO_EXTI_IRQHandler
 .text.HAL_PWR_EnableBkUpAccess
                0x00000000080027d4       0x10 ./Drivers/STM32F3xx_HAL_Driver/Src/stm32f3xx_hal_pwr.o
                0x00000000080027d4                HAL_PWR_EnableBkUpAccess
 .text.HAL_PWR_DisableBkUpAccess
                0x00000000080027e4       0x10 ./Drivers/STM32F3xx_HAL_Driver/Src/stm32f3xx_hal_pwr.o
                0x00000000080027e4                HAL_PWR_DisableBkUpAccess
 .text.HAL_RCC_OscConfig
                0x00000000080027f4      0x504 ./Drivers/STM32F3xx_HAL_Driver/Src/stm32f3xx_hal_rcc.o
                0x00000000080027f4                HAL_RCC_OscConfig
 .text.HAL_RCC_GetSysClockFreq
                0x0000000008002cf8       0x70 ./Drivers/STM32F3xx_HAL_Driver/Src/stm32f3xx_hal_rcc.o
                0x0000000008002cf8                HAL_RCC_GetSysClockFreq
 .text.HAL_RCC_ClockConfig
                0x0000000008002d68      0x158 ./Drivers/STM32F3xx_HAL_Driver/Src/stm32f3xx_hal_rcc.o
                0x0000000008002d68                HAL_RCC_ClockConfig
 .text.HAL_RCC_GetPCLK1Freq
                0x0000000008002ec0       0x30 ./Drivers/STM32F3xx_HAL_Driver/Src/stm32f3xx_hal_rcc.o
                0x0000000008002ec0                HAL_RCC_GetPCLK1Freq
 .text.HAL_RCC_GetPCLK2Freq
                0x0000000008002ef0       0x30 ./Drivers/STM32F3xx_HAL_Driver/Src/stm32f3xx_hal_rcc.o
                0x0000000008002ef0                HAL_RCC_GetPCLK2Freq
 .text.HAL_RCCEx_PeriphCLKConfig
                0x0000000008002f20      0x1d0 ./Drivers/STM32F3xx_HAL_Driver/Src/stm32f3xx_hal_rcc_ex.o
                0x0000000008002f20                HAL_RCCEx_PeriphCLKConfig
 .text.HAL_RTC_WaitForSynchro
                0x00000000080030f0       0x30 ./Drivers/STM32F3xx_HAL_Driver/Src/stm32f3xx_hal_rtc.o
                0x00000000080030f0                HAL_RTC_WaitForSynchro
 .text.RTC_EnterInitMode
                0x0000000008003120       0x34 ./Drivers/STM32F3xx_HAL_Driver/Src/stm32f3xx_hal_rtc.o
                0x0000000008003120                RTC_EnterInitMode
 .text.HAL_RTC_Init
                0x0000000008003154       0x9c ./Drivers/STM32F3xx_HAL_Driver/Src/stm32f3xx_hal_rtc.o
                0x0000000008003154                HAL_RTC_Init
 .text.RTC_ByteToBcd2
                0x00000000080031f0       0x16 ./Drivers/STM32F3xx_HAL_Driver/Src/stm32f3xx_hal_rtc.o
                0x00000000080031f0                RTC_ByteToBcd2
 .text.HAL_RTC_SetTime
                0x0000000008003206       0xe2 ./Drivers/STM32F3xx_HAL_Driver/Src/stm32f3xx_hal_rtc.o
                0x0000000008003206                HAL_RTC_SetTime
 .text.HAL_RTC_SetDate
                0x00000000080032e8       0xc0 ./Drivers/STM32F3xx_HAL_Driver/Src/stm32f3xx_hal_rtc.o
                0x00000000080032e8                HAL_RTC_SetDate
 .text.RTC_Bcd2ToByte
                0x00000000080033a8       0x12 ./Drivers/STM32F3xx_HAL_Driver/Src/stm32f3xx_hal_rtc.o
                0x00000000080033a8                RTC_Bcd2ToByte
 .text.HAL_RTC_GetTime
                0x00000000080033ba       0x4a ./Drivers/STM32F3xx_HAL_Driver/Src/stm32f3xx_hal_rtc.o
                0x00000000080033ba                HAL_RTC_GetTime
 .text.HAL_RTC_GetDate
                0x0000000008003404       0x3a ./Drivers/STM32F3xx_HAL_Driver/Src/stm32f3xx_hal_rtc.o
                0x0000000008003404                HAL_RTC_GetDate
 .text.HAL_RTCEx_SetWakeUpTimer
                0x000000000800343e       0xb2 ./Drivers/STM32F3xx_HAL_Driver/Src/stm32f3xx_hal_rtc_ex.o
                0x000000000800343e                HAL_RTCEx_SetWakeUpTimer
 .text.HAL_RTCEx_BKUPWrite
                0x00000000080034f0        0xa ./Drivers/STM32F3xx_HAL_Driver/Src/stm32f3xx_hal_rtc_ex.o
                0x00000000080034f0                HAL_RTCEx_BKUPWrite
 .text.HAL_RTCEx_BKUPRead
                0x00000000080034fa        0xa ./Drivers/STM32F3xx_HAL_Driver/Src/stm32f3xx_hal_rtc_ex.o
                0x00000000080034fa                HAL_RTCEx_BKUPRead
 .text.SPI_WaitFifoStateUntilTimeout.constprop.0
                0x0000000008003504       0xcc ./Drivers/STM32F3xx_HAL_Driver/Src/stm32f3xx_hal_spi.o
 .text.SPI_WaitFlagStateUntilTimeout.constprop.0
                0x00000000080035d0       0xa4 ./Drivers/STM32F3xx_HAL_Driver/Src/stm32f3xx_hal_spi.o
 .text.SPI_EndRxTransaction
                0x0000000008003674       0x72 ./Drivers/STM32F3xx_HAL_Driver/Src/stm32f3xx_hal_spi.o
 .text.SPI_EndRxTxTransaction
                0x00000000080036e6       0x4a ./Drivers/STM32F3xx_HAL_Driver/Src/stm32f3xx_hal_spi.o
 .text.HAL_SPI_Init
                0x0000000008003730       0xdc ./Drivers/STM32F3xx_HAL_Driver/Src/stm32f3xx_hal_spi.o
                0x0000000008003730                HAL_SPI_Init
 .text.HAL_SPI_Transmit
                0x000000000800380c      0x192 ./Drivers/STM32F3xx_HAL_Driver/Src/stm32f3xx_hal_spi.o
                0x000000000800380c                HAL_SPI_Transmit
 .text.HAL_SPI_TransmitReceive
                0x000000000800399e      0x258 ./Drivers/STM32F3xx_HAL_Driver/Src/stm32f3xx_hal_spi.o
                0x000000000800399e                HAL_SPI_TransmitReceive
 .text.HAL_SPI_Receive
                0x0000000008003bf6      0x170 ./Drivers/STM32F3xx_HAL_Driver/Src/stm32f3xx_hal_spi.o
                0x0000000008003bf6                HAL_SPI_Receive
 .text.HAL_TIM_Base_DeInit
                0x0000000008003d66       0x66 ./Drivers/STM32F3xx_HAL_Driver/Src/stm32f3xx_hal_tim.o
                0x0000000008003d66                HAL_TIM_Base_DeInit
 .text.HAL_TIM_Base_Start
                0x0000000008003dcc       0x4c ./Drivers/STM32F3xx_HAL_Driver/Src/stm32f3xx_hal_tim.o
                0x0000000008003dcc                HAL_TIM_Base_Start
 .text.HAL_TIM_Base_Stop
                0x0000000008003e18       0x28 ./Drivers/STM32F3xx_HAL_Driver/Src/stm32f3xx_hal_tim.o
                0x0000000008003e18                HAL_TIM_Base_Stop
 .text.HAL_TIM_Base_Start_IT
                0x0000000008003e40       0x54 ./Drivers/STM32F3xx_HAL_Driver/Src/stm32f3xx_hal_tim.o
                0x0000000008003e40                HAL_TIM_Base_Start_IT
 .text.HAL_TIM_Base_Stop_IT
                0x0000000008003e94       0x30 ./Drivers/STM32F3xx_HAL_Driver/Src/stm32f3xx_hal_tim.o
                0x0000000008003e94                HAL_TIM_Base_Stop_IT
 .text.HAL_TIM_PeriodElapsedCallback
                0x0000000008003ec4        0x2 ./Drivers/STM32F3xx_HAL_Driver/Src/stm32f3xx_hal_tim.o
                0x0000000008003ec4                HAL_TIM_PeriodElapsedCallback
 .text.HAL_TIM_OC_DelayElapsedCallback
                0x0000000008003ec6        0x2 ./Drivers/STM32F3xx_HAL_Driver/Src/stm32f3xx_hal_tim.o
                0x0000000008003ec6                HAL_TIM_OC_DelayElapsedCallback
 .text.HAL_TIM_IC_CaptureCallback
                0x0000000008003ec8        0x2 ./Drivers/STM32F3xx_HAL_Driver/Src/stm32f3xx_hal_tim.o
                0x0000000008003ec8                HAL_TIM_IC_CaptureCallback
 .text.HAL_TIM_PWM_PulseFinishedCallback
                0x0000000008003eca        0x2 ./Drivers/STM32F3xx_HAL_Driver/Src/stm32f3xx_hal_tim.o
                0x0000000008003eca                HAL_TIM_PWM_PulseFinishedCallback
 .text.HAL_TIM_TriggerCallback
                0x0000000008003ecc        0x2 ./Drivers/STM32F3xx_HAL_Driver/Src/stm32f3xx_hal_tim.o
                0x0000000008003ecc                HAL_TIM_TriggerCallback
 .text.HAL_TIM_IRQHandler
                0x0000000008003ece      0x160 ./Drivers/STM32F3xx_HAL_Driver/Src/stm32f3xx_hal_tim.o
                0x0000000008003ece                HAL_TIM_IRQHandler
 *fill*         0x000000000800402e        0x2 
 .text.TIM_Base_SetConfig
                0x0000000008004030       0x84 ./Drivers/STM32F3xx_HAL_Driver/Src/stm32f3xx_hal_tim.o
                0x0000000008004030                TIM_Base_SetConfig
 .text.HAL_TIM_Base_Init
                0x00000000080040b4       0x60 ./Drivers/STM32F3xx_HAL_Driver/Src/stm32f3xx_hal_tim.o
                0x00000000080040b4                HAL_TIM_Base_Init
 .text.TIM_ETR_SetConfig
                0x0000000008004114       0x14 ./Drivers/STM32F3xx_HAL_Driver/Src/stm32f3xx_hal_tim.o
                0x0000000008004114                TIM_ETR_SetConfig
 .text.HAL_TIM_ConfigClockSource
                0x0000000008004128      0x138 ./Drivers/STM32F3xx_HAL_Driver/Src/stm32f3xx_hal_tim.o
                0x0000000008004128                HAL_TIM_ConfigClockSource
 .text.HAL_TIMEx_MasterConfigSynchronization
                0x0000000008004260       0x64 ./Drivers/STM32F3xx_HAL_Driver/Src/stm32f3xx_hal_tim_ex.o
                0x0000000008004260                HAL_TIMEx_MasterConfigSynchronization
 .text.HAL_TIMEx_CommutCallback
                0x00000000080042c4        0x2 ./Drivers/STM32F3xx_HAL_Driver/Src/stm32f3xx_hal_tim_ex.o
                0x00000000080042c4                HAL_TIMEx_CommutCallback
 .text.HAL_TIMEx_BreakCallback
                0x00000000080042c6        0x2 ./Drivers/STM32F3xx_HAL_Driver/Src/stm32f3xx_hal_tim_ex.o
                0x00000000080042c6                HAL_TIMEx_BreakCallback
 .text.HAL_TIMEx_Break2Callback
                0x00000000080042c8        0x2 ./Drivers/STM32F3xx_HAL_Driver/Src/stm32f3xx_hal_tim_ex.o
                0x00000000080042c8                HAL_TIMEx_Break2Callback
 *fill*         0x00000000080042ca        0x2 
 .text.UART_SetConfig
                0x00000000080042cc      0x134 ./Drivers/STM32F3xx_HAL_Driver/Src/stm32f3xx_hal_uart.o
                0x00000000080042cc                UART_SetConfig
 .text.UART_AdvFeatureConfig
                0x0000000008004400       0xa8 ./Drivers/STM32F3xx_HAL_Driver/Src/stm32f3xx_hal_uart.o
                0x0000000008004400                UART_AdvFeatureConfig
 .text.UART_WaitOnFlagUntilTimeout
                0x00000000080044a8       0xbc ./Drivers/STM32F3xx_HAL_Driver/Src/stm32f3xx_hal_uart.o
                0x00000000080044a8                UART_WaitOnFlagUntilTimeout
 .text.UART_CheckIdleState
                0x0000000008004564       0x66 ./Drivers/STM32F3xx_HAL_Driver/Src/stm32f3xx_hal_uart.o
                0x0000000008004564                UART_CheckIdleState
 .text.HAL_UART_Init
                0x00000000080045ca       0x5c ./Drivers/STM32F3xx_HAL_Driver/Src/stm32f3xx_hal_uart.o
                0x00000000080045ca                HAL_UART_Init
 *fill*         0x0000000008004626        0x2 
 .text.__errno  0x0000000008004628        0xc c:/st/stm32cubeide_1.8.0/stm32cubeide/plugins/com.st.stm32cube.ide.mcu.externaltools.gnu-tools-for-stm32.10.3-2021.10.win32_1.0.100.202210260954/tools/bin/../lib/gcc/arm-none-eabi/10.3.1/../../../../arm-none-eabi/lib/thumb/v7e-m+fp/hard\libc_nano.a(lib_a-errno.o)
                0x0000000008004628                __errno
 .text.__libc_init_array
                0x0000000008004634       0x48 c:/st/stm32cubeide_1.8.0/stm32cubeide/plugins/com.st.stm32cube.ide.mcu.externaltools.gnu-tools-for-stm32.10.3-2021.10.win32_1.0.100.202210260954/tools/bin/../lib/gcc/arm-none-eabi/10.3.1/../../../../arm-none-eabi/lib/thumb/v7e-m+fp/hard\libc_nano.a(lib_a-init.o)
                0x0000000008004634                __libc_init_array
 .text.__itoa   0x000000000800467c       0x30 c:/st/stm32cubeide_1.8.0/stm32cubeide/plugins/com.st.stm32cube.ide.mcu.externaltools.gnu-tools-for-stm32.10.3-2021.10.win32_1.0.100.202210260954/tools/bin/../lib/gcc/arm-none-eabi/10.3.1/../../../../arm-none-eabi/lib/thumb/v7e-m+fp/hard\libc_nano.a(lib_a-itoa.o)
                0x000000000800467c                __itoa
 .text.itoa     0x00000000080046ac        0x4 c:/st/stm32cubeide_1.8.0/stm32cubeide/plugins/com.st.stm32cube.ide.mcu.externaltools.gnu-tools-for-stm32.10.3-2021.10.win32_1.0.100.202210260954/tools/bin/../lib/gcc/arm-none-eabi/10.3.1/../../../../arm-none-eabi/lib/thumb/v7e-m+fp/hard\libc_nano.a(lib_a-itoa.o)
                0x00000000080046ac                itoa
 .text.malloc   0x00000000080046b0       0x10 c:/st/stm32cubeide_1.8.0/stm32cubeide/plugins/com.st.stm32cube.ide.mcu.externaltools.gnu-tools-for-stm32.10.3-2021.10.win32_1.0.100.202210260954/tools/bin/../lib/gcc/arm-none-eabi/10.3.1/../../../../arm-none-eabi/lib/thumb/v7e-m+fp/hard\libc_nano.a(lib_a-malloc.o)
                0x00000000080046b0                malloc
 .text.free     0x00000000080046c0       0x10 c:/st/stm32cubeide_1.8.0/stm32cubeide/plugins/com.st.stm32cube.ide.mcu.externaltools.gnu-tools-for-stm32.10.3-2021.10.win32_1.0.100.202210260954/tools/bin/../lib/gcc/arm-none-eabi/10.3.1/../../../../arm-none-eabi/lib/thumb/v7e-m+fp/hard\libc_nano.a(lib_a-malloc.o)
                0x00000000080046c0                free
 .text.memcpy   0x00000000080046d0       0x1c c:/st/stm32cubeide_1.8.0/stm32cubeide/plugins/com.st.stm32cube.ide.mcu.externaltools.gnu-tools-for-stm32.10.3-2021.10.win32_1.0.100.202210260954/tools/bin/../lib/gcc/arm-none-eabi/10.3.1/../../../../arm-none-eabi/lib/thumb/v7e-m+fp/hard\libc_nano.a(lib_a-memcpy-stub.o)
                0x00000000080046d0                memcpy
 .text.memset   0x00000000080046ec       0x10 c:/st/stm32cubeide_1.8.0/stm32cubeide/plugins/com.st.stm32cube.ide.mcu.externaltools.gnu-tools-for-stm32.10.3-2021.10.win32_1.0.100.202210260954/tools/bin/../lib/gcc/arm-none-eabi/10.3.1/../../../../arm-none-eabi/lib/thumb/v7e-m+fp/hard\libc_nano.a(lib_a-memset.o)
                0x00000000080046ec                memset
 .text._free_r  0x00000000080046fc       0x98 c:/st/stm32cubeide_1.8.0/stm32cubeide/plugins/com.st.stm32cube.ide.mcu.externaltools.gnu-tools-for-stm32.10.3-2021.10.win32_1.0.100.202210260954/tools/bin/../lib/gcc/arm-none-eabi/10.3.1/../../../../arm-none-eabi/lib/thumb/v7e-m+fp/hard\libc_nano.a(lib_a-nano-freer.o)
                0x00000000080046fc                _free_r
 .text.sbrk_aligned
                0x0000000008004794       0x40 c:/st/stm32cubeide_1.8.0/stm32cubeide/plugins/com.st.stm32cube.ide.mcu.externaltools.gnu-tools-for-stm32.10.3-2021.10.win32_1.0.100.202210260954/tools/bin/../lib/gcc/arm-none-eabi/10.3.1/../../../../arm-none-eabi/lib/thumb/v7e-m+fp/hard\libc_nano.a(lib_a-nano-mallocr.o)
 .text._malloc_r
                0x00000000080047d4       0xe8 c:/st/stm32cubeide_1.8.0/stm32cubeide/plugins/com.st.stm32cube.ide.mcu.externaltools.gnu-tools-for-stm32.10.3-2021.10.win32_1.0.100.202210260954/tools/bin/../lib/gcc/arm-none-eabi/10.3.1/../../../../arm-none-eabi/lib/thumb/v7e-m+fp/hard\libc_nano.a(lib_a-nano-mallocr.o)
                0x00000000080047d4                _malloc_r
 .text._sbrk_r  0x00000000080048bc       0x20 c:/st/stm32cubeide_1.8.0/stm32cubeide/plugins/com.st.stm32cube.ide.mcu.externaltools.gnu-tools-for-stm32.10.3-2021.10.win32_1.0.100.202210260954/tools/bin/../lib/gcc/arm-none-eabi/10.3.1/../../../../arm-none-eabi/lib/thumb/v7e-m+fp/hard\libc_nano.a(lib_a-sbrkr.o)
                0x00000000080048bc                _sbrk_r
 .text.strcat   0x00000000080048dc       0x1e c:/st/stm32cubeide_1.8.0/stm32cubeide/plugins/com.st.stm32cube.ide.mcu.externaltools.gnu-tools-for-stm32.10.3-2021.10.win32_1.0.100.202210260954/tools/bin/../lib/gcc/arm-none-eabi/10.3.1/../../../../arm-none-eabi/lib/thumb/v7e-m+fp/hard\libc_nano.a(lib_a-strcat.o)
                0x00000000080048dc                strcat
 .text.strcpy   0x00000000080048fa       0x10 c:/st/stm32cubeide_1.8.0/stm32cubeide/plugins/com.st.stm32cube.ide.mcu.externaltools.gnu-tools-for-stm32.10.3-2021.10.win32_1.0.100.202210260954/tools/bin/../lib/gcc/arm-none-eabi/10.3.1/../../../../arm-none-eabi/lib/thumb/v7e-m+fp/hard\libc_nano.a(lib_a-strcpy.o)
                0x00000000080048fa                strcpy
 *fill*         0x000000000800490a        0x2 
 .text.__utoa   0x000000000800490c       0x84 c:/st/stm32cubeide_1.8.0/stm32cubeide/plugins/com.st.stm32cube.ide.mcu.externaltools.gnu-tools-for-stm32.10.3-2021.10.win32_1.0.100.202210260954/tools/bin/../lib/gcc/arm-none-eabi/10.3.1/../../../../arm-none-eabi/lib/thumb/v7e-m+fp/hard\libc_nano.a(lib_a-utoa.o)
                0x000000000800490c                __utoa
 .text.__malloc_lock
                0x0000000008004990        0xc c:/st/stm32cubeide_1.8.0/stm32cubeide/plugins/com.st.stm32cube.ide.mcu.externaltools.gnu-tools-for-stm32.10.3-2021.10.win32_1.0.100.202210260954/tools/bin/../lib/gcc/arm-none-eabi/10.3.1/../../../../arm-none-eabi/lib/thumb/v7e-m+fp/hard\libc_nano.a(lib_a-mlock.o)
                0x0000000008004990                __malloc_lock
 .text.__malloc_unlock
                0x000000000800499c        0xc c:/st/stm32cubeide_1.8.0/stm32cubeide/plugins/com.st.stm32cube.ide.mcu.externaltools.gnu-tools-for-stm32.10.3-2021.10.win32_1.0.100.202210260954/tools/bin/../lib/gcc/arm-none-eabi/10.3.1/../../../../arm-none-eabi/lib/thumb/v7e-m+fp/hard\libc_nano.a(lib_a-mlock.o)
                0x000000000800499c                __malloc_unlock
 .text.__retarget_lock_acquire_recursive
                0x00000000080049a8        0x2 c:/st/stm32cubeide_1.8.0/stm32cubeide/plugins/com.st.stm32cube.ide.mcu.externaltools.gnu-tools-for-stm32.10.3-2021.10.win32_1.0.100.202210260954/tools/bin/../lib/gcc/arm-none-eabi/10.3.1/../../../../arm-none-eabi/lib/thumb/v7e-m+fp/hard\libc_nano.a(lib_a-lock.o)
                0x00000000080049a8                __retarget_lock_acquire_recursive
 .text.__retarget_lock_release_recursive
                0x00000000080049aa        0x2 c:/st/stm32cubeide_1.8.0/stm32cubeide/plugins/com.st.stm32cube.ide.mcu.externaltools.gnu-tools-for-stm32.10.3-2021.10.win32_1.0.100.202210260954/tools/bin/../lib/gcc/arm-none-eabi/10.3.1/../../../../arm-none-eabi/lib/thumb/v7e-m+fp/hard\libc_nano.a(lib_a-lock.o)
                0x00000000080049aa                __retarget_lock_release_recursive
 *(.glue_7)
 .glue_7        0x00000000080049ac        0x0 linker stubs
 *(.glue_7t)
 .glue_7t       0x00000000080049ac        0x0 linker stubs
 *(.eh_frame)
 .eh_frame      0x00000000080049ac        0x0 c:/st/stm32cubeide_1.8.0/stm32cubeide/plugins/com.st.stm32cube.ide.mcu.externaltools.gnu-tools-for-stm32.10.3-2021.10.win32_1.0.100.202210260954/tools/bin/../lib/gcc/arm-none-eabi/10.3.1/thumb/v7e-m+fp/hard/crtbegin.o
 *(.init)
 .init          0x00000000080049ac        0x4 c:/st/stm32cubeide_1.8.0/stm32cubeide/plugins/com.st.stm32cube.ide.mcu.externaltools.gnu-tools-for-stm32.10.3-2021.10.win32_1.0.100.202210260954/tools/bin/../lib/gcc/arm-none-eabi/10.3.1/thumb/v7e-m+fp/hard/crti.o
                0x00000000080049ac                _init
 .init          0x00000000080049b0        0x8 c:/st/stm32cubeide_1.8.0/stm32cubeide/plugins/com.st.stm32cube.ide.mcu.externaltools.gnu-tools-for-stm32.10.3-2021.10.win32_1.0.100.202210260954/tools/bin/../lib/gcc/arm-none-eabi/10.3.1/thumb/v7e-m+fp/hard/crtn.o
 *(.fini)
 .fini          0x00000000080049b8        0x4 c:/st/stm32cubeide_1.8.0/stm32cubeide/plugins/com.st.stm32cube.ide.mcu.externaltools.gnu-tools-for-stm32.10.3-2021.10.win32_1.0.100.202210260954/tools/bin/../lib/gcc/arm-none-eabi/10.3.1/thumb/v7e-m+fp/hard/crti.o
                0x00000000080049b8                _fini
 .fini          0x00000000080049bc        0x8 c:/st/stm32cubeide_1.8.0/stm32cubeide/plugins/com.st.stm32cube.ide.mcu.externaltools.gnu-tools-for-stm32.10.3-2021.10.win32_1.0.100.202210260954/tools/bin/../lib/gcc/arm-none-eabi/10.3.1/thumb/v7e-m+fp/hard/crtn.o
                0x00000000080049c4                . = ALIGN (0x4)
                0x00000000080049c4                _etext = .

.vfp11_veneer   0x00000000080049c4        0x0
 .vfp11_veneer  0x00000000080049c4        0x0 linker stubs

.v4_bx          0x00000000080049c4        0x0
 .v4_bx         0x00000000080049c4        0x0 linker stubs

.iplt           0x00000000080049c4        0x0
 .iplt          0x00000000080049c4        0x0 c:/st/stm32cubeide_1.8.0/stm32cubeide/plugins/com.st.stm32cube.ide.mcu.externaltools.gnu-tools-for-stm32.10.3-2021.10.win32_1.0.100.202210260954/tools/bin/../lib/gcc/arm-none-eabi/10.3.1/thumb/v7e-m+fp/hard/crtbegin.o

.rodata         0x00000000080049c4       0xf8
                0x00000000080049c4                . = ALIGN (0x4)
 *(.rodata)
 .rodata        0x00000000080049c4        0x6 ./Core/Src/TCP_IP.o
 *(.rodata*)
 .rodata.WR_Interrupt_Service.str1.1
                0x00000000080049ca        0xc ./Core/Src/Interrupt_Services.o
                                         0x13 (size before relaxing)
 .rodata.Send_WR_Samples.str1.1
                0x00000000080049d6        0xa ./Core/Src/Save_Data.o
 .rodata.Send_Data.str1.1
                0x00000000080049e0       0x5a ./Core/Src/Save_Data.o
 .rodata.Init_Ethernet.str1.1
                0x0000000008004a3a        0xe ./Core/Src/TCP_IP.o
 .rodata.main.str1.1
                0x0000000008004a48        0xa ./Core/Src/main.o
 .rodata.Initilisation_State_Handler.str1.1
                0x0000000008004a52        0xa ./Core/Src/state_Handler.o
 .rodata.AHBPrescTable
                0x0000000008004a5c       0x10 ./Core/Src/system_stm32f3xx.o
                0x0000000008004a5c                AHBPrescTable
 .rodata.APBPrescTable
                0x0000000008004a6c        0x8 ./Core/Src/system_stm32f3xx.o
                0x0000000008004a6c                APBPrescTable
 .rodata.aPLLMULFactorTable
                0x0000000008004a74       0x10 ./Drivers/STM32F3xx_HAL_Driver/Src/stm32f3xx_hal_rcc.o
                0x0000000008004a74                aPLLMULFactorTable
 .rodata.aPredivFactorTable
                0x0000000008004a84       0x10 ./Drivers/STM32F3xx_HAL_Driver/Src/stm32f3xx_hal_rcc.o
                0x0000000008004a84                aPredivFactorTable
 .rodata.CSWTCH.53
                0x0000000008004a94        0x3 ./Drivers/STM32F3xx_HAL_Driver/Src/stm32f3xx_hal_uart.o
 .rodata.__utoa.str1.1
                0x0000000008004a97       0x25 c:/st/stm32cubeide_1.8.0/stm32cubeide/plugins/com.st.stm32cube.ide.mcu.externaltools.gnu-tools-for-stm32.10.3-2021.10.win32_1.0.100.202210260954/tools/bin/../lib/gcc/arm-none-eabi/10.3.1/../../../../arm-none-eabi/lib/thumb/v7e-m+fp/hard\libc_nano.a(lib_a-utoa.o)
                0x0000000008004abc                . = ALIGN (0x4)

.rel.dyn        0x0000000008004abc        0x0
 .rel.iplt      0x0000000008004abc        0x0 c:/st/stm32cubeide_1.8.0/stm32cubeide/plugins/com.st.stm32cube.ide.mcu.externaltools.gnu-tools-for-stm32.10.3-2021.10.win32_1.0.100.202210260954/tools/bin/../lib/gcc/arm-none-eabi/10.3.1/thumb/v7e-m+fp/hard/crtbegin.o

.ARM.extab      0x0000000008004abc        0x0
                0x0000000008004abc                . = ALIGN (0x4)
 *(.ARM.extab* .gnu.linkonce.armextab.*)
                0x0000000008004abc                . = ALIGN (0x4)

.ARM            0x0000000008004abc        0x0
                0x0000000008004abc                . = ALIGN (0x4)
                0x0000000008004abc                __exidx_start = .
 *(.ARM.exidx*)
                0x0000000008004abc                __exidx_end = .
                0x0000000008004abc                . = ALIGN (0x4)

.preinit_array  0x0000000008004abc        0x0
                0x0000000008004abc                . = ALIGN (0x4)
                0x0000000008004abc                PROVIDE (__preinit_array_start = .)
 *(.preinit_array*)
                0x0000000008004abc                PROVIDE (__preinit_array_end = .)
                0x0000000008004abc                . = ALIGN (0x4)

.init_array     0x0000000008004abc        0x4
                0x0000000008004abc                . = ALIGN (0x4)
                0x0000000008004abc                PROVIDE (__init_array_start = .)
 *(SORT_BY_NAME(.init_array.*))
 *(.init_array*)
 .init_array    0x0000000008004abc        0x4 c:/st/stm32cubeide_1.8.0/stm32cubeide/plugins/com.st.stm32cube.ide.mcu.externaltools.gnu-tools-for-stm32.10.3-2021.10.win32_1.0.100.202210260954/tools/bin/../lib/gcc/arm-none-eabi/10.3.1/thumb/v7e-m+fp/hard/crtbegin.o
                0x0000000008004ac0                PROVIDE (__init_array_end = .)
                0x0000000008004ac0                . = ALIGN (0x4)

.fini_array     0x0000000008004ac0        0x4
                0x0000000008004ac0                . = ALIGN (0x4)
                [!provide]                        PROVIDE (__fini_array_start = .)
 *(SORT_BY_NAME(.fini_array.*))
 *(.fini_array*)
 .fini_array    0x0000000008004ac0        0x4 c:/st/stm32cubeide_1.8.0/stm32cubeide/plugins/com.st.stm32cube.ide.mcu.externaltools.gnu-tools-for-stm32.10.3-2021.10.win32_1.0.100.202210260954/tools/bin/../lib/gcc/arm-none-eabi/10.3.1/thumb/v7e-m+fp/hard/crtbegin.o
                [!provide]                        PROVIDE (__fini_array_end = .)
                0x0000000008004ac4                . = ALIGN (0x4)
                0x0000000008004ac4                _sidata = LOADADDR (.data)

.data           0x0000000020000000     0x18a4 load address 0x0000000008004ac4
                0x0000000020000000                . = ALIGN (0x4)
                0x0000000020000000                _sdata = .
 *(.data)
 *(.data*)
 .data.server_Add
                0x0000000020000000        0x4 ./Core/Src/TCP_IP.o
                0x0000000020000000                server_Add
 .data.Abox_Ready
                0x0000000020000004      0x800 ./Core/Src/main.o
                0x0000000020000004                Abox_Ready
 .data.Abox_not_ready
                0x0000000020000804      0x800 ./Core/Src/main.o
                0x0000000020000804                Abox_not_ready
 .data.Ping_ack
                0x0000000020001004      0x800 ./Core/Src/main.o
                0x0000000020001004                Ping_ack
 .data.sock_any_port
                0x0000000020001804        0x2 ./Core/Src/socket.o
 .data.test_states
                0x0000000020001806        0x2 ./Core/Src/state.o
                0x0000000020001806                test_states
 .data.SystemCoreClock
                0x0000000020001808        0x4 ./Core/Src/system_stm32f3xx.o
                0x0000000020001808                SystemCoreClock
 .data.WIZCHIP  0x000000002000180c       0x2c ./Core/Src/wizchip_conf.o
                0x000000002000180c                WIZCHIP
 .data.uwTickFreq
                0x0000000020001838        0x1 ./Drivers/STM32F3xx_HAL_Driver/Src/stm32f3xx_hal.o
                0x0000000020001838                uwTickFreq
 *fill*         0x0000000020001839        0x3 
 .data.uwTickPrio
                0x000000002000183c        0x4 ./Drivers/STM32F3xx_HAL_Driver/Src/stm32f3xx_hal.o
                0x000000002000183c                uwTickPrio
 .data._impure_ptr
                0x0000000020001840        0x4 c:/st/stm32cubeide_1.8.0/stm32cubeide/plugins/com.st.stm32cube.ide.mcu.externaltools.gnu-tools-for-stm32.10.3-2021.10.win32_1.0.100.202210260954/tools/bin/../lib/gcc/arm-none-eabi/10.3.1/../../../../arm-none-eabi/lib/thumb/v7e-m+fp/hard\libc_nano.a(lib_a-impure.o)
                0x0000000020001840                _impure_ptr
 .data.impure_data
                0x0000000020001844       0x60 c:/st/stm32cubeide_1.8.0/stm32cubeide/plugins/com.st.stm32cube.ide.mcu.externaltools.gnu-tools-for-stm32.10.3-2021.10.win32_1.0.100.202210260954/tools/bin/../lib/gcc/arm-none-eabi/10.3.1/../../../../arm-none-eabi/lib/thumb/v7e-m+fp/hard\libc_nano.a(lib_a-impure.o)
 *(.RamFunc)
 *(.RamFunc*)
                0x00000000200018a4                . = ALIGN (0x4)
                0x00000000200018a4                _edata = .

.igot.plt       0x00000000200018a4        0x0 load address 0x0000000008006368
 .igot.plt      0x00000000200018a4        0x0 c:/st/stm32cubeide_1.8.0/stm32cubeide/plugins/com.st.stm32cube.ide.mcu.externaltools.gnu-tools-for-stm32.10.3-2021.10.win32_1.0.100.202210260954/tools/bin/../lib/gcc/arm-none-eabi/10.3.1/thumb/v7e-m+fp/hard/crtbegin.o
                0x00000000200018a4                . = ALIGN (0x4)

.bss            0x00000000200018a4     0x1e50 load address 0x0000000008006368
                0x00000000200018a4                _sbss = .
                0x00000000200018a4                __bss_start__ = _sbss
 *(.bss)
 .bss           0x00000000200018a4       0x1c c:/st/stm32cubeide_1.8.0/stm32cubeide/plugins/com.st.stm32cube.ide.mcu.externaltools.gnu-tools-for-stm32.10.3-2021.10.win32_1.0.100.202210260954/tools/bin/../lib/gcc/arm-none-eabi/10.3.1/thumb/v7e-m+fp/hard/crtbegin.o
 *(.bss*)
 .bss.Entry_flag
                0x00000000200018c0        0x2 ./Core/Src/Interrupt_Services.o
                0x00000000200018c0                Entry_flag
 *fill*         0x00000000200018c2        0x2 
 .bss.FCT_Counts
                0x00000000200018c4        0x4 ./Core/Src/Interrupt_Services.o
                0x00000000200018c4                FCT_Counts
 .bss.FCT_Instant
                0x00000000200018c8        0x4 ./Core/Src/Interrupt_Services.o
                0x00000000200018c8                FCT_Instant
 .bss.Lt_Rt_flag
                0x00000000200018cc        0x2 ./Core/Src/Interrupt_Services.o
                0x00000000200018cc                Lt_Rt_flag
 .bss.Receive_Buffer
                0x00000000200018ce       0xff ./Core/Src/Interrupt_Services.o
                0x00000000200018ce                Receive_Buffer
 *fill*         0x00000000200019cd        0x1 
 .bss.Rt_Lt_flag
                0x00000000200019ce        0x2 ./Core/Src/Interrupt_Services.o
                0x00000000200019ce                Rt_Lt_flag
 .bss.WL_Counts
                0x00000000200019d0        0x4 ./Core/Src/Interrupt_Services.o
                0x00000000200019d0                WL_Counts
 .bss.WL_Instant
                0x00000000200019d4        0x4 ./Core/Src/Interrupt_Services.o
                0x00000000200019d4                WL_Instant
 .bss.WR_Counts
                0x00000000200019d8        0x4 ./Core/Src/Interrupt_Services.o
                0x00000000200019d8                WR_Counts
 .bss.WR_Instant
                0x00000000200019dc        0x4 ./Core/Src/Interrupt_Services.o
                0x00000000200019dc                WR_Instant
 .bss.FCT_Count_Bulletin
                0x00000000200019e0        0xa ./Core/Src/Save_Data.o
                0x00000000200019e0                FCT_Count_Bulletin
 .bss.WL_Count_Bulletin
                0x00000000200019ea        0xa ./Core/Src/Save_Data.o
                0x00000000200019ea                WL_Count_Bulletin
 .bss.WL_Ring_Bulletin
                0x00000000200019f4        0xa ./Core/Src/Save_Data.o
                0x00000000200019f4                WL_Ring_Bulletin
 *fill*         0x00000000200019fe        0x2 
 .bss.WL_Ring_Unit
                0x0000000020001a00        0x4 ./Core/Src/Save_Data.o
                0x0000000020001a00                WL_Ring_Unit
 .bss.WL_Roller
                0x0000000020001a04        0x1 ./Core/Src/Save_Data.o
                0x0000000020001a04                WL_Roller
 .bss.WR_Count_Bulletin
                0x0000000020001a05        0xa ./Core/Src/Save_Data.o
                0x0000000020001a05                WR_Count_Bulletin
 *fill*         0x0000000020001a0f        0x1 
 .bss.WR_Ring_Bulletin
                0x0000000020001a10       0x28 ./Core/Src/Save_Data.o
                0x0000000020001a10                WR_Ring_Bulletin
 .bss.WR_Ring_Unit
                0x0000000020001a38        0x4 ./Core/Src/Save_Data.o
                0x0000000020001a38                WR_Ring_Unit
 .bss.WR_Roller
                0x0000000020001a3c        0x1 ./Core/Src/Save_Data.o
                0x0000000020001a3c                WR_Roller
 .bss.Connect_Reply
                0x0000000020001a3d        0x1 ./Core/Src/TCP_IP.o
                0x0000000020001a3d                Connect_Reply
 .bss.Phy_TCP_IP
                0x0000000020001a3e        0x1 ./Core/Src/TCP_IP.o
                0x0000000020001a3e                Phy_TCP_IP
 .bss.test_Events
                0x0000000020001a3f        0x2 ./Core/Src/event.o
                0x0000000020001a3f                test_Events
 *fill*         0x0000000020001a41        0x3 
 .bss.PortStatus
                0x0000000020001a44        0x4 ./Core/Src/main.o
                0x0000000020001a44                PortStatus
 .bss.Recv_Cmd  0x0000000020001a48      0x800 ./Core/Src/main.o
                0x0000000020001a48                Recv_Cmd
 .bss.Recv_Ping
                0x0000000020002248      0x800 ./Core/Src/main.o
                0x0000000020002248                Recv_Ping
 .bss.count     0x0000000020002a48        0x4 ./Core/Src/main.o
                0x0000000020002a48                count
 .bss.hrtc      0x0000000020002a4c       0x20 ./Core/Src/main.o
                0x0000000020002a4c                hrtc
 .bss.hspi2     0x0000000020002a6c       0x64 ./Core/Src/main.o
                0x0000000020002a6c                hspi2
 .bss.hspi3     0x0000000020002ad0       0x64 ./Core/Src/main.o
                0x0000000020002ad0                hspi3
 .bss.htim16    0x0000000020002b34       0x4c ./Core/Src/main.o
                0x0000000020002b34                htim16
 .bss.htim17    0x0000000020002b80       0x4c ./Core/Src/main.o
                0x0000000020002b80                htim17
 .bss.htim2     0x0000000020002bcc       0x4c ./Core/Src/main.o
                0x0000000020002bcc                htim2
 .bss.htim6     0x0000000020002c18       0x4c ./Core/Src/main.o
                0x0000000020002c18                htim6
 .bss.huart2    0x0000000020002c64       0x84 ./Core/Src/main.o
                0x0000000020002c64                huart2
 .bss.remote    0x0000000020002ce8        0x1 ./Core/Src/main.o
                0x0000000020002ce8                remote
 .bss.remotePort
                0x0000000020002ce9        0x1 ./Core/Src/main.o
                0x0000000020002ce9                remotePort
 *fill*         0x0000000020002cea        0x2 
 .bss.tim16_count
                0x0000000020002cec        0x4 ./Core/Src/main.o
                0x0000000020002cec                tim16_count
 .bss.tim17_count
                0x0000000020002cf0        0x4 ./Core/Src/main.o
                0x0000000020002cf0                tim17_count
 .bss.Physical_Connection
                0x0000000020002cf4        0x1 ./Core/Src/socket.o
                0x0000000020002cf4                Physical_Connection
 *fill*         0x0000000020002cf5        0x1 
 .bss.sock_io_mode
                0x0000000020002cf6        0x2 ./Core/Src/socket.o
 .bss.sock_is_sending
                0x0000000020002cf8        0x2 ./Core/Src/socket.o
 .bss.sock_pack_info
                0x0000000020002cfa        0x8 ./Core/Src/socket.o
                0x0000000020002cfa                sock_pack_info
 .bss.sock_remained_size
                0x0000000020002d02       0x10 ./Core/Src/socket.o
 *fill*         0x0000000020002d12        0x2 
 .bss.FCT_Ring  0x0000000020002d14       0x20 ./Core/Src/state_Handler.o
                0x0000000020002d14                FCT_Ring
 .bss.FCT_Samples
                0x0000000020002d34      0x320 ./Core/Src/state_Handler.o
                0x0000000020002d34                FCT_Samples
 .bss.WL_Ring   0x0000000020003054       0x20 ./Core/Src/state_Handler.o
                0x0000000020003054                WL_Ring
 .bss.WL_Samples
                0x0000000020003074      0x320 ./Core/Src/state_Handler.o
                0x0000000020003074                WL_Samples
 .bss.WR_Ring   0x0000000020003394       0x20 ./Core/Src/state_Handler.o
                0x0000000020003394                WR_Ring
 .bss.WR_Samples
                0x00000000200033b4      0x320 ./Core/Src/state_Handler.o
                0x00000000200033b4                WR_Samples
 .bss.__sbrk_heap_end
                0x00000000200036d4        0x4 ./Core/Src/sysmem.o
 .bss._DHCP_    0x00000000200036d8        0x1 ./Core/Src/wizchip_conf.o
 .bss._DNS_     0x00000000200036d9        0x4 ./Core/Src/wizchip_conf.o
 *fill*         0x00000000200036dd        0x3 
 .bss.uwTick    0x00000000200036e0        0x4 ./Drivers/STM32F3xx_HAL_Driver/Src/stm32f3xx_hal.o
                0x00000000200036e0                uwTick
 .bss.__malloc_free_list
                0x00000000200036e4        0x4 c:/st/stm32cubeide_1.8.0/stm32cubeide/plugins/com.st.stm32cube.ide.mcu.externaltools.gnu-tools-for-stm32.10.3-2021.10.win32_1.0.100.202210260954/tools/bin/../lib/gcc/arm-none-eabi/10.3.1/../../../../arm-none-eabi/lib/thumb/v7e-m+fp/hard\libc_nano.a(lib_a-nano-mallocr.o)
                0x00000000200036e4                __malloc_free_list
 .bss.__malloc_sbrk_start
                0x00000000200036e8        0x4 c:/st/stm32cubeide_1.8.0/stm32cubeide/plugins/com.st.stm32cube.ide.mcu.externaltools.gnu-tools-for-stm32.10.3-2021.10.win32_1.0.100.202210260954/tools/bin/../lib/gcc/arm-none-eabi/10.3.1/../../../../arm-none-eabi/lib/thumb/v7e-m+fp/hard\libc_nano.a(lib_a-nano-mallocr.o)
                0x00000000200036e8                __malloc_sbrk_start
 .bss.errno     0x00000000200036ec        0x4 c:/st/stm32cubeide_1.8.0/stm32cubeide/plugins/com.st.stm32cube.ide.mcu.externaltools.gnu-tools-for-stm32.10.3-2021.10.win32_1.0.100.202210260954/tools/bin/../lib/gcc/arm-none-eabi/10.3.1/../../../../arm-none-eabi/lib/thumb/v7e-m+fp/hard\libc_nano.a(lib_a-reent.o)
                0x00000000200036ec                errno
 .bss.__lock___malloc_recursive_mutex
                0x00000000200036f0        0x1 c:/st/stm32cubeide_1.8.0/stm32cubeide/plugins/com.st.stm32cube.ide.mcu.externaltools.gnu-tools-for-stm32.10.3-2021.10.win32_1.0.100.202210260954/tools/bin/../lib/gcc/arm-none-eabi/10.3.1/../../../../arm-none-eabi/lib/thumb/v7e-m+fp/hard\libc_nano.a(lib_a-lock.o)
                0x00000000200036f0                __lock___malloc_recursive_mutex
 *(COMMON)
                0x00000000200036f4                . = ALIGN (0x4)
 *fill*         0x00000000200036f1        0x3 
                0x00000000200036f4                _ebss = .
                0x00000000200036f4                __bss_end__ = _ebss

._user_heap_stack
                0x00000000200036f4      0x604 load address 0x0000000008006368
                0x00000000200036f8                . = ALIGN (0x8)
 *fill*         0x00000000200036f4        0x4 
                [!provide]                        PROVIDE (end = .)
                0x00000000200036f8                PROVIDE (_end = .)
                0x00000000200038f8                . = (. + _Min_Heap_Size)
 *fill*         0x00000000200036f8      0x200 
                0x0000000020003cf8                . = (. + _Min_Stack_Size)
 *fill*         0x00000000200038f8      0x400 
                0x0000000020003cf8                . = ALIGN (0x8)

/DISCARD/
 libc.a(*)
 libm.a(*)
 libgcc.a(*)

.ARM.attributes
                0x0000000000000000       0x30
 *(.ARM.attributes)
 .ARM.attributes
                0x0000000000000000       0x1e c:/st/stm32cubeide_1.8.0/stm32cubeide/plugins/com.st.stm32cube.ide.mcu.externaltools.gnu-tools-for-stm32.10.3-2021.10.win32_1.0.100.202210260954/tools/bin/../lib/gcc/arm-none-eabi/10.3.1/thumb/v7e-m+fp/hard/crti.o
 .ARM.attributes
                0x000000000000001e       0x34 c:/st/stm32cubeide_1.8.0/stm32cubeide/plugins/com.st.stm32cube.ide.mcu.externaltools.gnu-tools-for-stm32.10.3-2021.10.win32_1.0.100.202210260954/tools/bin/../lib/gcc/arm-none-eabi/10.3.1/thumb/v7e-m+fp/hard/crtbegin.o
 .ARM.attributes
                0x0000000000000052       0x34 ./Core/Src/Interrupt_Services.o
 .ARM.attributes
                0x0000000000000086       0x34 ./Core/Src/Save_Data.o
 .ARM.attributes
                0x00000000000000ba       0x34 ./Core/Src/TCP_IP.o
 .ARM.attributes
                0x00000000000000ee       0x34 ./Core/Src/event.o
 .ARM.attributes
                0x0000000000000122       0x34 ./Core/Src/main.o
 .ARM.attributes
                0x0000000000000156       0x34 ./Core/Src/ring.o
 .ARM.attributes
                0x000000000000018a       0x34 ./Core/Src/socket.o
 .ARM.attributes
                0x00000000000001be       0x34 ./Core/Src/state.o
 .ARM.attributes
                0x00000000000001f2       0x34 ./Core/Src/state_Handler.o
 .ARM.attributes
                0x0000000000000226       0x34 ./Core/Src/stm32f3xx_hal_msp.o
 .ARM.attributes
                0x000000000000025a       0x34 ./Core/Src/stm32f3xx_it.o
 .ARM.attributes
                0x000000000000028e       0x34 ./Core/Src/sysmem.o
 .ARM.attributes
                0x00000000000002c2       0x34 ./Core/Src/system_stm32f3xx.o
 .ARM.attributes
                0x00000000000002f6       0x34 ./Core/Src/w5500.o
 .ARM.attributes
                0x000000000000032a       0x34 ./Core/Src/wizchip_conf.o
 .ARM.attributes
                0x000000000000035e       0x21 ./Core/Startup/startup_stm32f301c8tx.o
 .ARM.attributes
                0x000000000000037f       0x34 ./Drivers/STM32F3xx_HAL_Driver/Src/stm32f3xx_hal.o
 .ARM.attributes
                0x00000000000003b3       0x34 ./Drivers/STM32F3xx_HAL_Driver/Src/stm32f3xx_hal_cortex.o
 .ARM.attributes
                0x00000000000003e7       0x34 ./Drivers/STM32F3xx_HAL_Driver/Src/stm32f3xx_hal_gpio.o
 .ARM.attributes
                0x000000000000041b       0x34 ./Drivers/STM32F3xx_HAL_Driver/Src/stm32f3xx_hal_pwr.o
 .ARM.attributes
                0x000000000000044f       0x34 ./Drivers/STM32F3xx_HAL_Driver/Src/stm32f3xx_hal_rcc.o
 .ARM.attributes
                0x0000000000000483       0x34 ./Drivers/STM32F3xx_HAL_Driver/Src/stm32f3xx_hal_rcc_ex.o
 .ARM.attributes
                0x00000000000004b7       0x34 ./Drivers/STM32F3xx_HAL_Driver/Src/stm32f3xx_hal_rtc.o
 .ARM.attributes
                0x00000000000004eb       0x34 ./Drivers/STM32F3xx_HAL_Driver/Src/stm32f3xx_hal_rtc_ex.o
 .ARM.attributes
                0x000000000000051f       0x34 ./Drivers/STM32F3xx_HAL_Driver/Src/stm32f3xx_hal_spi.o
 .ARM.attributes
                0x0000000000000553       0x34 ./Drivers/STM32F3xx_HAL_Driver/Src/stm32f3xx_hal_tim.o
 .ARM.attributes
                0x0000000000000587       0x34 ./Drivers/STM32F3xx_HAL_Driver/Src/stm32f3xx_hal_tim_ex.o
 .ARM.attributes
                0x00000000000005bb       0x34 ./Drivers/STM32F3xx_HAL_Driver/Src/stm32f3xx_hal_uart.o
 .ARM.attributes
                0x00000000000005ef       0x34 c:/st/stm32cubeide_1.8.0/stm32cubeide/plugins/com.st.stm32cube.ide.mcu.externaltools.gnu-tools-for-stm32.10.3-2021.10.win32_1.0.100.202210260954/tools/bin/../lib/gcc/arm-none-eabi/10.3.1/../../../../arm-none-eabi/lib/thumb/v7e-m+fp/hard\libc_nano.a(lib_a-errno.o)
 .ARM.attributes
                0x0000000000000623       0x34 c:/st/stm32cubeide_1.8.0/stm32cubeide/plugins/com.st.stm32cube.ide.mcu.externaltools.gnu-tools-for-stm32.10.3-2021.10.win32_1.0.100.202210260954/tools/bin/../lib/gcc/arm-none-eabi/10.3.1/../../../../arm-none-eabi/lib/thumb/v7e-m+fp/hard\libc_nano.a(lib_a-impure.o)
 .ARM.attributes
                0x0000000000000657       0x34 c:/st/stm32cubeide_1.8.0/stm32cubeide/plugins/com.st.stm32cube.ide.mcu.externaltools.gnu-tools-for-stm32.10.3-2021.10.win32_1.0.100.202210260954/tools/bin/../lib/gcc/arm-none-eabi/10.3.1/../../../../arm-none-eabi/lib/thumb/v7e-m+fp/hard\libc_nano.a(lib_a-init.o)
 .ARM.attributes
                0x000000000000068b       0x34 c:/st/stm32cubeide_1.8.0/stm32cubeide/plugins/com.st.stm32cube.ide.mcu.externaltools.gnu-tools-for-stm32.10.3-2021.10.win32_1.0.100.202210260954/tools/bin/../lib/gcc/arm-none-eabi/10.3.1/../../../../arm-none-eabi/lib/thumb/v7e-m+fp/hard\libc_nano.a(lib_a-itoa.o)
 .ARM.attributes
                0x00000000000006bf       0x34 c:/st/stm32cubeide_1.8.0/stm32cubeide/plugins/com.st.stm32cube.ide.mcu.externaltools.gnu-tools-for-stm32.10.3-2021.10.win32_1.0.100.202210260954/tools/bin/../lib/gcc/arm-none-eabi/10.3.1/../../../../arm-none-eabi/lib/thumb/v7e-m+fp/hard\libc_nano.a(lib_a-malloc.o)
 .ARM.attributes
                0x00000000000006f3       0x34 c:/st/stm32cubeide_1.8.0/stm32cubeide/plugins/com.st.stm32cube.ide.mcu.externaltools.gnu-tools-for-stm32.10.3-2021.10.win32_1.0.100.202210260954/tools/bin/../lib/gcc/arm-none-eabi/10.3.1/../../../../arm-none-eabi/lib/thumb/v7e-m+fp/hard\libc_nano.a(lib_a-memcpy-stub.o)
 .ARM.attributes
                0x0000000000000727       0x34 c:/st/stm32cubeide_1.8.0/stm32cubeide/plugins/com.st.stm32cube.ide.mcu.externaltools.gnu-tools-for-stm32.10.3-2021.10.win32_1.0.100.202210260954/tools/bin/../lib/gcc/arm-none-eabi/10.3.1/../../../../arm-none-eabi/lib/thumb/v7e-m+fp/hard\libc_nano.a(lib_a-memset.o)
 .ARM.attributes
                0x000000000000075b       0x34 c:/st/stm32cubeide_1.8.0/stm32cubeide/plugins/com.st.stm32cube.ide.mcu.externaltools.gnu-tools-for-stm32.10.3-2021.10.win32_1.0.100.202210260954/tools/bin/../lib/gcc/arm-none-eabi/10.3.1/../../../../arm-none-eabi/lib/thumb/v7e-m+fp/hard\libc_nano.a(lib_a-nano-freer.o)
 .ARM.attributes
                0x000000000000078f       0x34 c:/st/stm32cubeide_1.8.0/stm32cubeide/plugins/com.st.stm32cube.ide.mcu.externaltools.gnu-tools-for-stm32.10.3-2021.10.win32_1.0.100.202210260954/tools/bin/../lib/gcc/arm-none-eabi/10.3.1/../../../../arm-none-eabi/lib/thumb/v7e-m+fp/hard\libc_nano.a(lib_a-nano-mallocr.o)
 .ARM.attributes
                0x00000000000007c3       0x34 c:/st/stm32cubeide_1.8.0/stm32cubeide/plugins/com.st.stm32cube.ide.mcu.externaltools.gnu-tools-for-stm32.10.3-2021.10.win32_1.0.100.202210260954/tools/bin/../lib/gcc/arm-none-eabi/10.3.1/../../../../arm-none-eabi/lib/thumb/v7e-m+fp/hard\libc_nano.a(lib_a-sbrkr.o)
 .ARM.attributes
                0x00000000000007f7       0x34 c:/st/stm32cubeide_1.8.0/stm32cubeide/plugins/com.st.stm32cube.ide.mcu.externaltools.gnu-tools-for-stm32.10.3-2021.10.win32_1.0.100.202210260954/tools/bin/../lib/gcc/arm-none-eabi/10.3.1/../../../../arm-none-eabi/lib/thumb/v7e-m+fp/hard\libc_nano.a(lib_a-strcat.o)
 .ARM.attributes
                0x000000000000082b       0x1c c:/st/stm32cubeide_1.8.0/stm32cubeide/plugins/com.st.stm32cube.ide.mcu.externaltools.gnu-tools-for-stm32.10.3-2021.10.win32_1.0.100.202210260954/tools/bin/../lib/gcc/arm-none-eabi/10.3.1/../../../../arm-none-eabi/lib/thumb/v7e-m+fp/hard\libc_nano.a(lib_a-strcmp.o)
 .ARM.attributes
                0x0000000000000847       0x34 c:/st/stm32cubeide_1.8.0/stm32cubeide/plugins/com.st.stm32cube.ide.mcu.externaltools.gnu-tools-for-stm32.10.3-2021.10.win32_1.0.100.202210260954/tools/bin/../lib/gcc/arm-none-eabi/10.3.1/../../../../arm-none-eabi/lib/thumb/v7e-m+fp/hard\libc_nano.a(lib_a-strcpy.o)
 .ARM.attributes
                0x000000000000087b       0x17 c:/st/stm32cubeide_1.8.0/stm32cubeide/plugins/com.st.stm32cube.ide.mcu.externaltools.gnu-tools-for-stm32.10.3-2021.10.win32_1.0.100.202210260954/tools/bin/../lib/gcc/arm-none-eabi/10.3.1/../../../../arm-none-eabi/lib/thumb/v7e-m+fp/hard\libc_nano.a(lib_a-strlen.o)
 .ARM.attributes
                0x0000000000000892       0x34 c:/st/stm32cubeide_1.8.0/stm32cubeide/plugins/com.st.stm32cube.ide.mcu.externaltools.gnu-tools-for-stm32.10.3-2021.10.win32_1.0.100.202210260954/tools/bin/../lib/gcc/arm-none-eabi/10.3.1/../../../../arm-none-eabi/lib/thumb/v7e-m+fp/hard\libc_nano.a(lib_a-utoa.o)
 .ARM.attributes
                0x00000000000008c6       0x34 c:/st/stm32cubeide_1.8.0/stm32cubeide/plugins/com.st.stm32cube.ide.mcu.externaltools.gnu-tools-for-stm32.10.3-2021.10.win32_1.0.100.202210260954/tools/bin/../lib/gcc/arm-none-eabi/10.3.1/../../../../arm-none-eabi/lib/thumb/v7e-m+fp/hard\libc_nano.a(lib_a-mlock.o)
 .ARM.attributes
                0x00000000000008fa       0x34 c:/st/stm32cubeide_1.8.0/stm32cubeide/plugins/com.st.stm32cube.ide.mcu.externaltools.gnu-tools-for-stm32.10.3-2021.10.win32_1.0.100.202210260954/tools/bin/../lib/gcc/arm-none-eabi/10.3.1/../../../../arm-none-eabi/lib/thumb/v7e-m+fp/hard\libc_nano.a(lib_a-reent.o)
 .ARM.attributes
                0x000000000000092e       0x34 c:/st/stm32cubeide_1.8.0/stm32cubeide/plugins/com.st.stm32cube.ide.mcu.externaltools.gnu-tools-for-stm32.10.3-2021.10.win32_1.0.100.202210260954/tools/bin/../lib/gcc/arm-none-eabi/10.3.1/../../../../arm-none-eabi/lib/thumb/v7e-m+fp/hard\libc_nano.a(lib_a-lock.o)
 .ARM.attributes
                0x0000000000000962       0x1e c:/st/stm32cubeide_1.8.0/stm32cubeide/plugins/com.st.stm32cube.ide.mcu.externaltools.gnu-tools-for-stm32.10.3-2021.10.win32_1.0.100.202210260954/tools/bin/../lib/gcc/arm-none-eabi/10.3.1/thumb/v7e-m+fp/hard/crtn.o
OUTPUT(Basic_State_Machine_Embedded.elf elf32-littlearm)
LOAD linker stubs
LOAD c:/st/stm32cubeide_1.8.0/stm32cubeide/plugins/com.st.stm32cube.ide.mcu.externaltools.gnu-tools-for-stm32.10.3-2021.10.win32_1.0.100.202210260954/tools/bin/../lib/gcc/arm-none-eabi/10.3.1/../../../../arm-none-eabi/lib/thumb/v7e-m+fp/hard\libc.a
LOAD c:/st/stm32cubeide_1.8.0/stm32cubeide/plugins/com.st.stm32cube.ide.mcu.externaltools.gnu-tools-for-stm32.10.3-2021.10.win32_1.0.100.202210260954/tools/bin/../lib/gcc/arm-none-eabi/10.3.1/../../../../arm-none-eabi/lib/thumb/v7e-m+fp/hard\libm.a
LOAD c:/st/stm32cubeide_1.8.0/stm32cubeide/plugins/com.st.stm32cube.ide.mcu.externaltools.gnu-tools-for-stm32.10.3-2021.10.win32_1.0.100.202210260954/tools/bin/../lib/gcc/arm-none-eabi/10.3.1/thumb/v7e-m+fp/hard\libgcc.a

.comment        0x0000000000000000       0x50
 .comment       0x0000000000000000       0x50 ./Core/Src/Interrupt_Services.o
                                         0x51 (size before relaxing)
 .comment       0x0000000000000050       0x51 ./Core/Src/Save_Data.o
 .comment       0x0000000000000050       0x51 ./Core/Src/TCP_IP.o
 .comment       0x0000000000000050       0x51 ./Core/Src/event.o
 .comment       0x0000000000000050       0x51 ./Core/Src/main.o
 .comment       0x0000000000000050       0x51 ./Core/Src/ring.o
 .comment       0x0000000000000050       0x51 ./Core/Src/socket.o
 .comment       0x0000000000000050       0x51 ./Core/Src/state.o
 .comment       0x0000000000000050       0x51 ./Core/Src/state_Handler.o
 .comment       0x0000000000000050       0x51 ./Core/Src/stm32f3xx_hal_msp.o
 .comment       0x0000000000000050       0x51 ./Core/Src/stm32f3xx_it.o
 .comment       0x0000000000000050       0x51 ./Core/Src/sysmem.o
 .comment       0x0000000000000050       0x51 ./Core/Src/system_stm32f3xx.o
 .comment       0x0000000000000050       0x51 ./Core/Src/w5500.o
 .comment       0x0000000000000050       0x51 ./Core/Src/wizchip_conf.o
 .comment       0x0000000000000050       0x51 ./Drivers/STM32F3xx_HAL_Driver/Src/stm32f3xx_hal.o
 .comment       0x0000000000000050       0x51 ./Drivers/STM32F3xx_HAL_Driver/Src/stm32f3xx_hal_cortex.o
 .comment       0x0000000000000050       0x51 ./Drivers/STM32F3xx_HAL_Driver/Src/stm32f3xx_hal_gpio.o
 .comment       0x0000000000000050       0x51 ./Drivers/STM32F3xx_HAL_Driver/Src/stm32f3xx_hal_pwr.o
 .comment       0x0000000000000050       0x51 ./Drivers/STM32F3xx_HAL_Driver/Src/stm32f3xx_hal_rcc.o
 .comment       0x0000000000000050       0x51 ./Drivers/STM32F3xx_HAL_Driver/Src/stm32f3xx_hal_rcc_ex.o
 .comment       0x0000000000000050       0x51 ./Drivers/STM32F3xx_HAL_Driver/Src/stm32f3xx_hal_rtc.o
 .comment       0x0000000000000050       0x51 ./Drivers/STM32F3xx_HAL_Driver/Src/stm32f3xx_hal_rtc_ex.o
 .comment       0x0000000000000050       0x51 ./Drivers/STM32F3xx_HAL_Driver/Src/stm32f3xx_hal_spi.o
 .comment       0x0000000000000050       0x51 ./Drivers/STM32F3xx_HAL_Driver/Src/stm32f3xx_hal_tim.o
 .comment       0x0000000000000050       0x51 ./Drivers/STM32F3xx_HAL_Driver/Src/stm32f3xx_hal_tim_ex.o
 .comment       0x0000000000000050       0x51 ./Drivers/STM32F3xx_HAL_Driver/Src/stm32f3xx_hal_uart.o

.debug_frame    0x0000000000000000      0x398
 .debug_frame   0x0000000000000000       0x20 c:/st/stm32cubeide_1.8.0/stm32cubeide/plugins/com.st.stm32cube.ide.mcu.externaltools.gnu-tools-for-stm32.10.3-2021.10.win32_1.0.100.202210260954/tools/bin/../lib/gcc/arm-none-eabi/10.3.1/../../../../arm-none-eabi/lib/thumb/v7e-m+fp/hard\libc_nano.a(lib_a-errno.o)
 .debug_frame   0x0000000000000020       0x2c c:/st/stm32cubeide_1.8.0/stm32cubeide/plugins/com.st.stm32cube.ide.mcu.externaltools.gnu-tools-for-stm32.10.3-2021.10.win32_1.0.100.202210260954/tools/bin/../lib/gcc/arm-none-eabi/10.3.1/../../../../arm-none-eabi/lib/thumb/v7e-m+fp/hard\libc_nano.a(lib_a-init.o)
 .debug_frame   0x000000000000004c       0x38 c:/st/stm32cubeide_1.8.0/stm32cubeide/plugins/com.st.stm32cube.ide.mcu.externaltools.gnu-tools-for-stm32.10.3-2021.10.win32_1.0.100.202210260954/tools/bin/../lib/gcc/arm-none-eabi/10.3.1/../../../../arm-none-eabi/lib/thumb/v7e-m+fp/hard\libc_nano.a(lib_a-itoa.o)
 .debug_frame   0x0000000000000084       0x30 c:/st/stm32cubeide_1.8.0/stm32cubeide/plugins/com.st.stm32cube.ide.mcu.externaltools.gnu-tools-for-stm32.10.3-2021.10.win32_1.0.100.202210260954/tools/bin/../lib/gcc/arm-none-eabi/10.3.1/../../../../arm-none-eabi/lib/thumb/v7e-m+fp/hard\libc_nano.a(lib_a-malloc.o)
 .debug_frame   0x00000000000000b4       0x28 c:/st/stm32cubeide_1.8.0/stm32cubeide/plugins/com.st.stm32cube.ide.mcu.externaltools.gnu-tools-for-stm32.10.3-2021.10.win32_1.0.100.202210260954/tools/bin/../lib/gcc/arm-none-eabi/10.3.1/../../../../arm-none-eabi/lib/thumb/v7e-m+fp/hard\libc_nano.a(lib_a-memcpy-stub.o)
 .debug_frame   0x00000000000000dc       0x20 c:/st/stm32cubeide_1.8.0/stm32cubeide/plugins/com.st.stm32cube.ide.mcu.externaltools.gnu-tools-for-stm32.10.3-2021.10.win32_1.0.100.202210260954/tools/bin/../lib/gcc/arm-none-eabi/10.3.1/../../../../arm-none-eabi/lib/thumb/v7e-m+fp/hard\libc_nano.a(lib_a-memset.o)
 .debug_frame   0x00000000000000fc       0x38 c:/st/stm32cubeide_1.8.0/stm32cubeide/plugins/com.st.stm32cube.ide.mcu.externaltools.gnu-tools-for-stm32.10.3-2021.10.win32_1.0.100.202210260954/tools/bin/../lib/gcc/arm-none-eabi/10.3.1/../../../../arm-none-eabi/lib/thumb/v7e-m+fp/hard\libc_nano.a(lib_a-nano-freer.o)
 .debug_frame   0x0000000000000134       0x4c c:/st/stm32cubeide_1.8.0/stm32cubeide/plugins/com.st.stm32cube.ide.mcu.externaltools.gnu-tools-for-stm32.10.3-2021.10.win32_1.0.100.202210260954/tools/bin/../lib/gcc/arm-none-eabi/10.3.1/../../../../arm-none-eabi/lib/thumb/v7e-m+fp/hard\libc_nano.a(lib_a-nano-mallocr.o)
 .debug_frame   0x0000000000000180       0x2c c:/st/stm32cubeide_1.8.0/stm32cubeide/plugins/com.st.stm32cube.ide.mcu.externaltools.gnu-tools-for-stm32.10.3-2021.10.win32_1.0.100.202210260954/tools/bin/../lib/gcc/arm-none-eabi/10.3.1/../../../../arm-none-eabi/lib/thumb/v7e-m+fp/hard\libc_nano.a(lib_a-sbrkr.o)
 .debug_frame   0x00000000000001ac       0x28 c:/st/stm32cubeide_1.8.0/stm32cubeide/plugins/com.st.stm32cube.ide.mcu.externaltools.gnu-tools-for-stm32.10.3-2021.10.win32_1.0.100.202210260954/tools/bin/../lib/gcc/arm-none-eabi/10.3.1/../../../../arm-none-eabi/lib/thumb/v7e-m+fp/hard\libc_nano.a(lib_a-strcat.o)
 .debug_frame   0x00000000000001d4       0x20 c:/st/stm32cubeide_1.8.0/stm32cubeide/plugins/com.st.stm32cube.ide.mcu.externaltools.gnu-tools-for-stm32.10.3-2021.10.win32_1.0.100.202210260954/tools/bin/../lib/gcc/arm-none-eabi/10.3.1/../../../../arm-none-eabi/lib/thumb/v7e-m+fp/hard\libc_nano.a(lib_a-strcmp.o)
 .debug_frame   0x00000000000001f4       0x20 c:/st/stm32cubeide_1.8.0/stm32cubeide/plugins/com.st.stm32cube.ide.mcu.externaltools.gnu-tools-for-stm32.10.3-2021.10.win32_1.0.100.202210260954/tools/bin/../lib/gcc/arm-none-eabi/10.3.1/../../../../arm-none-eabi/lib/thumb/v7e-m+fp/hard\libc_nano.a(lib_a-strcpy.o)
 .debug_frame   0x0000000000000214       0x48 c:/st/stm32cubeide_1.8.0/stm32cubeide/plugins/com.st.stm32cube.ide.mcu.externaltools.gnu-tools-for-stm32.10.3-2021.10.win32_1.0.100.202210260954/tools/bin/../lib/gcc/arm-none-eabi/10.3.1/../../../../arm-none-eabi/lib/thumb/v7e-m+fp/hard\libc_nano.a(lib_a-utoa.o)
 .debug_frame   0x000000000000025c       0x30 c:/st/stm32cubeide_1.8.0/stm32cubeide/plugins/com.st.stm32cube.ide.mcu.externaltools.gnu-tools-for-stm32.10.3-2021.10.win32_1.0.100.202210260954/tools/bin/../lib/gcc/arm-none-eabi/10.3.1/../../../../arm-none-eabi/lib/thumb/v7e-m+fp/hard\libc_nano.a(lib_a-mlock.o)
 .debug_frame   0x000000000000028c       0x5c c:/st/stm32cubeide_1.8.0/stm32cubeide/plugins/com.st.stm32cube.ide.mcu.externaltools.gnu-tools-for-stm32.10.3-2021.10.win32_1.0.100.202210260954/tools/bin/../lib/gcc/arm-none-eabi/10.3.1/../../../../arm-none-eabi/lib/thumb/v7e-m+fp/hard\libc_nano.a(lib_a-reent.o)
 .debug_frame   0x00000000000002e8       0xb0 c:/st/stm32cubeide_1.8.0/stm32cubeide/plugins/com.st.stm32cube.ide.mcu.externaltools.gnu-tools-for-stm32.10.3-2021.10.win32_1.0.100.202210260954/tools/bin/../lib/gcc/arm-none-eabi/10.3.1/../../../../arm-none-eabi/lib/thumb/v7e-m+fp/hard\libc_nano.a(lib_a-lock.o)
